[11:12:11] Generando rutas candidatas (inicio)
[11:12:14] EstadoGlobalMutableProblemaPlanificacion: Rutas para pedidos pendientes, cantidad:675
[11:12:14] planificar: Iteración 0: quedan 108 pedidos pendientes
[11:12:14] rutasConDestinoCompartido: [[34185], [2558], [34245], [2564], [34066], [2547], [34126], [2553], [34186], [2559], [34246], [2565], [34067], [34127], [34187], [70485], [6188], [70306], [6171], [70366], [6177], [70426], [6183], [70486], [6189]]
[11:12:15] Pedido: PedidoParaAlgoritmo{id=96, idAlmacenDestino=27, pedidas=129, entregadas=0, programadas=0, restante o pendientes=129, registro=2025-10-19T08:35:00Z, instanteEntregaMax=2025-10-21T08:35:00Z}
[11:12:15] Ruta: [34185]
[11:12:15] Último vuelo: VueloEntidad{id=34185, inicio=2025-10-27T18:28:00Z, fin=2025-10-28T13:38:00Z, idAlmacenOrigen=5, idAlmacenDestino=27, capacidadMaximaProductos=340, capacidadOcupadaProductos=0, capacidadSinOcupar=340}
[11:12:15] Ruta: [2558]
[11:12:15] Último vuelo: VueloEntidad{id=2558, inicio=2025-10-27T18:28:00Z, fin=2025-10-28T13:38:00Z, idAlmacenOrigen=5, idAlmacenDestino=27, capacidadMaximaProductos=340, capacidadOcupadaProductos=0, capacidadSinOcupar=340}
[11:12:15] Ruta: [34245]
[11:12:15] Último vuelo: VueloEntidad{id=34245, inicio=2025-10-28T00:38:00Z, fin=2025-10-28T19:48:00Z, idAlmacenOrigen=5, idAlmacenDestino=27, capacidadMaximaProductos=360, capacidadOcupadaProductos=0, capacidadSinOcupar=360}
[11:12:15] Ruta: [2564]
[11:12:15] Último vuelo: VueloEntidad{id=2564, inicio=2025-10-28T00:38:00Z, fin=2025-10-28T19:48:00Z, idAlmacenOrigen=5, idAlmacenDestino=27, capacidadMaximaProductos=360, capacidadOcupadaProductos=0, capacidadSinOcupar=360}
[11:12:15] Ruta: [34066]
[11:12:15] Último vuelo: VueloEntidad{id=34066, inicio=2025-10-28T09:58:00Z, fin=2025-10-29T04:08:00Z, idAlmacenOrigen=5, idAlmacenDestino=27, capacidadMaximaProductos=320, capacidadOcupadaProductos=0, capacidadSinOcupar=320}
[11:12:15] Ruta: [2547]
[11:12:15] Último vuelo: VueloEntidad{id=2547, inicio=2025-10-28T09:58:00Z, fin=2025-10-29T04:08:00Z, idAlmacenOrigen=5, idAlmacenDestino=27, capacidadMaximaProductos=320, capacidadOcupadaProductos=0, capacidadSinOcupar=320}
[11:12:15] Ruta: [34126]
[11:12:15] Último vuelo: VueloEntidad{id=34126, inicio=2025-10-28T12:16:00Z, fin=2025-10-29T07:26:00Z, idAlmacenOrigen=5, idAlmacenDestino=27, capacidadMaximaProductos=300, capacidadOcupadaProductos=0, capacidadSinOcupar=300}
[11:12:15] Ruta: [2553]
[11:12:15] Último vuelo: VueloEntidad{id=2553, inicio=2025-10-28T12:16:00Z, fin=2025-10-29T07:26:00Z, idAlmacenOrigen=5, idAlmacenDestino=27, capacidadMaximaProductos=300, capacidadOcupadaProductos=0, capacidadSinOcupar=300}
[11:12:15] Ruta: [34186]
[11:12:15] Último vuelo: VueloEntidad{id=34186, inicio=2025-10-28T18:28:00Z, fin=2025-10-29T13:38:00Z, idAlmacenOrigen=5, idAlmacenDestino=27, capacidadMaximaProductos=340, capacidadOcupadaProductos=0, capacidadSinOcupar=340}
[11:12:15] Ruta: [2559]
[11:12:15] Último vuelo: VueloEntidad{id=2559, inicio=2025-10-28T18:28:00Z, fin=2025-10-29T13:38:00Z, idAlmacenOrigen=5, idAlmacenDestino=27, capacidadMaximaProductos=340, capacidadOcupadaProductos=0, capacidadSinOcupar=340}
[11:12:15] Ruta: [34246]
[11:12:15] Último vuelo: VueloEntidad{id=34246, inicio=2025-10-29T00:38:00Z, fin=2025-10-29T19:48:00Z, idAlmacenOrigen=5, idAlmacenDestino=27, capacidadMaximaProductos=360, capacidadOcupadaProductos=0, capacidadSinOcupar=360}
[11:12:15] Ruta: [2565]
[11:12:15] Último vuelo: VueloEntidad{id=2565, inicio=2025-10-29T00:38:00Z, fin=2025-10-29T19:48:00Z, idAlmacenOrigen=5, idAlmacenDestino=27, capacidadMaximaProductos=360, capacidadOcupadaProductos=0, capacidadSinOcupar=360}
[11:12:15] Ruta: [34067]
[11:12:15] Último vuelo: VueloEntidad{id=34067, inicio=2025-10-29T09:58:00Z, fin=2025-10-30T04:08:00Z, idAlmacenOrigen=5, idAlmacenDestino=27, capacidadMaximaProductos=320, capacidadOcupadaProductos=0, capacidadSinOcupar=320}
[11:12:15] Ruta: [34127]
[11:12:15] Último vuelo: VueloEntidad{id=34127, inicio=2025-10-29T12:16:00Z, fin=2025-10-30T07:26:00Z, idAlmacenOrigen=5, idAlmacenDestino=27, capacidadMaximaProductos=300, capacidadOcupadaProductos=0, capacidadSinOcupar=300}
[11:12:15] Ruta: [34187]
[11:12:15] Último vuelo: VueloEntidad{id=34187, inicio=2025-10-29T18:28:00Z, fin=2025-10-30T13:38:00Z, idAlmacenOrigen=5, idAlmacenDestino=27, capacidadMaximaProductos=340, capacidadOcupadaProductos=0, capacidadSinOcupar=340}
[11:12:15] Ruta: [70485]
[11:12:15] Último vuelo: VueloEntidad{id=70485, inicio=2025-10-27T17:38:00Z, fin=2025-10-28T01:17:00Z, idAlmacenOrigen=14, idAlmacenDestino=27, capacidadMaximaProductos=300, capacidadOcupadaProductos=0, capacidadSinOcupar=300}
[11:12:15] Ruta: [6188]
[11:12:15] Último vuelo: VueloEntidad{id=6188, inicio=2025-10-27T17:38:00Z, fin=2025-10-28T01:17:00Z, idAlmacenOrigen=14, idAlmacenDestino=27, capacidadMaximaProductos=300, capacidadOcupadaProductos=0, capacidadSinOcupar=300}
[11:12:15] Ruta: [70306]
[11:12:15] Último vuelo: VueloEntidad{id=70306, inicio=2025-10-28T01:39:00Z, fin=2025-10-28T09:18:00Z, idAlmacenOrigen=14, idAlmacenDestino=27, capacidadMaximaProductos=300, capacidadOcupadaProductos=0, capacidadSinOcupar=300}
[11:12:15] Ruta: [6171]
[11:12:15] Último vuelo: VueloEntidad{id=6171, inicio=2025-10-28T01:39:00Z, fin=2025-10-28T09:18:00Z, idAlmacenOrigen=14, idAlmacenDestino=27, capacidadMaximaProductos=300, capacidadOcupadaProductos=0, capacidadSinOcupar=300}
[11:12:15] Ruta: [70366]
[11:12:15] Último vuelo: VueloEntidad{id=70366, inicio=2025-10-28T06:38:00Z, fin=2025-10-28T14:17:00Z, idAlmacenOrigen=14, idAlmacenDestino=27, capacidadMaximaProductos=320, capacidadOcupadaProductos=0, capacidadSinOcupar=320}
[11:12:15] Ruta: [6177]
[11:12:15] Último vuelo: VueloEntidad{id=6177, inicio=2025-10-28T06:38:00Z, fin=2025-10-28T14:17:00Z, idAlmacenOrigen=14, idAlmacenDestino=27, capacidadMaximaProductos=320, capacidadOcupadaProductos=0, capacidadSinOcupar=320}
[11:12:15] Ruta: [70426]
[11:12:15] Último vuelo: VueloEntidad{id=70426, inicio=2025-10-28T10:24:00Z, fin=2025-10-28T18:03:00Z, idAlmacenOrigen=14, idAlmacenDestino=27, capacidadMaximaProductos=360, capacidadOcupadaProductos=0, capacidadSinOcupar=360}
[11:12:15] Ruta: [6183]
[11:12:15] Último vuelo: VueloEntidad{id=6183, inicio=2025-10-28T10:24:00Z, fin=2025-10-28T18:03:00Z, idAlmacenOrigen=14, idAlmacenDestino=27, capacidadMaximaProductos=360, capacidadOcupadaProductos=0, capacidadSinOcupar=360}
[11:12:15] Ruta: [70486]
[11:12:15] Último vuelo: VueloEntidad{id=70486, inicio=2025-10-28T17:38:00Z, fin=2025-10-29T01:17:00Z, idAlmacenOrigen=14, idAlmacenDestino=27, capacidadMaximaProductos=300, capacidadOcupadaProductos=0, capacidadSinOcupar=300}
[11:12:15] Ruta: [6189]
[11:12:15] Último vuelo: VueloEntidad{id=6189, inicio=2025-10-28T17:38:00Z, fin=2025-10-29T01:17:00Z, idAlmacenOrigen=14, idAlmacenDestino=27, capacidadMaximaProductos=300, capacidadOcupadaProductos=0, capacidadSinOcupar=300}
[11:12:15] rutasFiltradasSegunPlazoPedido: []
[11:12:15] me llegó: 0 rutas, instante act: 2025-10-27T16:12:11.479144700Z pedido: PedidoParaAlgoritmo{id=96, idAlmacenDestino=27, pedidas=129, entregadas=0, programadas=0, restante o pendientes=129, registro=2025-10-19T08:35:00Z, instanteEntregaMax=2025-10-21T08:35:00Z}
[11:12:15] puntajesPorRuta: {}
[11:12:15] construccionGRASPParaUnaRuta: RCL de rutas vacía
[11:12:15] GRASP no pudo hacer una programación más, finalizando ciclo.
[11:12:15] Planificación finalizada. Iteraciones GRASP realizadas: 0. Programaciones creadas: 0
[11:12:15] NO SE LOGRÓ PLANIFICAR TODO, COLAPSO LOGÍSTICO!!!!!!!!!!!!
