[11:02:48] Generando rutas candidatas (inicio)
[11:02:50] EstadoGlobalMutableProblemaPlanificacion: Rutas para pedidos pendientes, cantidad:675
[11:02:51] planificar: Iteración 0: quedan 108 pedidos pendientes
[11:02:51] rutasConDestinoCompartido: [[33585], [2498], [33645], [2504], [33466], [2487], [33526], [2493], [33586], [2499], [33646], [2505], [33467], [33527], [33587], [69945], [6134], [69766], [6117], [69826], [6123], [69886], [6129], [69946], [6135]]
[11:02:51] Pedido: PedidoParaAlgoritmo{id=17, idAlmacenDestino=24, pedidas=129, entregadas=0, programadas=0, restante o pendientes=129, registro=2025-10-18T03:25:00Z, instanteEntregaMax=2025-10-20T03:25:00Z}
[11:02:51] Ruta: [33585]
[11:02:51] Último vuelo: VueloEntidad{id=33585, inicio=2025-10-27T21:03:00Z, fin=2025-10-28T17:38:00Z, idAlmacenOrigen=5, idAlmacenDestino=24, capacidadMaximaProductos=320, capacidadOcupadaProductos=0, capacidadSinOcupar=320}
[11:02:51] Ruta: [2498]
[11:02:51] Último vuelo: VueloEntidad{id=2498, inicio=2025-10-27T21:03:00Z, fin=2025-10-28T17:38:00Z, idAlmacenOrigen=5, idAlmacenDestino=24, capacidadMaximaProductos=320, capacidadOcupadaProductos=0, capacidadSinOcupar=320}
[11:02:51] Ruta: [33645]
[11:02:51] Último vuelo: VueloEntidad{id=33645, inicio=2025-10-28T04:35:00Z, fin=2025-10-29T00:10:00Z, idAlmacenOrigen=5, idAlmacenDestino=24, capacidadMaximaProductos=360, capacidadOcupadaProductos=0, capacidadSinOcupar=360}
[11:02:51] Ruta: [2504]
[11:02:51] Último vuelo: VueloEntidad{id=2504, inicio=2025-10-28T04:35:00Z, fin=2025-10-29T00:10:00Z, idAlmacenOrigen=5, idAlmacenDestino=24, capacidadMaximaProductos=360, capacidadOcupadaProductos=0, capacidadSinOcupar=360}
[11:02:51] Ruta: [33466]
[11:02:51] Último vuelo: VueloEntidad{id=33466, inicio=2025-10-28T07:04:00Z, fin=2025-10-29T03:39:00Z, idAlmacenOrigen=5, idAlmacenDestino=24, capacidadMaximaProductos=340, capacidadOcupadaProductos=0, capacidadSinOcupar=340}
[11:02:51] Ruta: [2487]
[11:02:51] Último vuelo: VueloEntidad{id=2487, inicio=2025-10-28T07:04:00Z, fin=2025-10-29T03:39:00Z, idAlmacenOrigen=5, idAlmacenDestino=24, capacidadMaximaProductos=340, capacidadOcupadaProductos=0, capacidadSinOcupar=340}
[11:02:51] Ruta: [33526]
[11:02:51] Último vuelo: VueloEntidad{id=33526, inicio=2025-10-28T15:57:00Z, fin=2025-10-29T11:32:00Z, idAlmacenOrigen=5, idAlmacenDestino=24, capacidadMaximaProductos=320, capacidadOcupadaProductos=0, capacidadSinOcupar=320}
[11:02:51] Ruta: [2493]
[11:02:51] Último vuelo: VueloEntidad{id=2493, inicio=2025-10-28T15:57:00Z, fin=2025-10-29T11:32:00Z, idAlmacenOrigen=5, idAlmacenDestino=24, capacidadMaximaProductos=320, capacidadOcupadaProductos=0, capacidadSinOcupar=320}
[11:02:51] Ruta: [33586]
[11:02:51] Último vuelo: VueloEntidad{id=33586, inicio=2025-10-28T21:03:00Z, fin=2025-10-29T17:38:00Z, idAlmacenOrigen=5, idAlmacenDestino=24, capacidadMaximaProductos=320, capacidadOcupadaProductos=0, capacidadSinOcupar=320}
[11:02:51] Ruta: [2499]
[11:02:51] Último vuelo: VueloEntidad{id=2499, inicio=2025-10-28T21:03:00Z, fin=2025-10-29T17:38:00Z, idAlmacenOrigen=5, idAlmacenDestino=24, capacidadMaximaProductos=320, capacidadOcupadaProductos=0, capacidadSinOcupar=320}
[11:02:51] Ruta: [33646]
[11:02:51] Último vuelo: VueloEntidad{id=33646, inicio=2025-10-29T04:35:00Z, fin=2025-10-30T00:10:00Z, idAlmacenOrigen=5, idAlmacenDestino=24, capacidadMaximaProductos=360, capacidadOcupadaProductos=0, capacidadSinOcupar=360}
[11:02:51] Ruta: [2505]
[11:02:51] Último vuelo: VueloEntidad{id=2505, inicio=2025-10-29T04:35:00Z, fin=2025-10-30T00:10:00Z, idAlmacenOrigen=5, idAlmacenDestino=24, capacidadMaximaProductos=360, capacidadOcupadaProductos=0, capacidadSinOcupar=360}
[11:02:51] Ruta: [33467]
[11:02:51] Último vuelo: VueloEntidad{id=33467, inicio=2025-10-29T07:04:00Z, fin=2025-10-30T03:39:00Z, idAlmacenOrigen=5, idAlmacenDestino=24, capacidadMaximaProductos=340, capacidadOcupadaProductos=0, capacidadSinOcupar=340}
[11:02:51] Ruta: [33527]
[11:02:51] Último vuelo: VueloEntidad{id=33527, inicio=2025-10-29T15:57:00Z, fin=2025-10-30T11:32:00Z, idAlmacenOrigen=5, idAlmacenDestino=24, capacidadMaximaProductos=320, capacidadOcupadaProductos=0, capacidadSinOcupar=320}
[11:02:51] Ruta: [33587]
[11:02:51] Último vuelo: VueloEntidad{id=33587, inicio=2025-10-29T21:03:00Z, fin=2025-10-30T17:38:00Z, idAlmacenOrigen=5, idAlmacenDestino=24, capacidadMaximaProductos=320, capacidadOcupadaProductos=0, capacidadSinOcupar=320}
[11:02:51] Ruta: [69945]
[11:02:51] Último vuelo: VueloEntidad{id=69945, inicio=2025-10-27T19:12:00Z, fin=2025-10-28T03:41:00Z, idAlmacenOrigen=14, idAlmacenDestino=24, capacidadMaximaProductos=360, capacidadOcupadaProductos=0, capacidadSinOcupar=360}
[11:02:51] Ruta: [6134]
[11:02:51] Último vuelo: VueloEntidad{id=6134, inicio=2025-10-27T19:12:00Z, fin=2025-10-28T03:41:00Z, idAlmacenOrigen=14, idAlmacenDestino=24, capacidadMaximaProductos=360, capacidadOcupadaProductos=0, capacidadSinOcupar=360}
[11:02:51] Ruta: [69766]
[11:02:51] Último vuelo: VueloEntidad{id=69766, inicio=2025-10-27T23:51:00Z, fin=2025-10-28T07:20:00Z, idAlmacenOrigen=14, idAlmacenDestino=24, capacidadMaximaProductos=360, capacidadOcupadaProductos=0, capacidadSinOcupar=360}
[11:02:51] Ruta: [6117]
[11:02:51] Último vuelo: VueloEntidad{id=6117, inicio=2025-10-27T23:51:00Z, fin=2025-10-28T07:20:00Z, idAlmacenOrigen=14, idAlmacenDestino=24, capacidadMaximaProductos=360, capacidadOcupadaProductos=0, capacidadSinOcupar=360}
[11:02:51] Ruta: [69826]
[11:02:51] Último vuelo: VueloEntidad{id=69826, inicio=2025-10-28T09:10:00Z, fin=2025-10-28T17:39:00Z, idAlmacenOrigen=14, idAlmacenDestino=24, capacidadMaximaProductos=340, capacidadOcupadaProductos=0, capacidadSinOcupar=340}
[11:02:51] Ruta: [6123]
[11:02:51] Último vuelo: VueloEntidad{id=6123, inicio=2025-10-28T09:10:00Z, fin=2025-10-28T17:39:00Z, idAlmacenOrigen=14, idAlmacenDestino=24, capacidadMaximaProductos=340, capacidadOcupadaProductos=0, capacidadSinOcupar=340}
[11:02:51] Ruta: [69886]
[11:02:51] Último vuelo: VueloEntidad{id=69886, inicio=2025-10-28T15:21:00Z, fin=2025-10-28T23:50:00Z, idAlmacenOrigen=14, idAlmacenDestino=24, capacidadMaximaProductos=360, capacidadOcupadaProductos=0, capacidadSinOcupar=360}
[11:02:51] Ruta: [6129]
[11:02:51] Último vuelo: VueloEntidad{id=6129, inicio=2025-10-28T15:21:00Z, fin=2025-10-28T23:50:00Z, idAlmacenOrigen=14, idAlmacenDestino=24, capacidadMaximaProductos=360, capacidadOcupadaProductos=0, capacidadSinOcupar=360}
[11:02:51] Ruta: [69946]
[11:02:51] Último vuelo: VueloEntidad{id=69946, inicio=2025-10-28T19:12:00Z, fin=2025-10-29T03:41:00Z, idAlmacenOrigen=14, idAlmacenDestino=24, capacidadMaximaProductos=360, capacidadOcupadaProductos=0, capacidadSinOcupar=360}
[11:02:51] Ruta: [6135]
[11:02:51] Último vuelo: VueloEntidad{id=6135, inicio=2025-10-28T19:12:00Z, fin=2025-10-29T03:41:00Z, idAlmacenOrigen=14, idAlmacenDestino=24, capacidadMaximaProductos=360, capacidadOcupadaProductos=0, capacidadSinOcupar=360}
[11:02:51] rutasFiltradasSegunPlazoPedido: []
[11:02:51] me llegó: 0 rutas, instante act: 2025-10-27T16:02:48.760379500Z pedido: PedidoParaAlgoritmo{id=17, idAlmacenDestino=24, pedidas=129, entregadas=0, programadas=0, restante o pendientes=129, registro=2025-10-18T03:25:00Z, instanteEntregaMax=2025-10-20T03:25:00Z}
[11:02:51] puntajesPorRuta: {}
[11:02:51] construccionGRASPParaUnaRuta: RCL de rutas vacía
[11:02:51] GRASP no pudo hacer una programación más, finalizando ciclo.
[11:02:51] Planificación finalizada. Iteraciones GRASP realizadas: 0. Programaciones creadas: 0
[11:02:51] NO SE LOGRÓ PLANIFICAR TODO, COLAPSO LOGÍSTICO!!!!!!!!!!!!
