[23:13:35] Generando rutas candidatas (inicio)
[23:13:41] EstadoGlobalMutableProblemaPlanificacion: Rutas para pedidos pendientes, cantidad:675
[23:13:41] planificar: Iteración 0: quedan 108 pedidos pendientes
[23:13:41] rutasConDestinoCompartido: [[2324], [31845], [2330], [31905], [2336], [31965], [2342], [32025], [2325], [31846], [2331], [31906], [2337], [31966], [2343], [67965], [5936], [68025], [5942], [68085], [5948], [67906], [5931], [67966], [5937]]
[23:13:41] Pedido: PedidoParaAlgoritmo{id=90, idAlmacenDestino=16, pedidas=54, entregadas=0, programadas=0, restante o pendientes=54, registro=2025-10-19T14:54:00Z, instanteEntregaMax=2025-10-21T14:54:00Z}
[23:13:41] Ruta: [2324]
[23:13:41] Último vuelo: VueloEntidad{id=2324, inicio=2025-10-27T10:38:00Z, fin=2025-10-28T02:22:00Z, idAlmacenOrigen=5, idAlmacenDestino=16, capacidadMaximaProductos=360, capacidadOcupadaProductos=0, capacidadSinOcupar=360}
[23:13:41] Ruta: [31845]
[23:13:41] Último vuelo: VueloEntidad{id=31845, inicio=2025-10-27T10:38:00Z, fin=2025-10-28T02:22:00Z, idAlmacenOrigen=5, idAlmacenDestino=16, capacidadMaximaProductos=360, capacidadOcupadaProductos=0, capacidadSinOcupar=360}
[23:13:41] Ruta: [2330]
[23:13:41] Último vuelo: VueloEntidad{id=2330, inicio=2025-10-27T14:51:00Z, fin=2025-10-28T06:35:00Z, idAlmacenOrigen=5, idAlmacenDestino=16, capacidadMaximaProductos=340, capacidadOcupadaProductos=0, capacidadSinOcupar=340}
[23:13:41] Ruta: [31905]
[23:13:41] Último vuelo: VueloEntidad{id=31905, inicio=2025-10-27T14:51:00Z, fin=2025-10-28T06:35:00Z, idAlmacenOrigen=5, idAlmacenDestino=16, capacidadMaximaProductos=340, capacidadOcupadaProductos=0, capacidadSinOcupar=340}
[23:13:41] Ruta: [2336]
[23:13:41] Último vuelo: VueloEntidad{id=2336, inicio=2025-10-27T20:16:00Z, fin=2025-10-28T12:00:00Z, idAlmacenOrigen=5, idAlmacenDestino=16, capacidadMaximaProductos=340, capacidadOcupadaProductos=0, capacidadSinOcupar=340}
[23:13:41] Ruta: [31965]
[23:13:41] Último vuelo: VueloEntidad{id=31965, inicio=2025-10-27T20:16:00Z, fin=2025-10-28T12:00:00Z, idAlmacenOrigen=5, idAlmacenDestino=16, capacidadMaximaProductos=340, capacidadOcupadaProductos=0, capacidadSinOcupar=340}
[23:13:41] Ruta: [2342]
[23:13:41] Último vuelo: VueloEntidad{id=2342, inicio=2025-10-28T01:23:00Z, fin=2025-10-28T17:07:00Z, idAlmacenOrigen=5, idAlmacenDestino=16, capacidadMaximaProductos=360, capacidadOcupadaProductos=0, capacidadSinOcupar=360}
[23:13:41] Ruta: [32025]
[23:13:41] Último vuelo: VueloEntidad{id=32025, inicio=2025-10-28T01:23:00Z, fin=2025-10-28T17:07:00Z, idAlmacenOrigen=5, idAlmacenDestino=16, capacidadMaximaProductos=360, capacidadOcupadaProductos=0, capacidadSinOcupar=360}
[23:13:41] Ruta: [2325]
[23:13:41] Último vuelo: VueloEntidad{id=2325, inicio=2025-10-28T10:38:00Z, fin=2025-10-29T02:22:00Z, idAlmacenOrigen=5, idAlmacenDestino=16, capacidadMaximaProductos=360, capacidadOcupadaProductos=0, capacidadSinOcupar=360}
[23:13:41] Ruta: [31846]
[23:13:41] Último vuelo: VueloEntidad{id=31846, inicio=2025-10-28T10:38:00Z, fin=2025-10-29T02:22:00Z, idAlmacenOrigen=5, idAlmacenDestino=16, capacidadMaximaProductos=360, capacidadOcupadaProductos=0, capacidadSinOcupar=360}
[23:13:41] Ruta: [2331]
[23:13:41] Último vuelo: VueloEntidad{id=2331, inicio=2025-10-28T14:51:00Z, fin=2025-10-29T06:35:00Z, idAlmacenOrigen=5, idAlmacenDestino=16, capacidadMaximaProductos=340, capacidadOcupadaProductos=0, capacidadSinOcupar=340}
[23:13:41] Ruta: [31906]
[23:13:41] Último vuelo: VueloEntidad{id=31906, inicio=2025-10-28T14:51:00Z, fin=2025-10-29T06:35:00Z, idAlmacenOrigen=5, idAlmacenDestino=16, capacidadMaximaProductos=340, capacidadOcupadaProductos=0, capacidadSinOcupar=340}
[23:13:41] Ruta: [2337]
[23:13:41] Último vuelo: VueloEntidad{id=2337, inicio=2025-10-28T20:16:00Z, fin=2025-10-29T12:00:00Z, idAlmacenOrigen=5, idAlmacenDestino=16, capacidadMaximaProductos=340, capacidadOcupadaProductos=0, capacidadSinOcupar=340}
[23:13:41] Ruta: [31966]
[23:13:41] Último vuelo: VueloEntidad{id=31966, inicio=2025-10-28T20:16:00Z, fin=2025-10-29T12:00:00Z, idAlmacenOrigen=5, idAlmacenDestino=16, capacidadMaximaProductos=340, capacidadOcupadaProductos=0, capacidadSinOcupar=340}
[23:13:41] Ruta: [2343]
[23:13:41] Último vuelo: VueloEntidad{id=2343, inicio=2025-10-29T01:23:00Z, fin=2025-10-29T17:07:00Z, idAlmacenOrigen=5, idAlmacenDestino=16, capacidadMaximaProductos=360, capacidadOcupadaProductos=0, capacidadSinOcupar=360}
[23:13:41] Ruta: [67965]
[23:13:41] Último vuelo: VueloEntidad{id=67965, inicio=2025-10-27T09:48:00Z, fin=2025-10-27T13:57:00Z, idAlmacenOrigen=14, idAlmacenDestino=16, capacidadMaximaProductos=320, capacidadOcupadaProductos=0, capacidadSinOcupar=320}
[23:13:41] Ruta: [5936]
[23:13:41] Último vuelo: VueloEntidad{id=5936, inicio=2025-10-27T09:48:00Z, fin=2025-10-27T13:57:00Z, idAlmacenOrigen=14, idAlmacenDestino=16, capacidadMaximaProductos=320, capacidadOcupadaProductos=0, capacidadSinOcupar=320}
[23:13:41] Ruta: [68025]
[23:13:41] Último vuelo: VueloEntidad{id=68025, inicio=2025-10-27T10:40:00Z, fin=2025-10-27T14:49:00Z, idAlmacenOrigen=14, idAlmacenDestino=16, capacidadMaximaProductos=340, capacidadOcupadaProductos=0, capacidadSinOcupar=340}
[23:13:41] Ruta: [5942]
[23:13:41] Último vuelo: VueloEntidad{id=5942, inicio=2025-10-27T10:40:00Z, fin=2025-10-27T14:49:00Z, idAlmacenOrigen=14, idAlmacenDestino=16, capacidadMaximaProductos=340, capacidadOcupadaProductos=0, capacidadSinOcupar=340}
[23:13:41] Ruta: [68085]
[23:13:41] Último vuelo: VueloEntidad{id=68085, inicio=2025-10-27T17:24:00Z, fin=2025-10-27T21:33:00Z, idAlmacenOrigen=14, idAlmacenDestino=16, capacidadMaximaProductos=340, capacidadOcupadaProductos=0, capacidadSinOcupar=340}
[23:13:41] Ruta: [5948]
[23:13:41] Último vuelo: VueloEntidad{id=5948, inicio=2025-10-27T17:24:00Z, fin=2025-10-27T21:33:00Z, idAlmacenOrigen=14, idAlmacenDestino=16, capacidadMaximaProductos=340, capacidadOcupadaProductos=0, capacidadSinOcupar=340}
[23:13:41] Ruta: [67906]
[23:13:41] Último vuelo: VueloEntidad{id=67906, inicio=2025-10-28T01:36:00Z, fin=2025-10-28T05:45:00Z, idAlmacenOrigen=14, idAlmacenDestino=16, capacidadMaximaProductos=340, capacidadOcupadaProductos=0, capacidadSinOcupar=340}
[23:13:41] Ruta: [5931]
[23:13:41] Último vuelo: VueloEntidad{id=5931, inicio=2025-10-28T01:36:00Z, fin=2025-10-28T05:45:00Z, idAlmacenOrigen=14, idAlmacenDestino=16, capacidadMaximaProductos=340, capacidadOcupadaProductos=0, capacidadSinOcupar=340}
[23:13:41] Ruta: [67966]
[23:13:41] Último vuelo: VueloEntidad{id=67966, inicio=2025-10-28T09:48:00Z, fin=2025-10-28T13:57:00Z, idAlmacenOrigen=14, idAlmacenDestino=16, capacidadMaximaProductos=320, capacidadOcupadaProductos=0, capacidadSinOcupar=320}
[23:13:41] Ruta: [5937]
[23:13:41] Último vuelo: VueloEntidad{id=5937, inicio=2025-10-28T09:48:00Z, fin=2025-10-28T13:57:00Z, idAlmacenOrigen=14, idAlmacenDestino=16, capacidadMaximaProductos=320, capacidadOcupadaProductos=0, capacidadSinOcupar=320}
[23:13:41] rutasFiltradasSegunPlazoPedido: []
[23:13:41] me llegó: 0 rutas, instante act: 2025-10-27T04:13:35.641165500Z pedido: PedidoParaAlgoritmo{id=90, idAlmacenDestino=16, pedidas=54, entregadas=0, programadas=0, restante o pendientes=54, registro=2025-10-19T14:54:00Z, instanteEntregaMax=2025-10-21T14:54:00Z}
[23:13:41] puntajesPorRuta: {}
[23:13:41] construccionGRASPParaUnaRuta: RCL de rutas vacía
[23:13:41] GRASP no pudo hacer una programación más, finalizando ciclo.
[23:13:41] Planificación finalizada. Iteraciones GRASP realizadas: 0. Programaciones creadas: 0
[23:13:41] NO SE LOGRÓ PLANIFICAR TODO, COLAPSO LOGÍSTICO!!!!!!!!!!!!
