[2025-09-13T20:14:51.997278] Inicio de planificacion con varios GRASP. pedidos=6, vuelos=4, almacenes=5
[2025-09-13T20:14:52.0002846] Iteración 0: quedan 4 pedidos pendientes
[2025-09-13T20:14:52.0002846] Necesito planificar un envío...
[2025-09-13T20:14:52.0002846] Generando rutas candidatas
[2025-09-13T20:14:52.0022871] Rutas candidatas finalizadas. Total: 2
[2025-09-13T20:14:52.0022871] Rutas candidatas: 
[2025-09-13T20:14:52.0022871] Rutas:
[2025-09-13T20:14:52.0022871]    Vuelo:VueloForAlgorithm(id=1, inicio=2025-09-06T00:00:00Z, fin=2025-09-06T08:00:00Z, idAlmacenOrigen=1, idAlmacenDestino=2, capacidadMaximaProductos=100, capacidadOcupadaProductos=30, capacidadReservadaProductos=0, estado=EN_ESPERA)
[2025-09-13T20:14:52.0022871] Rutas:
[2025-09-13T20:14:52.0022871]    Vuelo:VueloForAlgorithm(id=1, inicio=2025-09-06T00:00:00Z, fin=2025-09-06T08:00:00Z, idAlmacenOrigen=1, idAlmacenDestino=2, capacidadMaximaProductos=100, capacidadOcupadaProductos=30, capacidadReservadaProductos=0, estado=EN_ESPERA)
[2025-09-13T20:14:52.0022871]    Vuelo:VueloForAlgorithm(id=2, inicio=2025-09-06T09:00:00Z, fin=2025-09-06T16:00:00Z, idAlmacenOrigen=2, idAlmacenDestino=3, capacidadMaximaProductos=100, capacidadOcupadaProductos=20, capacidadReservadaProductos=0, estado=EN_ESPERA)
[2025-09-13T20:14:52.0032543] Puntajes por ruta:
 RutaADestino(vuelosOrdenados=[VueloForAlgorithm(id=1, inicio=2025-09-06T00:00:00Z, fin=2025-09-06T08:00:00Z, idAlmacenOrigen=1, idAlmacenDestino=2, capacidadMaximaProductos=100, capacidadOcupadaProductos=30, capacidadReservadaProductos=0, estado=EN_ESPERA)]):---------------------
 0.85
RutaADestino(vuelosOrdenados=[VueloForAlgorithm(id=1, inicio=2025-09-06T00:00:00Z, fin=2025-09-06T08:00:00Z, idAlmacenOrigen=1, idAlmacenDestino=2, capacidadMaximaProductos=100, capacidadOcupadaProductos=30, capacidadReservadaProductos=0, estado=EN_ESPERA), VueloForAlgorithm(id=2, inicio=2025-09-06T09:00:00Z, fin=2025-09-06T16:00:00Z, idAlmacenOrigen=2, idAlmacenDestino=3, capacidadMaximaProductos=100, capacidadOcupadaProductos=20, capacidadReservadaProductos=0, estado=EN_ESPERA)]):---------------------
 0.4

[2025-09-13T20:14:52.0052549] Rutas que entraron a la RCL:  
RutaADestino(vuelosOrdenados=[VueloForAlgorithm(id=1, inicio=2025-09-06T00:00:00Z, fin=2025-09-06T08:00:00Z, idAlmacenOrigen=1, idAlmacenDestino=2, capacidadMaximaProductos=100, capacidadOcupadaProductos=30, capacidadReservadaProductos=0, estado=EN_ESPERA)])
RutaADestino(vuelosOrdenados=[VueloForAlgorithm(id=1, inicio=2025-09-06T00:00:00Z, fin=2025-09-06T08:00:00Z, idAlmacenOrigen=1, idAlmacenDestino=2, capacidadMaximaProductos=100, capacidadOcupadaProductos=30, capacidadReservadaProductos=0, estado=EN_ESPERA), VueloForAlgorithm(id=2, inicio=2025-09-06T09:00:00Z, fin=2025-09-06T16:00:00Z, idAlmacenOrigen=2, idAlmacenDestino=3, capacidadMaximaProductos=100, capacidadOcupadaProductos=20, capacidadReservadaProductos=0, estado=EN_ESPERA)])

[2025-09-13T20:14:52.0052549] Vuelos de la ruta Seleccionada:
 VueloForAlgorithm(id=1, inicio=2025-09-06T00:00:00Z, fin=2025-09-06T08:00:00Z, idAlmacenOrigen=1, idAlmacenDestino=2, capacidadMaximaProductos=100, capacidadOcupadaProductos=30, capacidadReservadaProductos=0, estado=EN_ESPERA)
VueloForAlgorithm(id=2, inicio=2025-09-06T09:00:00Z, fin=2025-09-06T16:00:00Z, idAlmacenOrigen=2, idAlmacenDestino=3, capacidadMaximaProductos=100, capacidadOcupadaProductos=20, capacidadReservadaProductos=0, estado=EN_ESPERA)

[2025-09-13T20:14:52.0052549] id de almacén final de la ruta: 3
[2025-09-13T20:14:52.0062543] Pedidos pendientes con el destino final: PedidoForAlgorithm(id=4, idAlmacenDestino=3, cantidadProductosPedidos=31, cantidadProductosEntregados=0, cantidadProductosProgramados=0, instanteRegistro=2025-09-20T15:30:00Z, instanteMaximoParaEntregar=null)

[2025-09-13T20:14:52.0072839] Mínima capacidad encontrada en los vuelos de la ruta que llega al destino final: 70
[2025-09-13T20:14:52.0072839] Puntajes por pedido, iteración 0: 
PedidoForAlgorithm(id=4, idAlmacenDestino=3, cantidadProductosPedidos=31, cantidadProductosEntregados=0, cantidadProductosProgramados=0, instanteRegistro=2025-09-20T15:30:00Z, instanteMaximoParaEntregar=null):---------------------
 1.0

[2025-09-13T20:14:52.0082528] Pedidos que entraron a la RCL: 
PedidoForAlgorithm(id=4, idAlmacenDestino=3, cantidadProductosPedidos=31, cantidadProductosEntregados=0, cantidadProductosProgramados=0, instanteRegistro=2025-09-20T15:30:00Z, instanteMaximoParaEntregar=null)

[2025-09-13T20:14:52.0082528] Pedido seleccionado:  
PedidoForAlgorithm(id=4, idAlmacenDestino=3, cantidadProductosPedidos=31, cantidadProductosEntregados=0, cantidadProductosProgramados=0, instanteRegistro=2025-09-20T15:30:00Z, instanteMaximoParaEntregar=null)
[2025-09-13T20:14:52.0082528] esFactible: pedido id=4 puede asignarse parcialmente. asignable=31
[2025-09-13T20:14:52.0092549] Se añadió pedido id=4 cantidad=31 al envío. Envío.cantProductos ahora=31
[2025-09-13T20:14:52.0092549] Actualizando estado temporal en memoria...
[2025-09-13T20:14:52.0092549] Capacidad disponible recalculada en la ruta: 39
[2025-09-13T20:14:52.010253] Pedido id=4 está satisfecho (remaining=0) y se elimina de pendientes.
[2025-09-13T20:14:52.010253] Pedidos removidos de pendientes: 1. Pendientes ahora: 0
[2025-09-13T20:14:52.010253] Estado temporal actualizado. capacidadDisponibleRuta=39
[2025-09-13T20:14:52.010253] cantidad de prods a llevar: 31
[2025-09-13T20:14:52.010253] La solución va luciendo así: 
EnvioSolution(cantProductos=31, idAlmacenDestino=3, fechaHoraDestino=2025-09-06T16:00:00Z, idsVuelosATomar=[1, 2], pedidosAAtenderTotalOParcialmente=[PedidoSolution(id=4, cantidadASerAtendidaDelPedido=31)]) con capacidad máxima: 39
[2025-09-13T20:14:52.010253] Ruta seleccionada produjo envío con 31 productos. Retornando envío.
[2025-09-13T20:14:52.010253] Envio construido añadido a la solución: EnvioSolution(cantProductos=31, idAlmacenDestino=3, fechaHoraDestino=2025-09-06T16:00:00Z, idsVuelosATomar=[1, 2], pedidosAAtenderTotalOParcialmente=[PedidoSolution(id=4, cantidadASerAtendidaDelPedido=31)])
[2025-09-13T20:14:52.010253] Se eliminaron 3 pedidos completamente satisfechos del pool global.
