[2025-09-07T17:44:21.9355834] Necesito planificar un envío...
[2025-09-07T17:44:21.9365845] Generando rutas candidatas
[2025-09-07T17:44:21.9385826] Rutas candidatas finalizadas. Total: 6
[2025-09-07T17:44:21.9385826] Rutas candidatas: 
[2025-09-07T17:44:21.9385826] Rutas:
[2025-09-07T17:44:21.9395857] Vuelo:VueloForAlgorithm(id=1, inicio=2025-09-06T00:00:00Z, fin=2025-09-06T08:00:00Z, idAlmacenOrigen=1, idAlmacenDestino=2, capacidadMaximaProductos=100, capacidadOcupadaProductos=0, capacidadReservadaProductos=0, estado=EN_ESPERA)
[2025-09-07T17:44:21.9395857] Rutas:
[2025-09-07T17:44:21.9395857] Vuelo:VueloForAlgorithm(id=1, inicio=2025-09-06T00:00:00Z, fin=2025-09-06T08:00:00Z, idAlmacenOrigen=1, idAlmacenDestino=2, capacidadMaximaProductos=100, capacidadOcupadaProductos=0, capacidadReservadaProductos=0, estado=EN_ESPERA)
[2025-09-07T17:44:21.9395857] Vuelo:VueloForAlgorithm(id=2, inicio=2025-09-06T09:00:00Z, fin=2025-09-06T16:00:00Z, idAlmacenOrigen=2, idAlmacenDestino=3, capacidadMaximaProductos=100, capacidadOcupadaProductos=0, capacidadReservadaProductos=0, estado=EN_ESPERA)
[2025-09-07T17:44:21.9395857] Rutas:
[2025-09-07T17:44:21.9395857] Vuelo:VueloForAlgorithm(id=1, inicio=2025-09-06T00:00:00Z, fin=2025-09-06T08:00:00Z, idAlmacenOrigen=1, idAlmacenDestino=2, capacidadMaximaProductos=100, capacidadOcupadaProductos=0, capacidadReservadaProductos=0, estado=EN_ESPERA)
[2025-09-07T17:44:21.9395857] Vuelo:VueloForAlgorithm(id=2, inicio=2025-09-06T09:00:00Z, fin=2025-09-06T16:00:00Z, idAlmacenOrigen=2, idAlmacenDestino=3, capacidadMaximaProductos=100, capacidadOcupadaProductos=0, capacidadReservadaProductos=0, estado=EN_ESPERA)
[2025-09-07T17:44:21.9395857] Vuelo:VueloForAlgorithm(id=3, inicio=2025-09-07T08:00:00Z, fin=2025-09-07T16:00:00Z, idAlmacenOrigen=3, idAlmacenDestino=4, capacidadMaximaProductos=20, capacidadOcupadaProductos=0, capacidadReservadaProductos=0, estado=EN_ESPERA)
[2025-09-07T17:44:21.9395857] Rutas:
[2025-09-07T17:44:21.9395857] Vuelo:VueloForAlgorithm(id=3, inicio=2025-09-07T08:00:00Z, fin=2025-09-07T16:00:00Z, idAlmacenOrigen=3, idAlmacenDestino=4, capacidadMaximaProductos=20, capacidadOcupadaProductos=0, capacidadReservadaProductos=0, estado=EN_ESPERA)
[2025-09-07T17:44:21.9395857] Rutas:
[2025-09-07T17:44:21.9395857] Vuelo:VueloForAlgorithm(id=1, inicio=2025-09-06T00:00:00Z, fin=2025-09-06T08:00:00Z, idAlmacenOrigen=1, idAlmacenDestino=2, capacidadMaximaProductos=100, capacidadOcupadaProductos=0, capacidadReservadaProductos=0, estado=EN_ESPERA)
[2025-09-07T17:44:21.9405836] Vuelo:VueloForAlgorithm(id=2, inicio=2025-09-06T09:00:00Z, fin=2025-09-06T16:00:00Z, idAlmacenOrigen=2, idAlmacenDestino=3, capacidadMaximaProductos=100, capacidadOcupadaProductos=0, capacidadReservadaProductos=0, estado=EN_ESPERA)
[2025-09-07T17:44:21.9405836] Vuelo:VueloForAlgorithm(id=3, inicio=2025-09-07T08:00:00Z, fin=2025-09-07T16:00:00Z, idAlmacenOrigen=3, idAlmacenDestino=4, capacidadMaximaProductos=20, capacidadOcupadaProductos=0, capacidadReservadaProductos=0, estado=EN_ESPERA)
[2025-09-07T17:44:21.9405836] Vuelo:VueloForAlgorithm(id=4, inicio=2025-09-07T20:00:00Z, fin=2025-09-07T23:00:00Z, idAlmacenOrigen=4, idAlmacenDestino=5, capacidadMaximaProductos=20, capacidadOcupadaProductos=0, capacidadReservadaProductos=0, estado=EN_ESPERA)
[2025-09-07T17:44:21.9405836] Rutas:
[2025-09-07T17:44:21.9405836] Vuelo:VueloForAlgorithm(id=3, inicio=2025-09-07T08:00:00Z, fin=2025-09-07T16:00:00Z, idAlmacenOrigen=3, idAlmacenDestino=4, capacidadMaximaProductos=20, capacidadOcupadaProductos=0, capacidadReservadaProductos=0, estado=EN_ESPERA)
[2025-09-07T17:44:21.9405836] Vuelo:VueloForAlgorithm(id=4, inicio=2025-09-07T20:00:00Z, fin=2025-09-07T23:00:00Z, idAlmacenOrigen=4, idAlmacenDestino=5, capacidadMaximaProductos=20, capacidadOcupadaProductos=0, capacidadReservadaProductos=0, estado=EN_ESPERA)
