[2025-09-07T18:46:45.1379862] Necesito planificar un envío...
[2025-09-07T18:46:45.1389882] Generando rutas candidatas
[2025-09-07T18:46:45.1409866] Rutas candidatas finalizadas. Total: 6
[2025-09-07T18:46:45.1409866] Rutas candidatas: 
[2025-09-07T18:46:45.1409866] Rutas:
[2025-09-07T18:46:45.1409866]    Vuelo:VueloForAlgorithm(id=1, inicio=2025-09-06T00:00:00Z, fin=2025-09-06T08:00:00Z, idAlmacenOrigen=1, idAlmacenDestino=2, capacidadMaximaProductos=100, capacidadOcupadaProductos=0, capacidadReservadaProductos=0, estado=EN_ESPERA)
[2025-09-07T18:46:45.1419893] Rutas:
[2025-09-07T18:46:45.1419893]    Vuelo:VueloForAlgorithm(id=1, inicio=2025-09-06T00:00:00Z, fin=2025-09-06T08:00:00Z, idAlmacenOrigen=1, idAlmacenDestino=2, capacidadMaximaProductos=100, capacidadOcupadaProductos=0, capacidadReservadaProductos=0, estado=EN_ESPERA)
[2025-09-07T18:46:45.1419893]    Vuelo:VueloForAlgorithm(id=2, inicio=2025-09-06T09:00:00Z, fin=2025-09-06T16:00:00Z, idAlmacenOrigen=2, idAlmacenDestino=3, capacidadMaximaProductos=100, capacidadOcupadaProductos=0, capacidadReservadaProductos=0, estado=EN_ESPERA)
[2025-09-07T18:46:45.1419893] Rutas:
[2025-09-07T18:46:45.1419893]    Vuelo:VueloForAlgorithm(id=1, inicio=2025-09-06T00:00:00Z, fin=2025-09-06T08:00:00Z, idAlmacenOrigen=1, idAlmacenDestino=2, capacidadMaximaProductos=100, capacidadOcupadaProductos=0, capacidadReservadaProductos=0, estado=EN_ESPERA)
[2025-09-07T18:46:45.1429883]    Vuelo:VueloForAlgorithm(id=2, inicio=2025-09-06T09:00:00Z, fin=2025-09-06T16:00:00Z, idAlmacenOrigen=2, idAlmacenDestino=3, capacidadMaximaProductos=100, capacidadOcupadaProductos=0, capacidadReservadaProductos=0, estado=EN_ESPERA)
[2025-09-07T18:46:45.1429883]    Vuelo:VueloForAlgorithm(id=3, inicio=2025-09-07T08:00:00Z, fin=2025-09-07T16:00:00Z, idAlmacenOrigen=3, idAlmacenDestino=4, capacidadMaximaProductos=20, capacidadOcupadaProductos=0, capacidadReservadaProductos=0, estado=EN_ESPERA)
[2025-09-07T18:46:45.1429883] Rutas:
[2025-09-07T18:46:45.1429883]    Vuelo:VueloForAlgorithm(id=3, inicio=2025-09-07T08:00:00Z, fin=2025-09-07T16:00:00Z, idAlmacenOrigen=3, idAlmacenDestino=4, capacidadMaximaProductos=20, capacidadOcupadaProductos=0, capacidadReservadaProductos=0, estado=EN_ESPERA)
[2025-09-07T18:46:45.1429883] Rutas:
[2025-09-07T18:46:45.1429883]    Vuelo:VueloForAlgorithm(id=1, inicio=2025-09-06T00:00:00Z, fin=2025-09-06T08:00:00Z, idAlmacenOrigen=1, idAlmacenDestino=2, capacidadMaximaProductos=100, capacidadOcupadaProductos=0, capacidadReservadaProductos=0, estado=EN_ESPERA)
[2025-09-07T18:46:45.1429883]    Vuelo:VueloForAlgorithm(id=2, inicio=2025-09-06T09:00:00Z, fin=2025-09-06T16:00:00Z, idAlmacenOrigen=2, idAlmacenDestino=3, capacidadMaximaProductos=100, capacidadOcupadaProductos=0, capacidadReservadaProductos=0, estado=EN_ESPERA)
[2025-09-07T18:46:45.1429883]    Vuelo:VueloForAlgorithm(id=3, inicio=2025-09-07T08:00:00Z, fin=2025-09-07T16:00:00Z, idAlmacenOrigen=3, idAlmacenDestino=4, capacidadMaximaProductos=20, capacidadOcupadaProductos=0, capacidadReservadaProductos=0, estado=EN_ESPERA)
[2025-09-07T18:46:45.1439892]    Vuelo:VueloForAlgorithm(id=4, inicio=2025-09-07T20:00:00Z, fin=2025-09-07T23:00:00Z, idAlmacenOrigen=4, idAlmacenDestino=5, capacidadMaximaProductos=20, capacidadOcupadaProductos=0, capacidadReservadaProductos=0, estado=EN_ESPERA)
[2025-09-07T18:46:45.1439892] Rutas:
[2025-09-07T18:46:45.1439892]    Vuelo:VueloForAlgorithm(id=3, inicio=2025-09-07T08:00:00Z, fin=2025-09-07T16:00:00Z, idAlmacenOrigen=3, idAlmacenDestino=4, capacidadMaximaProductos=20, capacidadOcupadaProductos=0, capacidadReservadaProductos=0, estado=EN_ESPERA)
[2025-09-07T18:46:45.1439892]    Vuelo:VueloForAlgorithm(id=4, inicio=2025-09-07T20:00:00Z, fin=2025-09-07T23:00:00Z, idAlmacenOrigen=4, idAlmacenDestino=5, capacidadMaximaProductos=20, capacidadOcupadaProductos=0, capacidadReservadaProductos=0, estado=EN_ESPERA)
[2025-09-07T18:46:45.145987] Puntajes por ruta:
 RutaADestino(vuelosOrdenados=[VueloForAlgorithm(id=1, inicio=2025-09-06T00:00:00Z, fin=2025-09-06T08:00:00Z, idAlmacenOrigen=1, idAlmacenDestino=2, capacidadMaximaProductos=100, capacidadOcupadaProductos=0, capacidadReservadaProductos=0, estado=EN_ESPERA), VueloForAlgorithm(id=2, inicio=2025-09-06T09:00:00Z, fin=2025-09-06T16:00:00Z, idAlmacenOrigen=2, idAlmacenDestino=3, capacidadMaximaProductos=100, capacidadOcupadaProductos=0, capacidadReservadaProductos=0, estado=EN_ESPERA)]):---------------------
 0.7698717948717948
RutaADestino(vuelosOrdenados=[VueloForAlgorithm(id=3, inicio=2025-09-07T08:00:00Z, fin=2025-09-07T16:00:00Z, idAlmacenOrigen=3, idAlmacenDestino=4, capacidadMaximaProductos=20, capacidadOcupadaProductos=0, capacidadReservadaProductos=0, estado=EN_ESPERA)]):---------------------
 0.3128205128205128
RutaADestino(vuelosOrdenados=[VueloForAlgorithm(id=3, inicio=2025-09-07T08:00:00Z, fin=2025-09-07T16:00:00Z, idAlmacenOrigen=3, idAlmacenDestino=4, capacidadMaximaProductos=20, capacidadOcupadaProductos=0, capacidadReservadaProductos=0, estado=EN_ESPERA), VueloForAlgorithm(id=4, inicio=2025-09-07T20:00:00Z, fin=2025-09-07T23:00:00Z, idAlmacenOrigen=4, idAlmacenDestino=5, capacidadMaximaProductos=20, capacidadOcupadaProductos=0, capacidadReservadaProductos=0, estado=EN_ESPERA)]):---------------------
 0.31666666666666665
RutaADestino(vuelosOrdenados=[VueloForAlgorithm(id=1, inicio=2025-09-06T00:00:00Z, fin=2025-09-06T08:00:00Z, idAlmacenOrigen=1, idAlmacenDestino=2, capacidadMaximaProductos=100, capacidadOcupadaProductos=0, capacidadReservadaProductos=0, estado=EN_ESPERA)]):---------------------
 0.8875
RutaADestino(vuelosOrdenados=[VueloForAlgorithm(id=1, inicio=2025-09-06T00:00:00Z, fin=2025-09-06T08:00:00Z, idAlmacenOrigen=1, idAlmacenDestino=2, capacidadMaximaProductos=100, capacidadOcupadaProductos=0, capacidadReservadaProductos=0, estado=EN_ESPERA), VueloForAlgorithm(id=2, inicio=2025-09-06T09:00:00Z, fin=2025-09-06T16:00:00Z, idAlmacenOrigen=2, idAlmacenDestino=3, capacidadMaximaProductos=100, capacidadOcupadaProductos=0, capacidadReservadaProductos=0, estado=EN_ESPERA), VueloForAlgorithm(id=3, inicio=2025-09-07T08:00:00Z, fin=2025-09-07T16:00:00Z, idAlmacenOrigen=3, idAlmacenDestino=4, capacidadMaximaProductos=20, capacidadOcupadaProductos=0, capacidadReservadaProductos=0, estado=EN_ESPERA)]):---------------------
 0.1461538461538462
RutaADestino(vuelosOrdenados=[VueloForAlgorithm(id=1, inicio=2025-09-06T00:00:00Z, fin=2025-09-06T08:00:00Z, idAlmacenOrigen=1, idAlmacenDestino=2, capacidadMaximaProductos=100, capacidadOcupadaProductos=0, capacidadReservadaProductos=0, estado=EN_ESPERA), VueloForAlgorithm(id=2, inicio=2025-09-06T09:00:00Z, fin=2025-09-06T16:00:00Z, idAlmacenOrigen=2, idAlmacenDestino=3, capacidadMaximaProductos=100, capacidadOcupadaProductos=0, capacidadReservadaProductos=0, estado=EN_ESPERA), VueloForAlgorithm(id=3, inicio=2025-09-07T08:00:00Z, fin=2025-09-07T16:00:00Z, idAlmacenOrigen=3, idAlmacenDestino=4, capacidadMaximaProductos=20, capacidadOcupadaProductos=0, capacidadReservadaProductos=0, estado=EN_ESPERA), VueloForAlgorithm(id=4, inicio=2025-09-07T20:00:00Z, fin=2025-09-07T23:00:00Z, idAlmacenOrigen=4, idAlmacenDestino=5, capacidadMaximaProductos=20, capacidadOcupadaProductos=0, capacidadReservadaProductos=0, estado=EN_ESPERA)]):---------------------
 0.15

[2025-09-07T18:46:45.145987] Vuelos de la ruta Seleccionada:
 VueloForAlgorithm(id=1, inicio=2025-09-06T00:00:00Z, fin=2025-09-06T08:00:00Z, idAlmacenOrigen=1, idAlmacenDestino=2, capacidadMaximaProductos=100, capacidadOcupadaProductos=0, capacidadReservadaProductos=0, estado=EN_ESPERA)
VueloForAlgorithm(id=2, inicio=2025-09-06T09:00:00Z, fin=2025-09-06T16:00:00Z, idAlmacenOrigen=2, idAlmacenDestino=3, capacidadMaximaProductos=100, capacidadOcupadaProductos=0, capacidadReservadaProductos=0, estado=EN_ESPERA)

[2025-09-07T18:46:45.145987] id de almacén final de la ruta: 3
[2025-09-07T18:46:45.1469868] Pedidos pendientes con el destino final: PedidoForAlgorithm(id=2, idAlmacenDestino=3, cantidadProductosPedidos=20, cantidadProductosEntregados=0, cantidadProductosProgramados=0, instanteRegistro=2025-09-05T00:00:00Z, instanteMaximoParaEntregar=2025-09-08T03:00:00Z)

[2025-09-07T18:46:45.1479871] Mínima capacidad encontrada en los vuelos: 100
