[2025-09-07T23:22:21.2049116] Inicio de planificacion con varios GRASP. pedidos=3, vuelos=4, almacenes=5
[2025-09-07T23:22:21.207942] Iteración 0: quedan 3 pedidos pendientes
[2025-09-07T23:22:21.207942] Necesito planificar un envío...
[2025-09-07T23:22:21.207942] Generando rutas candidatas
[2025-09-07T23:22:21.2099112] Rutas candidatas finalizadas. Total: 6
[2025-09-07T23:22:21.2099112] Rutas candidatas: 
[2025-09-07T23:22:21.2099112] Rutas:
[2025-09-07T23:22:21.2099112]    Vuelo:VueloForAlgorithm(id=1, inicio=2025-09-06T00:00:00Z, fin=2025-09-06T08:00:00Z, idAlmacenOrigen=1, idAlmacenDestino=2, capacidadMaximaProductos=100, capacidadOcupadaProductos=0, capacidadReservadaProductos=0, estado=EN_ESPERA)
[2025-09-07T23:22:21.2109127] Rutas:
[2025-09-07T23:22:21.2109127]    Vuelo:VueloForAlgorithm(id=1, inicio=2025-09-06T00:00:00Z, fin=2025-09-06T08:00:00Z, idAlmacenOrigen=1, idAlmacenDestino=2, capacidadMaximaProductos=100, capacidadOcupadaProductos=0, capacidadReservadaProductos=0, estado=EN_ESPERA)
[2025-09-07T23:22:21.2109127]    Vuelo:VueloForAlgorithm(id=2, inicio=2025-09-06T09:00:00Z, fin=2025-09-06T16:00:00Z, idAlmacenOrigen=2, idAlmacenDestino=3, capacidadMaximaProductos=100, capacidadOcupadaProductos=0, capacidadReservadaProductos=0, estado=EN_ESPERA)
[2025-09-07T23:22:21.2109127] Rutas:
[2025-09-07T23:22:21.2109127]    Vuelo:VueloForAlgorithm(id=1, inicio=2025-09-06T00:00:00Z, fin=2025-09-06T08:00:00Z, idAlmacenOrigen=1, idAlmacenDestino=2, capacidadMaximaProductos=100, capacidadOcupadaProductos=0, capacidadReservadaProductos=0, estado=EN_ESPERA)
[2025-09-07T23:22:21.2109127]    Vuelo:VueloForAlgorithm(id=2, inicio=2025-09-06T09:00:00Z, fin=2025-09-06T16:00:00Z, idAlmacenOrigen=2, idAlmacenDestino=3, capacidadMaximaProductos=100, capacidadOcupadaProductos=0, capacidadReservadaProductos=0, estado=EN_ESPERA)
[2025-09-07T23:22:21.2109127]    Vuelo:VueloForAlgorithm(id=3, inicio=2025-09-07T08:00:00Z, fin=2025-09-07T16:00:00Z, idAlmacenOrigen=3, idAlmacenDestino=4, capacidadMaximaProductos=20, capacidadOcupadaProductos=0, capacidadReservadaProductos=0, estado=EN_ESPERA)
[2025-09-07T23:22:21.2109127] Rutas:
[2025-09-07T23:22:21.2109127]    Vuelo:VueloForAlgorithm(id=3, inicio=2025-09-07T08:00:00Z, fin=2025-09-07T16:00:00Z, idAlmacenOrigen=3, idAlmacenDestino=4, capacidadMaximaProductos=20, capacidadOcupadaProductos=0, capacidadReservadaProductos=0, estado=EN_ESPERA)
[2025-09-07T23:22:21.2109127] Rutas:
[2025-09-07T23:22:21.2109127]    Vuelo:VueloForAlgorithm(id=1, inicio=2025-09-06T00:00:00Z, fin=2025-09-06T08:00:00Z, idAlmacenOrigen=1, idAlmacenDestino=2, capacidadMaximaProductos=100, capacidadOcupadaProductos=0, capacidadReservadaProductos=0, estado=EN_ESPERA)
[2025-09-07T23:22:21.2109127]    Vuelo:VueloForAlgorithm(id=2, inicio=2025-09-06T09:00:00Z, fin=2025-09-06T16:00:00Z, idAlmacenOrigen=2, idAlmacenDestino=3, capacidadMaximaProductos=100, capacidadOcupadaProductos=0, capacidadReservadaProductos=0, estado=EN_ESPERA)
[2025-09-07T23:22:21.2119427]    Vuelo:VueloForAlgorithm(id=3, inicio=2025-09-07T08:00:00Z, fin=2025-09-07T16:00:00Z, idAlmacenOrigen=3, idAlmacenDestino=4, capacidadMaximaProductos=20, capacidadOcupadaProductos=0, capacidadReservadaProductos=0, estado=EN_ESPERA)
[2025-09-07T23:22:21.2119427]    Vuelo:VueloForAlgorithm(id=4, inicio=2025-09-07T20:00:00Z, fin=2025-09-07T23:00:00Z, idAlmacenOrigen=4, idAlmacenDestino=5, capacidadMaximaProductos=20, capacidadOcupadaProductos=0, capacidadReservadaProductos=0, estado=EN_ESPERA)
[2025-09-07T23:22:21.2119427] Rutas:
[2025-09-07T23:22:21.2119427]    Vuelo:VueloForAlgorithm(id=3, inicio=2025-09-07T08:00:00Z, fin=2025-09-07T16:00:00Z, idAlmacenOrigen=3, idAlmacenDestino=4, capacidadMaximaProductos=20, capacidadOcupadaProductos=0, capacidadReservadaProductos=0, estado=EN_ESPERA)
[2025-09-07T23:22:21.2119427]    Vuelo:VueloForAlgorithm(id=4, inicio=2025-09-07T20:00:00Z, fin=2025-09-07T23:00:00Z, idAlmacenOrigen=4, idAlmacenDestino=5, capacidadMaximaProductos=20, capacidadOcupadaProductos=0, capacidadReservadaProductos=0, estado=EN_ESPERA)
[2025-09-07T23:22:21.2129427] Puntajes por ruta:
 RutaADestino(vuelosOrdenados=[VueloForAlgorithm(id=1, inicio=2025-09-06T00:00:00Z, fin=2025-09-06T08:00:00Z, idAlmacenOrigen=1, idAlmacenDestino=2, capacidadMaximaProductos=100, capacidadOcupadaProductos=0, capacidadReservadaProductos=0, estado=EN_ESPERA), VueloForAlgorithm(id=2, inicio=2025-09-06T09:00:00Z, fin=2025-09-06T16:00:00Z, idAlmacenOrigen=2, idAlmacenDestino=3, capacidadMaximaProductos=100, capacidadOcupadaProductos=0, capacidadReservadaProductos=0, estado=EN_ESPERA)]):---------------------
 0.7698717948717948
RutaADestino(vuelosOrdenados=[VueloForAlgorithm(id=1, inicio=2025-09-06T00:00:00Z, fin=2025-09-06T08:00:00Z, idAlmacenOrigen=1, idAlmacenDestino=2, capacidadMaximaProductos=100, capacidadOcupadaProductos=0, capacidadReservadaProductos=0, estado=EN_ESPERA), VueloForAlgorithm(id=2, inicio=2025-09-06T09:00:00Z, fin=2025-09-06T16:00:00Z, idAlmacenOrigen=2, idAlmacenDestino=3, capacidadMaximaProductos=100, capacidadOcupadaProductos=0, capacidadReservadaProductos=0, estado=EN_ESPERA), VueloForAlgorithm(id=3, inicio=2025-09-07T08:00:00Z, fin=2025-09-07T16:00:00Z, idAlmacenOrigen=3, idAlmacenDestino=4, capacidadMaximaProductos=20, capacidadOcupadaProductos=0, capacidadReservadaProductos=0, estado=EN_ESPERA)]):---------------------
 0.1461538461538462
RutaADestino(vuelosOrdenados=[VueloForAlgorithm(id=1, inicio=2025-09-06T00:00:00Z, fin=2025-09-06T08:00:00Z, idAlmacenOrigen=1, idAlmacenDestino=2, capacidadMaximaProductos=100, capacidadOcupadaProductos=0, capacidadReservadaProductos=0, estado=EN_ESPERA), VueloForAlgorithm(id=2, inicio=2025-09-06T09:00:00Z, fin=2025-09-06T16:00:00Z, idAlmacenOrigen=2, idAlmacenDestino=3, capacidadMaximaProductos=100, capacidadOcupadaProductos=0, capacidadReservadaProductos=0, estado=EN_ESPERA), VueloForAlgorithm(id=3, inicio=2025-09-07T08:00:00Z, fin=2025-09-07T16:00:00Z, idAlmacenOrigen=3, idAlmacenDestino=4, capacidadMaximaProductos=20, capacidadOcupadaProductos=0, capacidadReservadaProductos=0, estado=EN_ESPERA), VueloForAlgorithm(id=4, inicio=2025-09-07T20:00:00Z, fin=2025-09-07T23:00:00Z, idAlmacenOrigen=4, idAlmacenDestino=5, capacidadMaximaProductos=20, capacidadOcupadaProductos=0, capacidadReservadaProductos=0, estado=EN_ESPERA)]):---------------------
 0.15
RutaADestino(vuelosOrdenados=[VueloForAlgorithm(id=3, inicio=2025-09-07T08:00:00Z, fin=2025-09-07T16:00:00Z, idAlmacenOrigen=3, idAlmacenDestino=4, capacidadMaximaProductos=20, capacidadOcupadaProductos=0, capacidadReservadaProductos=0, estado=EN_ESPERA), VueloForAlgorithm(id=4, inicio=2025-09-07T20:00:00Z, fin=2025-09-07T23:00:00Z, idAlmacenOrigen=4, idAlmacenDestino=5, capacidadMaximaProductos=20, capacidadOcupadaProductos=0, capacidadReservadaProductos=0, estado=EN_ESPERA)]):---------------------
 0.31666666666666665
RutaADestino(vuelosOrdenados=[VueloForAlgorithm(id=3, inicio=2025-09-07T08:00:00Z, fin=2025-09-07T16:00:00Z, idAlmacenOrigen=3, idAlmacenDestino=4, capacidadMaximaProductos=20, capacidadOcupadaProductos=0, capacidadReservadaProductos=0, estado=EN_ESPERA)]):---------------------
 0.3128205128205128
RutaADestino(vuelosOrdenados=[VueloForAlgorithm(id=1, inicio=2025-09-06T00:00:00Z, fin=2025-09-06T08:00:00Z, idAlmacenOrigen=1, idAlmacenDestino=2, capacidadMaximaProductos=100, capacidadOcupadaProductos=0, capacidadReservadaProductos=0, estado=EN_ESPERA)]):---------------------
 0.8875

[2025-09-07T23:22:21.2149418] Rutas que entraron a la RCL:  
RutaADestino(vuelosOrdenados=[VueloForAlgorithm(id=1, inicio=2025-09-06T00:00:00Z, fin=2025-09-06T08:00:00Z, idAlmacenOrigen=1, idAlmacenDestino=2, capacidadMaximaProductos=100, capacidadOcupadaProductos=0, capacidadReservadaProductos=0, estado=EN_ESPERA)])
RutaADestino(vuelosOrdenados=[VueloForAlgorithm(id=1, inicio=2025-09-06T00:00:00Z, fin=2025-09-06T08:00:00Z, idAlmacenOrigen=1, idAlmacenDestino=2, capacidadMaximaProductos=100, capacidadOcupadaProductos=0, capacidadReservadaProductos=0, estado=EN_ESPERA), VueloForAlgorithm(id=2, inicio=2025-09-06T09:00:00Z, fin=2025-09-06T16:00:00Z, idAlmacenOrigen=2, idAlmacenDestino=3, capacidadMaximaProductos=100, capacidadOcupadaProductos=0, capacidadReservadaProductos=0, estado=EN_ESPERA)])
RutaADestino(vuelosOrdenados=[VueloForAlgorithm(id=3, inicio=2025-09-07T08:00:00Z, fin=2025-09-07T16:00:00Z, idAlmacenOrigen=3, idAlmacenDestino=4, capacidadMaximaProductos=20, capacidadOcupadaProductos=0, capacidadReservadaProductos=0, estado=EN_ESPERA), VueloForAlgorithm(id=4, inicio=2025-09-07T20:00:00Z, fin=2025-09-07T23:00:00Z, idAlmacenOrigen=4, idAlmacenDestino=5, capacidadMaximaProductos=20, capacidadOcupadaProductos=0, capacidadReservadaProductos=0, estado=EN_ESPERA)])
RutaADestino(vuelosOrdenados=[VueloForAlgorithm(id=3, inicio=2025-09-07T08:00:00Z, fin=2025-09-07T16:00:00Z, idAlmacenOrigen=3, idAlmacenDestino=4, capacidadMaximaProductos=20, capacidadOcupadaProductos=0, capacidadReservadaProductos=0, estado=EN_ESPERA)])

[2025-09-07T23:22:21.2149418] Vuelos de la ruta Seleccionada:
 VueloForAlgorithm(id=3, inicio=2025-09-07T08:00:00Z, fin=2025-09-07T16:00:00Z, idAlmacenOrigen=3, idAlmacenDestino=4, capacidadMaximaProductos=20, capacidadOcupadaProductos=0, capacidadReservadaProductos=0, estado=EN_ESPERA)

[2025-09-07T23:22:21.2149418] id de almacén final de la ruta: 4
[2025-09-07T23:22:21.2149418] No hay pedidos pendientes para destino 4 -> null
[2025-09-07T23:22:21.2159571] Vuelos de la ruta Seleccionada:
 VueloForAlgorithm(id=1, inicio=2025-09-06T00:00:00Z, fin=2025-09-06T08:00:00Z, idAlmacenOrigen=1, idAlmacenDestino=2, capacidadMaximaProductos=100, capacidadOcupadaProductos=0, capacidadReservadaProductos=0, estado=EN_ESPERA)
VueloForAlgorithm(id=2, inicio=2025-09-06T09:00:00Z, fin=2025-09-06T16:00:00Z, idAlmacenOrigen=2, idAlmacenDestino=3, capacidadMaximaProductos=100, capacidadOcupadaProductos=0, capacidadReservadaProductos=0, estado=EN_ESPERA)

[2025-09-07T23:22:21.2159571] id de almacén final de la ruta: 3
[2025-09-07T23:22:21.2159571] Pedidos pendientes con el destino final: PedidoForAlgorithm(id=2, idAlmacenDestino=3, cantidadProductosPedidos=20, cantidadProductosEntregados=0, cantidadProductosProgramados=0, instanteRegistro=2025-09-05T00:00:00Z, instanteMaximoParaEntregar=2025-09-08T03:00:00Z)

[2025-09-07T23:22:21.2179501] Mínima capacidad encontrada en los vuelos de la ruta que llega al destino final: 100
[2025-09-07T23:22:21.2189116] Puntajes por pedido, iteración 0: 
PedidoForAlgorithm(id=2, idAlmacenDestino=3, cantidadProductosPedidos=20, cantidadProductosEntregados=0, cantidadProductosProgramados=0, instanteRegistro=2025-09-05T00:00:00Z, instanteMaximoParaEntregar=2025-09-08T03:00:00Z):---------------------
 1.0

[2025-09-07T23:22:21.2199432] Pedidos que entraron a la RCL: 
PedidoForAlgorithm(id=2, idAlmacenDestino=3, cantidadProductosPedidos=20, cantidadProductosEntregados=0, cantidadProductosProgramados=0, instanteRegistro=2025-09-05T00:00:00Z, instanteMaximoParaEntregar=2025-09-08T03:00:00Z)

[2025-09-07T23:22:21.2199432] Pedido seleccionado:  
PedidoForAlgorithm(id=2, idAlmacenDestino=3, cantidadProductosPedidos=20, cantidadProductosEntregados=0, cantidadProductosProgramados=0, instanteRegistro=2025-09-05T00:00:00Z, instanteMaximoParaEntregar=2025-09-08T03:00:00Z)
[2025-09-07T23:22:21.2199432] esFactible: pedido id=2 puede asignarse parcialmente. asignable=20
[2025-09-07T23:22:21.220934] Se añadió pedido id=2 cantidad=20 al envío. Envío.cantProductos ahora=20
[2025-09-07T23:22:21.220934] Actualizando estado temporal en memoria...
[2025-09-07T23:22:21.220934] Capacidad disponible recalculada en la ruta: 80
[2025-09-07T23:22:21.220934] Pedido id=2 está satisfecho (remaining=0) y se elimina de pendientes.
[2025-09-07T23:22:21.220934] Pedidos removidos de pendientes: 1. Pendientes ahora: 0
[2025-09-07T23:22:21.220934] Estado temporal actualizado. capacidadDisponibleRuta=80
[2025-09-07T23:22:21.220934] cantidad de prods a llevar: 20
[2025-09-07T23:22:21.2219425] La solución va luciendo así: 
EnvioSolution(cantProductos=20, idAlmacenDestino=3, fechaHoraDestino=2025-09-06T16:00:00Z, idsVuelosATomar=[1, 2], pedidosAAtenderTotalOParcialmente=[PedidoSolution(id=2, cantidadASerAtendidaDelPedido=20)]) con capacidad máxima: 80
[2025-09-07T23:22:21.2229126] Ruta seleccionada produjo envío con 20 productos. Retornando envío.
[2025-09-07T23:22:21.2229126] Envio construido añadido a la solución: EnvioSolution(cantProductos=20, idAlmacenDestino=3, fechaHoraDestino=2025-09-06T16:00:00Z, idsVuelosATomar=[1, 2], pedidosAAtenderTotalOParcialmente=[PedidoSolution(id=2, cantidadASerAtendidaDelPedido=20)])
[2025-09-07T23:22:21.2229126] Se eliminaron 1 pedidos completamente satisfechos del pool global.
