[2025-09-16T17:03:05.1697995] Inicio de planificacion con varios GRASP. pedidos=3, vuelos=2870, almacenes=35
[2025-09-16T17:03:05.1727999] Iteración 0: quedan 3 pedidos pendientes
[2025-09-16T17:03:05.1727999] Necesito planificar un envío...
[2025-09-16T17:03:05.1727999] Generando rutas candidatas
[2025-09-16T17:03:05.1757991] Rutas candidatas finalizadas. Total: 6
[2025-09-16T17:03:05.1757991] Rutas candidatas: 
[2025-09-16T17:03:05.1757991] Rutas:
[2025-09-16T17:03:05.1757991]    Vuelo:VueloForAlgorithm(id=1, inicio=2025-09-06T00:00:00Z, fin=2025-09-06T08:00:00Z, idAlmacenOrigen=1, idAlmacenDestino=2, capacidadMaximaProductos=100, capacidadOcupadaProductos=0, capacidadReservadaProductos=0, estado=EN_ESPERA)
[2025-09-16T17:03:05.1757991] Rutas:
[2025-09-16T17:03:05.1757991]    Vuelo:VueloForAlgorithm(id=1, inicio=2025-09-06T00:00:00Z, fin=2025-09-06T08:00:00Z, idAlmacenOrigen=1, idAlmacenDestino=2, capacidadMaximaProductos=100, capacidadOcupadaProductos=0, capacidadReservadaProductos=0, estado=EN_ESPERA)
[2025-09-16T17:03:05.1757991]    Vuelo:VueloForAlgorithm(id=2, inicio=2025-09-06T09:00:00Z, fin=2025-09-06T16:00:00Z, idAlmacenOrigen=2, idAlmacenDestino=3, capacidadMaximaProductos=100, capacidadOcupadaProductos=0, capacidadReservadaProductos=0, estado=EN_ESPERA)
[2025-09-16T17:03:05.1757991] Rutas:
[2025-09-16T17:03:05.1757991]    Vuelo:VueloForAlgorithm(id=1, inicio=2025-09-06T00:00:00Z, fin=2025-09-06T08:00:00Z, idAlmacenOrigen=1, idAlmacenDestino=2, capacidadMaximaProductos=100, capacidadOcupadaProductos=0, capacidadReservadaProductos=0, estado=EN_ESPERA)
[2025-09-16T17:03:05.1757991]    Vuelo:VueloForAlgorithm(id=2, inicio=2025-09-06T09:00:00Z, fin=2025-09-06T16:00:00Z, idAlmacenOrigen=2, idAlmacenDestino=3, capacidadMaximaProductos=100, capacidadOcupadaProductos=0, capacidadReservadaProductos=0, estado=EN_ESPERA)
[2025-09-16T17:03:05.1757991]    Vuelo:VueloForAlgorithm(id=3, inicio=2025-09-07T08:00:00Z, fin=2025-09-07T16:00:00Z, idAlmacenOrigen=3, idAlmacenDestino=4, capacidadMaximaProductos=20, capacidadOcupadaProductos=0, capacidadReservadaProductos=0, estado=EN_ESPERA)
[2025-09-16T17:03:05.1757991] Rutas:
[2025-09-16T17:03:05.1757991]    Vuelo:VueloForAlgorithm(id=3, inicio=2025-09-07T08:00:00Z, fin=2025-09-07T16:00:00Z, idAlmacenOrigen=3, idAlmacenDestino=4, capacidadMaximaProductos=20, capacidadOcupadaProductos=0, capacidadReservadaProductos=0, estado=EN_ESPERA)
[2025-09-16T17:03:05.1768] Rutas:
[2025-09-16T17:03:05.1768]    Vuelo:VueloForAlgorithm(id=1, inicio=2025-09-06T00:00:00Z, fin=2025-09-06T08:00:00Z, idAlmacenOrigen=1, idAlmacenDestino=2, capacidadMaximaProductos=100, capacidadOcupadaProductos=0, capacidadReservadaProductos=0, estado=EN_ESPERA)
[2025-09-16T17:03:05.1768]    Vuelo:VueloForAlgorithm(id=2, inicio=2025-09-06T09:00:00Z, fin=2025-09-06T16:00:00Z, idAlmacenOrigen=2, idAlmacenDestino=3, capacidadMaximaProductos=100, capacidadOcupadaProductos=0, capacidadReservadaProductos=0, estado=EN_ESPERA)
[2025-09-16T17:03:05.1768]    Vuelo:VueloForAlgorithm(id=3, inicio=2025-09-07T08:00:00Z, fin=2025-09-07T16:00:00Z, idAlmacenOrigen=3, idAlmacenDestino=4, capacidadMaximaProductos=20, capacidadOcupadaProductos=0, capacidadReservadaProductos=0, estado=EN_ESPERA)
[2025-09-16T17:03:05.1768]    Vuelo:VueloForAlgorithm(id=4, inicio=2025-09-07T20:00:00Z, fin=2025-09-07T23:00:00Z, idAlmacenOrigen=4, idAlmacenDestino=5, capacidadMaximaProductos=20, capacidadOcupadaProductos=0, capacidadReservadaProductos=0, estado=EN_ESPERA)
[2025-09-16T17:03:05.1768] Rutas:
[2025-09-16T17:03:05.1768]    Vuelo:VueloForAlgorithm(id=3, inicio=2025-09-07T08:00:00Z, fin=2025-09-07T16:00:00Z, idAlmacenOrigen=3, idAlmacenDestino=4, capacidadMaximaProductos=20, capacidadOcupadaProductos=0, capacidadReservadaProductos=0, estado=EN_ESPERA)
[2025-09-16T17:03:05.1768]    Vuelo:VueloForAlgorithm(id=4, inicio=2025-09-07T20:00:00Z, fin=2025-09-07T23:00:00Z, idAlmacenOrigen=4, idAlmacenDestino=5, capacidadMaximaProductos=20, capacidadOcupadaProductos=0, capacidadReservadaProductos=0, estado=EN_ESPERA)
[2025-09-16T17:03:05.1778013] Puntajes por ruta:
 RutaADestino(vuelosOrdenados=[VueloForAlgorithm(id=1, inicio=2025-09-06T00:00:00Z, fin=2025-09-06T08:00:00Z, idAlmacenOrigen=1, idAlmacenDestino=2, capacidadMaximaProductos=100, capacidadOcupadaProductos=0, capacidadReservadaProductos=0, estado=EN_ESPERA), VueloForAlgorithm(id=2, inicio=2025-09-06T09:00:00Z, fin=2025-09-06T16:00:00Z, idAlmacenOrigen=2, idAlmacenDestino=3, capacidadMaximaProductos=100, capacidadOcupadaProductos=0, capacidadReservadaProductos=0, estado=EN_ESPERA)]):---------------------
 0.7698717948717948
RutaADestino(vuelosOrdenados=[VueloForAlgorithm(id=3, inicio=2025-09-07T08:00:00Z, fin=2025-09-07T16:00:00Z, idAlmacenOrigen=3, idAlmacenDestino=4, capacidadMaximaProductos=20, capacidadOcupadaProductos=0, capacidadReservadaProductos=0, estado=EN_ESPERA)]):---------------------
 0.3128205128205128
RutaADestino(vuelosOrdenados=[VueloForAlgorithm(id=1, inicio=2025-09-06T00:00:00Z, fin=2025-09-06T08:00:00Z, idAlmacenOrigen=1, idAlmacenDestino=2, capacidadMaximaProductos=100, capacidadOcupadaProductos=0, capacidadReservadaProductos=0, estado=EN_ESPERA), VueloForAlgorithm(id=2, inicio=2025-09-06T09:00:00Z, fin=2025-09-06T16:00:00Z, idAlmacenOrigen=2, idAlmacenDestino=3, capacidadMaximaProductos=100, capacidadOcupadaProductos=0, capacidadReservadaProductos=0, estado=EN_ESPERA), VueloForAlgorithm(id=3, inicio=2025-09-07T08:00:00Z, fin=2025-09-07T16:00:00Z, idAlmacenOrigen=3, idAlmacenDestino=4, capacidadMaximaProductos=20, capacidadOcupadaProductos=0, capacidadReservadaProductos=0, estado=EN_ESPERA), VueloForAlgorithm(id=4, inicio=2025-09-07T20:00:00Z, fin=2025-09-07T23:00:00Z, idAlmacenOrigen=4, idAlmacenDestino=5, capacidadMaximaProductos=20, capacidadOcupadaProductos=0, capacidadReservadaProductos=0, estado=EN_ESPERA)]):---------------------
 0.15
RutaADestino(vuelosOrdenados=[VueloForAlgorithm(id=3, inicio=2025-09-07T08:00:00Z, fin=2025-09-07T16:00:00Z, idAlmacenOrigen=3, idAlmacenDestino=4, capacidadMaximaProductos=20, capacidadOcupadaProductos=0, capacidadReservadaProductos=0, estado=EN_ESPERA), VueloForAlgorithm(id=4, inicio=2025-09-07T20:00:00Z, fin=2025-09-07T23:00:00Z, idAlmacenOrigen=4, idAlmacenDestino=5, capacidadMaximaProductos=20, capacidadOcupadaProductos=0, capacidadReservadaProductos=0, estado=EN_ESPERA)]):---------------------
 0.31666666666666665
RutaADestino(vuelosOrdenados=[VueloForAlgorithm(id=1, inicio=2025-09-06T00:00:00Z, fin=2025-09-06T08:00:00Z, idAlmacenOrigen=1, idAlmacenDestino=2, capacidadMaximaProductos=100, capacidadOcupadaProductos=0, capacidadReservadaProductos=0, estado=EN_ESPERA)]):---------------------
 0.8875
RutaADestino(vuelosOrdenados=[VueloForAlgorithm(id=1, inicio=2025-09-06T00:00:00Z, fin=2025-09-06T08:00:00Z, idAlmacenOrigen=1, idAlmacenDestino=2, capacidadMaximaProductos=100, capacidadOcupadaProductos=0, capacidadReservadaProductos=0, estado=EN_ESPERA), VueloForAlgorithm(id=2, inicio=2025-09-06T09:00:00Z, fin=2025-09-06T16:00:00Z, idAlmacenOrigen=2, idAlmacenDestino=3, capacidadMaximaProductos=100, capacidadOcupadaProductos=0, capacidadReservadaProductos=0, estado=EN_ESPERA), VueloForAlgorithm(id=3, inicio=2025-09-07T08:00:00Z, fin=2025-09-07T16:00:00Z, idAlmacenOrigen=3, idAlmacenDestino=4, capacidadMaximaProductos=20, capacidadOcupadaProductos=0, capacidadReservadaProductos=0, estado=EN_ESPERA)]):---------------------
 0.1461538461538462

[2025-09-16T17:03:05.1808012] Rutas que entraron a la RCL:  
RutaADestino(vuelosOrdenados=[VueloForAlgorithm(id=1, inicio=2025-09-06T00:00:00Z, fin=2025-09-06T08:00:00Z, idAlmacenOrigen=1, idAlmacenDestino=2, capacidadMaximaProductos=100, capacidadOcupadaProductos=0, capacidadReservadaProductos=0, estado=EN_ESPERA)])
RutaADestino(vuelosOrdenados=[VueloForAlgorithm(id=1, inicio=2025-09-06T00:00:00Z, fin=2025-09-06T08:00:00Z, idAlmacenOrigen=1, idAlmacenDestino=2, capacidadMaximaProductos=100, capacidadOcupadaProductos=0, capacidadReservadaProductos=0, estado=EN_ESPERA), VueloForAlgorithm(id=2, inicio=2025-09-06T09:00:00Z, fin=2025-09-06T16:00:00Z, idAlmacenOrigen=2, idAlmacenDestino=3, capacidadMaximaProductos=100, capacidadOcupadaProductos=0, capacidadReservadaProductos=0, estado=EN_ESPERA)])
RutaADestino(vuelosOrdenados=[VueloForAlgorithm(id=3, inicio=2025-09-07T08:00:00Z, fin=2025-09-07T16:00:00Z, idAlmacenOrigen=3, idAlmacenDestino=4, capacidadMaximaProductos=20, capacidadOcupadaProductos=0, capacidadReservadaProductos=0, estado=EN_ESPERA), VueloForAlgorithm(id=4, inicio=2025-09-07T20:00:00Z, fin=2025-09-07T23:00:00Z, idAlmacenOrigen=4, idAlmacenDestino=5, capacidadMaximaProductos=20, capacidadOcupadaProductos=0, capacidadReservadaProductos=0, estado=EN_ESPERA)])
RutaADestino(vuelosOrdenados=[VueloForAlgorithm(id=3, inicio=2025-09-07T08:00:00Z, fin=2025-09-07T16:00:00Z, idAlmacenOrigen=3, idAlmacenDestino=4, capacidadMaximaProductos=20, capacidadOcupadaProductos=0, capacidadReservadaProductos=0, estado=EN_ESPERA)])

[2025-09-16T17:03:05.1808012] Vuelos de la ruta Seleccionada:
 VueloForAlgorithm(id=3, inicio=2025-09-07T08:00:00Z, fin=2025-09-07T16:00:00Z, idAlmacenOrigen=3, idAlmacenDestino=4, capacidadMaximaProductos=20, capacidadOcupadaProductos=0, capacidadReservadaProductos=0, estado=EN_ESPERA)

[2025-09-16T17:03:05.1808012] id de almacén final de la ruta: 4
[2025-09-16T17:03:05.1808012] No hay pedidos pendientes para destino 4 -> null
[2025-09-16T17:03:05.1808012] Vuelos de la ruta Seleccionada:
 VueloForAlgorithm(id=3, inicio=2025-09-07T08:00:00Z, fin=2025-09-07T16:00:00Z, idAlmacenOrigen=3, idAlmacenDestino=4, capacidadMaximaProductos=20, capacidadOcupadaProductos=0, capacidadReservadaProductos=0, estado=EN_ESPERA)
VueloForAlgorithm(id=4, inicio=2025-09-07T20:00:00Z, fin=2025-09-07T23:00:00Z, idAlmacenOrigen=4, idAlmacenDestino=5, capacidadMaximaProductos=20, capacidadOcupadaProductos=0, capacidadReservadaProductos=0, estado=EN_ESPERA)

[2025-09-16T17:03:05.1818005] id de almacén final de la ruta: 5
[2025-09-16T17:03:05.1818005] Pedidos pendientes con el destino final: PedidoForAlgorithm(id=3, idAlmacenDestino=5, cantidadProductosPedidos=40, cantidadProductosEntregados=0, cantidadProductosProgramados=0, instanteRegistro=2025-09-05T00:00:00Z, instanteMaximoParaEntregar=2025-09-08T03:00:00Z)

[2025-09-16T17:03:05.1878034] Mínima capacidad encontrada en los vuelos de la ruta que llega al destino final: 20
[2025-09-16T17:03:05.1888001] Puntajes por pedido, iteración 0: 
PedidoForAlgorithm(id=3, idAlmacenDestino=5, cantidadProductosPedidos=40, cantidadProductosEntregados=0, cantidadProductosProgramados=0, instanteRegistro=2025-09-05T00:00:00Z, instanteMaximoParaEntregar=2025-09-08T03:00:00Z):---------------------
 1.0

[2025-09-16T17:03:05.1888001] Pedidos que entraron a la RCL: 
PedidoForAlgorithm(id=3, idAlmacenDestino=5, cantidadProductosPedidos=40, cantidadProductosEntregados=0, cantidadProductosProgramados=0, instanteRegistro=2025-09-05T00:00:00Z, instanteMaximoParaEntregar=2025-09-08T03:00:00Z)

[2025-09-16T17:03:05.1888001] Pedido seleccionado:  
PedidoForAlgorithm(id=3, idAlmacenDestino=5, cantidadProductosPedidos=40, cantidadProductosEntregados=0, cantidadProductosProgramados=0, instanteRegistro=2025-09-05T00:00:00Z, instanteMaximoParaEntregar=2025-09-08T03:00:00Z)
[2025-09-16T17:03:05.1898028] esFactible: pedido id=3 puede asignarse parcialmente. asignable=20
[2025-09-16T17:03:05.1908027] Se añadió pedido id=3 cantidad=20 al envío. Envío.cantProductos ahora=20
[2025-09-16T17:03:05.1908027] Actualizando estado temporal en memoria...
[2025-09-16T17:03:05.1908027] Capacidad disponible recalculada en la ruta: 0
[2025-09-16T17:03:05.1908027] Pedidos removidos de pendientes: 0. Pendientes ahora: 1
[2025-09-16T17:03:05.1908027] Estado temporal actualizado. capacidadDisponibleRuta=0
[2025-09-16T17:03:05.1908027] cantidad de prods a llevar: 20
[2025-09-16T17:03:05.1908027] La solución va luciendo así: 
EnvioSolution(cantProductos=20, idAlmacenDestino=5, fechaHoraDestino=2025-09-07T23:00:00Z, idsVuelosATomar=[3, 4], pedidosAAtenderTotalOParcialmente=[PedidoSolution(id=3, cantidadASerAtendidaDelPedido=20)]) con capacidad máxima: 0
[2025-09-16T17:03:05.1918024] esFactible: ruta no tiene capacidad disponible (capRuta=0, yaAsignadoEnvio=0).
[2025-09-16T17:03:05.1918024] remover: pedido id=3 no factible para la ruta actual -> se remueve del pool local
[2025-09-16T17:03:05.1918024] Ruta seleccionada produjo envío con 20 productos. Retornando envío.
[2025-09-16T17:03:05.1918024] Envio construido añadido a la solución: EnvioSolution(cantProductos=20, idAlmacenDestino=5, fechaHoraDestino=2025-09-07T23:00:00Z, idsVuelosATomar=[3, 4], pedidosAAtenderTotalOParcialmente=[PedidoSolution(id=3, cantidadASerAtendidaDelPedido=20)])
