[2025-09-07T17:34:29.1016947] === INICIO planificar() ===
[2025-09-07T17:34:29.1016947] Timestamp: 2025-09-07T17:34:29.1016947
[2025-09-07T17:34:29.1036922] Input sizes - pedidos: 3, vuelos: 4, almacenes: 5
[2025-09-07T17:34:29.1046926] almacenById size: 5
[2025-09-07T17:34:29.1046926] vueloById size: 4
[2025-09-07T17:34:29.1046926] Outgoing map built. keys: 4
[2025-09-07T17:34:29.1056929] Pedidos ordenados por deadline.
[2025-09-07T17:34:29.1066917] ---- Pedido #1 idVuelo=1 destinoAlmacen=2 ----
[2025-09-07T17:34:29.1086918] Pedido cantidades -> pedidas: 10, entregadasAntes: 10, remainingInicial: 0
[2025-09-07T17:34:29.1086918] Pedido ya satisfecho. saltando.
[2025-09-07T17:34:29.1086918] ---- Pedido #2 idVuelo=2 destinoAlmacen=3 ----
[2025-09-07T17:34:29.1086918] Pedido cantidades -> pedidas: 20, entregadasAntes: 20, remainingInicial: 0
[2025-09-07T17:34:29.1086918] Pedido ya satisfecho. saltando.
[2025-09-07T17:34:29.1086918] ---- Pedido #3 idVuelo=3 destinoAlmacen=5 ----
[2025-09-07T17:34:29.1086918] Pedido cantidades -> pedidas: 40, entregadasAntes: 20, remainingInicial: 20
[2025-09-07T17:34:29.1086918] Origenes candidatos (infinito) encontrados: 1
[2025-09-07T17:34:29.1086918] Probando origen idVuelo=1 esInfinito=true
[2025-09-07T17:34:29.1096925] Vuelos de salida desde origen: 1
[2025-09-07T17:34:29.1126936]   -> enqueue (poner en cola) vuelo inicio idVuelo=1 avail=100 inicio=2025-09-06T00:00:00Z fin=2025-09-06T08:00:00Z
[2025-09-07T17:34:29.1136921] BFS try #1 pathLen=1 lastVueloId=1
[2025-09-07T17:34:29.1167282]     -> expand: enqueue vuelo idVuelo=2 from almacen=2 to=3 avail=100
[2025-09-07T17:34:29.1167282] BFS try #2 pathLen=2 lastVueloId=2
[2025-09-07T17:34:29.1167282]     -> expand: enqueue vuelo idVuelo=3 from almacen=3 to=4 avail=20
[2025-09-07T17:34:29.1167282] BFS try #3 pathLen=3 lastVueloId=3
[2025-09-07T17:34:29.1167282]     -> expand: enqueue vuelo idVuelo=4 from almacen=4 to=5 avail=20
[2025-09-07T17:34:29.1176938] BFS try #4 pathLen=4 lastVueloId=4
[2025-09-07T17:34:29.1176938]   -> path alcanza destino. Calculando capacidad mínima entre vuelos.
[2025-09-07T17:34:29.1176938]      vueloId=1 avail=100
[2025-09-07T17:34:29.1176938]      vueloId=2 avail=100
[2025-09-07T17:34:29.1176938]      vueloId=3 avail=20
[2025-09-07T17:34:29.1176938]      vueloId=4 avail=20
[2025-09-07T17:34:29.1176938]      originStock (if finite): INFINITO
[2025-09-07T17:34:29.1176938]      remaining=20, minFlightAvail=20, canAllocate=20
[2025-09-07T17:34:29.1217229]      -> Allocation creada. envio.vuelos=[1, 2, 3, 4], pedidoId=3, cantidad=20
[2025-09-07T17:34:29.123693]         vueloId=1 ocupadoAntes=0 ocupadoDespues=20
[2025-09-07T17:34:29.123693]         vueloId=2 ocupadoAntes=0 ocupadoDespues=20
[2025-09-07T17:34:29.123693]         vueloId=3 ocupadoAntes=0 ocupadoDespues=20
[2025-09-07T17:34:29.123693]         vueloId=4 ocupadoAntes=0 ocupadoDespues=20
[2025-09-07T17:34:29.123693]         pedidoId=3 entregadoAntes=20 entregadoDespues=40
[2025-09-07T17:34:29.1256927] BFS finalizado para origen 1 tried=4 remaining=0 allocatedInThisOrigin=true
[2025-09-07T17:34:29.1256927] Pedido idVuelo=3 atendido completamente.
