[2025-09-04T00:39:48.9169908] === INICIO planificar() ===
[2025-09-04T00:39:48.9169908] Timestamp: 2025-09-04T00:39:48.9169908
[2025-09-04T00:39:48.9189921] Input sizes - pedidos: 2, vuelos: 2, almacenes: 2
[2025-09-04T00:39:48.9189921] almacenById size: 2
[2025-09-04T00:39:48.9199916] vueloById size: 2
[2025-09-04T00:39:48.9199916] Outgoing map built. keys: 2
[2025-09-04T00:39:48.9199916] Pedidos ordenados por deadline.
[2025-09-04T00:39:48.9220215] ---- Pedido #1 id=1 destinoAlmacen=2 ----
[2025-09-04T00:39:48.9240265] Pedido cantidades -> pedidas: 10, entregadasAntes: 0, remainingInicial: 10
[2025-09-04T00:39:48.9240265] Origenes candidatos (infinito) encontrados: 2
[2025-09-04T00:39:48.9240265] Probando origen id=1 esInfinito=true
[2025-09-04T00:39:48.9249898] Vuelos de salida desde origen: 1
[2025-09-04T00:39:48.927061]   -> enqueue (poner en cola) vuelo inicio id=1 avail=200 inicio=2025-09-06T00:00:00Z fin=2025-09-06T08:00:00Z
[2025-09-04T00:39:48.9290601] BFS try #1 pathLen=1 lastVueloId=1
[2025-09-04T00:39:48.9290601]   -> path alcanza destino. Calculando capacidad mínima entre vuelos.
[2025-09-04T00:39:48.9290601]      vueloId=1 avail=200
[2025-09-04T00:39:48.9290601]      originStock (if finite): INFINITO
[2025-09-04T00:39:48.9290601]      remaining=10, minFlightAvail=200, canAllocate=10
[2025-09-04T00:39:48.9330603]      -> Allocation creada. envio.vuelos=[1], pedidoId=1, cantidad=10
[2025-09-04T00:39:48.93406]         vueloId=1 ocupadoAntes=0 ocupadoDespues=10
[2025-09-04T00:39:48.9350609]         pedidoId=1 entregadoAntes=0 entregadoDespues=10
[2025-09-04T00:39:48.9370621]     -> expand: enqueue vuelo id=2 from almacen=2 to=3 avail=200
[2025-09-04T00:39:48.9390606] BFS finalizado para origen 1 tried=1 remaining=0 allocatedInThisOrigin=true
[2025-09-04T00:39:48.9390606] Probando origen id=5 esInfinito=true
[2025-09-04T00:39:48.9390606] Remaining es 0 -> romper origen loop.
[2025-09-04T00:39:48.9400629] Pedido id=1 atendido completamente.
[2025-09-04T00:39:48.9400629] ---- Pedido #2 id=2 destinoAlmacen=3 ----
[2025-09-04T00:39:48.9400629] Pedido cantidades -> pedidas: 20, entregadasAntes: 0, remainingInicial: 20
[2025-09-04T00:39:48.9400629] Origenes candidatos (infinito) encontrados: 2
[2025-09-04T00:39:48.9400629] Probando origen id=1 esInfinito=true
[2025-09-04T00:39:48.9400629] Vuelos de salida desde origen: 1
[2025-09-04T00:39:48.9400629]   -> enqueue (poner en cola) vuelo inicio id=1 avail=190 inicio=2025-09-06T00:00:00Z fin=2025-09-06T08:00:00Z
[2025-09-04T00:39:48.9400629] BFS try #1 pathLen=1 lastVueloId=1
[2025-09-04T00:39:48.9400629]     -> expand: enqueue vuelo id=2 from almacen=2 to=3 avail=200
[2025-09-04T00:39:48.9400629] BFS try #2 pathLen=2 lastVueloId=2
[2025-09-04T00:39:48.9400629]   -> path alcanza destino. Calculando capacidad mínima entre vuelos.
[2025-09-04T00:39:48.9400629]      vueloId=1 avail=190
[2025-09-04T00:39:48.9410604]      vueloId=2 avail=200
[2025-09-04T00:39:48.9410604]      originStock (if finite): INFINITO
[2025-09-04T00:39:48.9410604]      remaining=20, minFlightAvail=190, canAllocate=20
[2025-09-04T00:39:48.9410604]      -> Allocation creada. envio.vuelos=[1, 2], pedidoId=2, cantidad=20
[2025-09-04T00:39:48.9410604]         vueloId=1 ocupadoAntes=10 ocupadoDespues=30
[2025-09-04T00:39:48.9410604]         vueloId=2 ocupadoAntes=0 ocupadoDespues=20
[2025-09-04T00:39:48.9410604]         pedidoId=2 entregadoAntes=0 entregadoDespues=20
[2025-09-04T00:39:48.9410604] BFS finalizado para origen 1 tried=2 remaining=0 allocatedInThisOrigin=true
[2025-09-04T00:39:48.9410604] Probando origen id=5 esInfinito=true
[2025-09-04T00:39:48.9410604] Remaining es 0 -> romper origen loop.
[2025-09-04T00:39:48.9410604] Pedido id=2 atendido completamente.
