[2025-09-04T00:26:31.4038695] === INICIO planificar() ===
[2025-09-04T00:26:31.4049048] Timestamp: 2025-09-04T00:26:31.4049048
[2025-09-04T00:26:31.4069005] Input sizes - pedidos: 2, vuelos: 2, almacenes: 2
[2025-09-04T00:26:31.4069005] almacenById size: 2
[2025-09-04T00:26:31.4078697] vueloById size: 2
[2025-09-04T00:26:31.4078697] Outgoing map built. keys: 2
[2025-09-04T00:26:31.4078697] Pedidos ordenados por deadline.
[2025-09-04T00:26:31.4089003] ---- Pedido #1 id=1 destinoAlmacen=2 ----
[2025-09-04T00:26:31.4108685] Pedido cantidades -> pedidas: 10, entregadasAntes: 0, remainingInicial: 10
[2025-09-04T00:26:31.4108685] Origenes candidatos (infinito) encontrados: 2
[2025-09-04T00:26:31.4108685] Probando origen id=1 esInfinito=true
[2025-09-04T00:26:31.4118731] Vuelos de salida desde origen: 1
[2025-09-04T00:26:31.4138696]   -> enqueue (poner en cola) vuelo inicio id=1 avail=200 inicio=2025-09-06T00:00:00Z fin=2025-09-06T08:00:00Z
[2025-09-04T00:26:31.4148693] BFS try #1 pathLen=1 lastVueloId=1
[2025-09-04T00:26:31.4158694]   -> path alcanza destino. Calculando capacidad mínima entre vuelos.
[2025-09-04T00:26:31.4158694]      vueloId=1 avail=200
[2025-09-04T00:26:31.4158694]      originStock (if finite): INFINITO
[2025-09-04T00:26:31.4158694]      remaining=10, minFlightAvail=200, canAllocate=10
[2025-09-04T00:26:31.4199043]      -> Allocation creada. envio.vuelos=[1], pedidoId=1, cantidad=10
[2025-09-04T00:26:31.4208695]         vueloId=1 ocupadoAntes=0 ocupadoDespues=10
[2025-09-04T00:26:31.4208695]         pedidoId=1 entregadoAntes=0 entregadoDespues=10
[2025-09-04T00:26:31.4229007]     -> expand: enqueue vuelo id=2 from almacen=2 to=3 avail=200
[2025-09-04T00:26:31.4249007] BFS finalizado para origen 1 tried=1 remaining=0 allocatedInThisOrigin=true
[2025-09-04T00:26:31.4249007] Probando origen id=5 esInfinito=true
[2025-09-04T00:26:31.4249007] Remaining es 0 -> romper origen loop.
[2025-09-04T00:26:31.4249007] Pedido id=1 atendido completamente.
[2025-09-04T00:26:31.4249007] ---- Pedido #2 id=2 destinoAlmacen=3 ----
[2025-09-04T00:26:31.4249007] Pedido cantidades -> pedidas: 20, entregadasAntes: 0, remainingInicial: 20
[2025-09-04T00:26:31.4249007] Origenes candidatos (infinito) encontrados: 2
[2025-09-04T00:26:31.4249007] Probando origen id=1 esInfinito=true
[2025-09-04T00:26:31.4249007] Vuelos de salida desde origen: 1
[2025-09-04T00:26:31.4249007]   -> enqueue (poner en cola) vuelo inicio id=1 avail=190 inicio=2025-09-06T00:00:00Z fin=2025-09-06T08:00:00Z
[2025-09-04T00:26:31.4249007] BFS try #1 pathLen=1 lastVueloId=1
[2025-09-04T00:26:31.4259196]     -> expand: enqueue vuelo id=2 from almacen=2 to=3 avail=200
[2025-09-04T00:26:31.4259196] BFS try #2 pathLen=2 lastVueloId=2
[2025-09-04T00:26:31.4259196]   -> path alcanza destino. Calculando capacidad mínima entre vuelos.
[2025-09-04T00:26:31.4259196]      vueloId=1 avail=190
[2025-09-04T00:26:31.4259196]      vueloId=2 avail=200
[2025-09-04T00:26:31.4259196]      originStock (if finite): INFINITO
[2025-09-04T00:26:31.4259196]      remaining=20, minFlightAvail=190, canAllocate=20
[2025-09-04T00:26:31.4259196]      -> Allocation creada. envio.vuelos=[1, 2], pedidoId=2, cantidad=20
[2025-09-04T00:26:31.4259196]         vueloId=1 ocupadoAntes=10 ocupadoDespues=30
[2025-09-04T00:26:31.4259196]         vueloId=2 ocupadoAntes=0 ocupadoDespues=20
[2025-09-04T00:26:31.4259196]         pedidoId=2 entregadoAntes=0 entregadoDespues=20
[2025-09-04T00:26:31.4259196] BFS finalizado para origen 1 tried=2 remaining=0 allocatedInThisOrigin=true
[2025-09-04T00:26:31.42687] Probando origen id=5 esInfinito=true
[2025-09-04T00:26:31.42687] Remaining es 0 -> romper origen loop.
[2025-09-04T00:26:31.42687] Pedido id=2 atendido completamente.
