[2025-09-04T00:18:05.5109009] === INICIO planificar() ===
[2025-09-04T00:18:05.5119098] Timestamp: 2025-09-04T00:18:05.5119098
[2025-09-04T00:18:05.5129096] Input sizes - pedidos: 2, vuelos: 2, almacenes: 2
[2025-09-04T00:18:05.5139094] almacenById size: 2
[2025-09-04T00:18:05.5139094] vueloById size: 2
[2025-09-04T00:18:05.5139094] Outgoing map built. keys: 2
[2025-09-04T00:18:05.5149117] Pedidos ordenados por deadline.
[2025-09-04T00:18:05.5159098] ---- Pedido #1 id=1 destinoAlmacen=2 ----
[2025-09-04T00:18:05.5179125] Pedido cantidades -> pedidas: 10, entregadasAntes: 0, remainingInicial: 10
[2025-09-04T00:18:05.5179125] Origenes candidatos (infinito) encontrados: 2
[2025-09-04T00:18:05.5179125] Probando origen id=1 esInfinito=true
[2025-09-04T00:18:05.5179125] Vuelos de salida desde origen: 1
[2025-09-04T00:18:05.5209102]   -> enqueue (poner en cola) vuelo inicio id=1 avail=200 inicio=2025-09-06T00:00:00Z fin=2025-09-06T08:00:00Z
[2025-09-04T00:18:05.5219408] BFS try #1 pathLen=1 lastVueloId=1
[2025-09-04T00:18:05.522944]   -> path alcanza destino. Calculando capacidad mínima entre vuelos.
[2025-09-04T00:18:05.522944]      vueloId=1 avail=200
[2025-09-04T00:18:05.522944]      originStock (if finite): INFINITO
[2025-09-04T00:18:05.522944]      remaining=10, minFlightAvail=200, canAllocate=10
[2025-09-04T00:18:05.5259463]      -> Allocation creada. envio.vuelos=[1], pedidoId=1, cantidad=10
[2025-09-04T00:18:05.5285531]         vueloId=1 ocupadoAntes=0 ocupadoDespues=10
[2025-09-04T00:18:05.5285531]         pedidoId=1 entregadoAntes=0 entregadoDespues=10
[2025-09-04T00:18:05.530554]     -> expand: enqueue vuelo id=2 from almacen=2 to=3 avail=200
[2025-09-04T00:18:05.5325529] BFS finalizado para origen 1 tried=1 remaining=0 allocatedInThisOrigin=true
[2025-09-04T00:18:05.5325529] Probando origen id=5 esInfinito=true
[2025-09-04T00:18:05.5325529] Remaining es 0 -> romper origen loop.
[2025-09-04T00:18:05.5325529] Pedido id=1 atendido completamente.
[2025-09-04T00:18:05.5325529] ---- Pedido #2 id=2 destinoAlmacen=3 ----
[2025-09-04T00:18:05.5325529] Pedido cantidades -> pedidas: 20, entregadasAntes: 0, remainingInicial: 20
[2025-09-04T00:18:05.5335519] Origenes candidatos (infinito) encontrados: 2
[2025-09-04T00:18:05.5335519] Probando origen id=1 esInfinito=true
[2025-09-04T00:18:05.5335519] Vuelos de salida desde origen: 1
[2025-09-04T00:18:05.5335519]   -> enqueue (poner en cola) vuelo inicio id=1 avail=190 inicio=2025-09-06T00:00:00Z fin=2025-09-06T08:00:00Z
[2025-09-04T00:18:05.5335519] BFS try #1 pathLen=1 lastVueloId=1
[2025-09-04T00:18:05.5335519]     -> expand: enqueue vuelo id=2 from almacen=2 to=3 avail=200
[2025-09-04T00:18:05.5335519] BFS try #2 pathLen=2 lastVueloId=2
[2025-09-04T00:18:05.5335519]   -> path alcanza destino. Calculando capacidad mínima entre vuelos.
[2025-09-04T00:18:05.5335519]      vueloId=1 avail=190
[2025-09-04T00:18:05.5345528]      vueloId=2 avail=200
[2025-09-04T00:18:05.5345528]      originStock (if finite): INFINITO
[2025-09-04T00:18:05.5345528]      remaining=20, minFlightAvail=190, canAllocate=20
[2025-09-04T00:18:05.5345528]      -> Allocation creada. envio.vuelos=[1, 2], pedidoId=2, cantidad=20
[2025-09-04T00:18:05.5345528]         vueloId=1 ocupadoAntes=10 ocupadoDespues=30
[2025-09-04T00:18:05.5345528]         vueloId=2 ocupadoAntes=0 ocupadoDespues=20
[2025-09-04T00:18:05.5345528]         pedidoId=2 entregadoAntes=0 entregadoDespues=20
[2025-09-04T00:18:05.5345528] BFS finalizado para origen 1 tried=2 remaining=0 allocatedInThisOrigin=true
[2025-09-04T00:18:05.5345528] Probando origen id=5 esInfinito=true
[2025-09-04T00:18:05.5345528] Remaining es 0 -> romper origen loop.
[2025-09-04T00:18:05.5345528] Pedido id=2 atendido completamente.
