[2025-09-05T14:27:22.819393] === INICIO planificar() ===
[2025-09-05T14:27:22.820426] Timestamp: 2025-09-05T14:27:22.820426
[2025-09-05T14:27:22.8213941] Input sizes - pedidos: 3, vuelos: 4, almacenes: 5
[2025-09-05T14:27:22.8223945] almacenById size: 5
[2025-09-05T14:27:22.8223945] vueloById size: 4
[2025-09-05T14:27:22.8223945] Outgoing map built. keys: 4
[2025-09-05T14:27:22.823399] Pedidos ordenados por deadline.
[2025-09-05T14:27:22.8253929] ---- Pedido #1 idVuelo=1 destinoAlmacen=2 ----
[2025-09-05T14:27:22.8273941] Pedido cantidades -> pedidas: 10, entregadasAntes: 0, remainingInicial: 10
[2025-09-05T14:27:22.8283925] Origenes candidatos (infinito) encontrados: 1
[2025-09-05T14:27:22.8283925] Probando origen idVuelo=1 esInfinito=true
[2025-09-05T14:27:22.8283925] Vuelos de salida desde origen: 1
[2025-09-05T14:27:22.830393]   -> enqueue (poner en cola) vuelo inicio idVuelo=1 avail=100 inicio=2025-09-06T00:00:00Z fin=2025-09-06T08:00:00Z
[2025-09-05T14:27:22.8323929] BFS try #1 pathLen=1 lastVueloId=1
[2025-09-05T14:27:22.8323929]   -> path alcanza destino. Calculando capacidad mínima entre vuelos.
[2025-09-05T14:27:22.8323929]      vueloId=1 avail=100
[2025-09-05T14:27:22.8323929]      originStock (if finite): INFINITO
[2025-09-05T14:27:22.8323929]      remaining=10, minFlightAvail=100, canAllocate=10
[2025-09-05T14:27:22.837395]      -> Allocation creada. envio.vuelos=[1], pedidoId=1, cantidad=10
[2025-09-05T14:27:22.8384168]         vueloId=1 ocupadoAntes=0 ocupadoDespues=10
[2025-09-05T14:27:22.8384168]         pedidoId=1 entregadoAntes=0 entregadoDespues=10
[2025-09-05T14:27:22.8413948]     -> expand: enqueue vuelo idVuelo=2 from almacen=2 to=3 avail=100
[2025-09-05T14:27:22.8433925] BFS finalizado para origen 1 tried=1 remaining=0 allocatedInThisOrigin=true
[2025-09-05T14:27:22.8433925] Pedido idVuelo=1 atendido completamente.
[2025-09-05T14:27:22.8433925] ---- Pedido #2 idVuelo=2 destinoAlmacen=3 ----
[2025-09-05T14:27:22.8433925] Pedido cantidades -> pedidas: 20, entregadasAntes: 0, remainingInicial: 20
[2025-09-05T14:27:22.8433925] Origenes candidatos (infinito) encontrados: 1
[2025-09-05T14:27:22.8433925] Probando origen idVuelo=1 esInfinito=true
[2025-09-05T14:27:22.8433925] Vuelos de salida desde origen: 1
[2025-09-05T14:27:22.8443924]   -> enqueue (poner en cola) vuelo inicio idVuelo=1 avail=90 inicio=2025-09-06T00:00:00Z fin=2025-09-06T08:00:00Z
[2025-09-05T14:27:22.8443924] BFS try #1 pathLen=1 lastVueloId=1
[2025-09-05T14:27:22.8443924]     -> expand: enqueue vuelo idVuelo=2 from almacen=2 to=3 avail=100
[2025-09-05T14:27:22.8443924] BFS try #2 pathLen=2 lastVueloId=2
[2025-09-05T14:27:22.8443924]   -> path alcanza destino. Calculando capacidad mínima entre vuelos.
[2025-09-05T14:27:22.8443924]      vueloId=1 avail=90
[2025-09-05T14:27:22.8443924]      vueloId=2 avail=100
[2025-09-05T14:27:22.8443924]      originStock (if finite): INFINITO
[2025-09-05T14:27:22.8443924]      remaining=20, minFlightAvail=90, canAllocate=20
[2025-09-05T14:27:22.8443924]      -> Allocation creada. envio.vuelos=[1, 2], pedidoId=2, cantidad=20
[2025-09-05T14:27:22.8443924]         vueloId=1 ocupadoAntes=10 ocupadoDespues=30
[2025-09-05T14:27:22.8443924]         vueloId=2 ocupadoAntes=0 ocupadoDespues=20
[2025-09-05T14:27:22.8443924]         pedidoId=2 entregadoAntes=0 entregadoDespues=20
[2025-09-05T14:27:22.8453921]     -> expand: enqueue vuelo idVuelo=3 from almacen=3 to=4 avail=20
[2025-09-05T14:27:22.8453921] BFS finalizado para origen 1 tried=2 remaining=0 allocatedInThisOrigin=true
[2025-09-05T14:27:22.8453921] Pedido idVuelo=2 atendido completamente.
[2025-09-05T14:27:22.8453921] ---- Pedido #3 idVuelo=3 destinoAlmacen=5 ----
[2025-09-05T14:27:22.8453921] Pedido cantidades -> pedidas: 40, entregadasAntes: 0, remainingInicial: 40
[2025-09-05T14:27:22.8453921] Origenes candidatos (infinito) encontrados: 1
[2025-09-05T14:27:22.8453921] Probando origen idVuelo=1 esInfinito=true
[2025-09-05T14:27:22.8453921] Vuelos de salida desde origen: 1
[2025-09-05T14:27:22.8453921]   -> enqueue (poner en cola) vuelo inicio idVuelo=1 avail=70 inicio=2025-09-06T00:00:00Z fin=2025-09-06T08:00:00Z
[2025-09-05T14:27:22.8453921] BFS try #1 pathLen=1 lastVueloId=1
[2025-09-05T14:27:22.8453921]     -> expand: enqueue vuelo idVuelo=2 from almacen=2 to=3 avail=80
[2025-09-05T14:27:22.8453921] BFS try #2 pathLen=2 lastVueloId=2
[2025-09-05T14:27:22.8453921]     -> expand: enqueue vuelo idVuelo=3 from almacen=3 to=4 avail=20
[2025-09-05T14:27:22.8453921] BFS try #3 pathLen=3 lastVueloId=3
[2025-09-05T14:27:22.8463926]     -> expand: enqueue vuelo idVuelo=4 from almacen=4 to=5 avail=20
[2025-09-05T14:27:22.8463926] BFS try #4 pathLen=4 lastVueloId=4
[2025-09-05T14:27:22.8463926]   -> path alcanza destino. Calculando capacidad mínima entre vuelos.
[2025-09-05T14:27:22.8463926]      vueloId=1 avail=70
[2025-09-05T14:27:22.8463926]      vueloId=2 avail=80
[2025-09-05T14:27:22.8463926]      vueloId=3 avail=20
[2025-09-05T14:27:22.8463926]      vueloId=4 avail=20
[2025-09-05T14:27:22.8463926]      originStock (if finite): INFINITO
[2025-09-05T14:27:22.8463926]      remaining=40, minFlightAvail=20, canAllocate=20
[2025-09-05T14:27:22.8463926]      -> Allocation creada. envio.vuelos=[1, 2, 3, 4], pedidoId=3, cantidad=20
[2025-09-05T14:27:22.8463926]         vueloId=1 ocupadoAntes=30 ocupadoDespues=50
[2025-09-05T14:27:22.8463926]         vueloId=2 ocupadoAntes=20 ocupadoDespues=40
[2025-09-05T14:27:22.8463926]         vueloId=3 ocupadoAntes=0 ocupadoDespues=20
[2025-09-05T14:27:22.8463926]         vueloId=4 ocupadoAntes=0 ocupadoDespues=20
[2025-09-05T14:27:22.8473915]         pedidoId=3 entregadoAntes=0 entregadoDespues=20
[2025-09-05T14:27:22.8473915] BFS finalizado para origen 1 tried=4 remaining=20 allocatedInThisOrigin=true
[2025-09-05T14:27:22.8473915] Pedido idVuelo=3 quedó parcialmente/no atendido. remaining=20
