[2025-09-03T23:28:58.8843508] === INICIO planificar() ===
[2025-09-03T23:28:58.8853518] Timestamp: 2025-09-03T23:28:58.8853518
[2025-09-03T23:28:58.8863515] Input sizes - pedidos: 2, vuelos: 2, almacenes: 2
[2025-09-03T23:28:58.8873518] almacenById size: 2
[2025-09-03T23:28:58.8873518] vueloById size: 2
[2025-09-03T23:28:58.8873518] Outgoing map built. keys: 2
[2025-09-03T23:28:58.8873518] Pedidos ordenados por deadline.
[2025-09-03T23:28:58.8893517] ---- Pedido #1 id=1 destinoAlmacen=2 ----
[2025-09-03T23:28:58.8903517] Pedido cantidades -> pedidas: 10, entregadasAntes: 0, remainingInicial: 10
[2025-09-03T23:28:58.8913514] Origenes candidatos (infinito) encontrados: 2
[2025-09-03T23:28:58.8913514] Probando origen id=1 esInfinito=true
[2025-09-03T23:28:58.8913514] Vuelos de salida desde origen: 1
[2025-09-03T23:28:58.8933516]   -> enqueue vuelo inicio id=1 avail=200 inicio=2025-09-06T00:00:00Z fin=2025-09-06T08:00:00Z
[2025-09-03T23:28:58.8943519] BFS try #1 pathLen=1 lastVueloId=1
[2025-09-03T23:28:58.8943519]   -> path alcanza destino. Calculando capacidad mínima entre vuelos.
[2025-09-03T23:28:58.895352]      vueloId=1 avail=200
[2025-09-03T23:28:58.895352]      originStock (if finite): INFINITO
[2025-09-03T23:28:58.895352]      remaining=10, minFlightAvail=200, canAllocate=10
[2025-09-03T23:28:58.8983516]      -> Allocation creada. envio.vuelos=[1], pedidoId=1, cantidad=10
[2025-09-03T23:28:58.9003523]         vueloId=1 ocupadoAntes=0 ocupadoDespues=10
[2025-09-03T23:28:58.9003523]         pedidoId=1 entregadoAntes=0 entregadoDespues=10
[2025-09-03T23:28:58.9013514]     -> expand: enqueue vuelo id=2 from almacen=2 to=3 avail=200
[2025-09-03T23:28:58.9033512] BFS finalizado para origen 1 tried=1 remaining=0 allocatedInThisOrigin=true
[2025-09-03T23:28:58.9033512] Probando origen id=5 esInfinito=true
[2025-09-03T23:28:58.9033512] Remaining es 0 -> romper origen loop.
[2025-09-03T23:28:58.9043511] Pedido id=1 atendido completamente.
[2025-09-03T23:28:58.9043511] ---- Pedido #2 id=2 destinoAlmacen=3 ----
[2025-09-03T23:28:58.9043511] Pedido cantidades -> pedidas: 20, entregadasAntes: 0, remainingInicial: 20
[2025-09-03T23:28:58.9043511] Origenes candidatos (infinito) encontrados: 2
[2025-09-03T23:28:58.9043511] Probando origen id=1 esInfinito=true
[2025-09-03T23:28:58.9043511] Vuelos de salida desde origen: 1
[2025-09-03T23:28:58.9043511]   -> enqueue vuelo inicio id=1 avail=190 inicio=2025-09-06T00:00:00Z fin=2025-09-06T08:00:00Z
[2025-09-03T23:28:58.9043511] BFS try #1 pathLen=1 lastVueloId=1
[2025-09-03T23:28:58.9043511]     -> expand: enqueue vuelo id=2 from almacen=2 to=3 avail=200
[2025-09-03T23:28:58.9043511] BFS try #2 pathLen=2 lastVueloId=2
[2025-09-03T23:28:58.9043511]   -> path alcanza destino. Calculando capacidad mínima entre vuelos.
[2025-09-03T23:28:58.9043511]      vueloId=1 avail=190
[2025-09-03T23:28:58.905351]      vueloId=2 avail=200
[2025-09-03T23:28:58.905351]      originStock (if finite): INFINITO
[2025-09-03T23:28:58.905351]      remaining=20, minFlightAvail=190, canAllocate=20
[2025-09-03T23:28:58.905351]      -> Allocation creada. envio.vuelos=[1, 2], pedidoId=2, cantidad=20
[2025-09-03T23:28:58.905351]         vueloId=1 ocupadoAntes=10 ocupadoDespues=30
[2025-09-03T23:28:58.905351]         vueloId=2 ocupadoAntes=0 ocupadoDespues=20
[2025-09-03T23:28:58.905351]         pedidoId=2 entregadoAntes=0 entregadoDespues=20
[2025-09-03T23:28:58.905351] BFS finalizado para origen 1 tried=2 remaining=0 allocatedInThisOrigin=true
[2025-09-03T23:28:58.905351] Probando origen id=5 esInfinito=true
[2025-09-03T23:28:58.905351] Remaining es 0 -> romper origen loop.
[2025-09-03T23:28:58.905351] Pedido id=2 atendido completamente.
