[2025-09-04T00:46:58.5873775] === INICIO planificar() ===
[2025-09-04T00:46:58.5883774] Timestamp: 2025-09-04T00:46:58.5883774
[2025-09-04T00:46:58.5893771] Input sizes - pedidos: 2, vuelos: 2, almacenes: 2
[2025-09-04T00:46:58.5903764] almacenById size: 2
[2025-09-04T00:46:58.5903764] vueloById size: 2
[2025-09-04T00:46:58.5903764] Outgoing map built. keys: 2
[2025-09-04T00:46:58.5913769] Pedidos ordenados por deadline.
[2025-09-04T00:46:58.5923776] ---- Pedido #1 id=1 destinoAlmacen=2 ----
[2025-09-04T00:46:58.5933796] Pedido cantidades -> pedidas: 10, entregadasAntes: 0, remainingInicial: 10
[2025-09-04T00:46:58.5943786] Origenes candidatos (infinito) encontrados: 2
[2025-09-04T00:46:58.5943786] Probando origen id=1 esInfinito=true
[2025-09-04T00:46:58.5943786] Vuelos de salida desde origen: 1
[2025-09-04T00:46:58.5973778]   -> enqueue (poner en cola) vuelo inicio id=1 avail=200 inicio=2025-09-06T00:00:00Z fin=2025-09-06T08:00:00Z
[2025-09-04T00:46:58.5983767] BFS try #1 pathLen=1 lastVueloId=1
[2025-09-04T00:46:58.5993771]   -> path alcanza destino. Calculando capacidad mínima entre vuelos.
[2025-09-04T00:46:58.5993771]      vueloId=1 avail=200
[2025-09-04T00:46:58.5993771]      originStock (if finite): INFINITO
[2025-09-04T00:46:58.5993771]      remaining=10, minFlightAvail=200, canAllocate=10
[2025-09-04T00:46:58.6043772]      -> Allocation creada. envio.vuelos=[1], pedidoId=1, cantidad=10
[2025-09-04T00:46:58.6053772]         vueloId=1 ocupadoAntes=0 ocupadoDespues=10
[2025-09-04T00:46:58.6053772]         pedidoId=1 entregadoAntes=0 entregadoDespues=10
[2025-09-04T00:46:58.6073769]     -> expand: enqueue vuelo id=2 from almacen=2 to=3 avail=200
[2025-09-04T00:46:58.6093777] BFS finalizado para origen 1 tried=1 remaining=0 allocatedInThisOrigin=true
[2025-09-04T00:46:58.6093777] Probando origen id=5 esInfinito=true
[2025-09-04T00:46:58.6093777] Remaining es 0 -> romper origen loop.
[2025-09-04T00:46:58.6093777] Pedido id=1 atendido completamente.
[2025-09-04T00:46:58.6093777] ---- Pedido #2 id=2 destinoAlmacen=3 ----
[2025-09-04T00:46:58.6093777] Pedido cantidades -> pedidas: 20, entregadasAntes: 0, remainingInicial: 20
[2025-09-04T00:46:58.6093777] Origenes candidatos (infinito) encontrados: 2
[2025-09-04T00:46:58.6093777] Probando origen id=1 esInfinito=true
[2025-09-04T00:46:58.6093777] Vuelos de salida desde origen: 1
[2025-09-04T00:46:58.6103769]   -> enqueue (poner en cola) vuelo inicio id=1 avail=190 inicio=2025-09-06T00:00:00Z fin=2025-09-06T08:00:00Z
[2025-09-04T00:46:58.6103769] BFS try #1 pathLen=1 lastVueloId=1
[2025-09-04T00:46:58.6103769]     -> expand: enqueue vuelo id=2 from almacen=2 to=3 avail=200
[2025-09-04T00:46:58.6103769] BFS try #2 pathLen=2 lastVueloId=2
[2025-09-04T00:46:58.6103769]   -> path alcanza destino. Calculando capacidad mínima entre vuelos.
[2025-09-04T00:46:58.6103769]      vueloId=1 avail=190
[2025-09-04T00:46:58.6103769]      vueloId=2 avail=200
[2025-09-04T00:46:58.6103769]      originStock (if finite): INFINITO
[2025-09-04T00:46:58.6103769]      remaining=20, minFlightAvail=190, canAllocate=20
[2025-09-04T00:46:58.6103769]      -> Allocation creada. envio.vuelos=[1, 2], pedidoId=2, cantidad=20
[2025-09-04T00:46:58.6113782]         vueloId=1 ocupadoAntes=10 ocupadoDespues=30
[2025-09-04T00:46:58.6113782]         vueloId=2 ocupadoAntes=0 ocupadoDespues=20
[2025-09-04T00:46:58.6113782]         pedidoId=2 entregadoAntes=0 entregadoDespues=20
[2025-09-04T00:46:58.6113782] BFS finalizado para origen 1 tried=2 remaining=0 allocatedInThisOrigin=true
[2025-09-04T00:46:58.6113782] Probando origen id=5 esInfinito=true
[2025-09-04T00:46:58.6113782] Remaining es 0 -> romper origen loop.
[2025-09-04T00:46:58.6113782] Pedido id=2 atendido completamente.
