[2025-09-05T14:28:28.4761588] === INICIO planificar() ===
[2025-09-05T14:28:28.4771571] Timestamp: 2025-09-05T14:28:28.4771571
[2025-09-05T14:28:28.479158] Input sizes - pedidos: 3, vuelos: 4, almacenes: 5
[2025-09-05T14:28:28.4801585] almacenById size: 5
[2025-09-05T14:28:28.4801585] vueloById size: 4
[2025-09-05T14:28:28.4811581] Outgoing map built. keys: 4
[2025-09-05T14:28:28.4811581] Pedidos ordenados por deadline.
[2025-09-05T14:28:28.4821578] ---- Pedido #1 idVuelo=1 destinoAlmacen=2 ----
[2025-09-05T14:28:28.4841574] Pedido cantidades -> pedidas: 10, entregadasAntes: 0, remainingInicial: 10
[2025-09-05T14:28:28.4841574] Origenes candidatos (infinito) encontrados: 1
[2025-09-05T14:28:28.4841574] Probando origen idVuelo=1 esInfinito=true
[2025-09-05T14:28:28.4851573] Vuelos de salida desde origen: 1
[2025-09-05T14:28:28.4861574]   -> enqueue (poner en cola) vuelo inicio idVuelo=1 avail=100 inicio=2025-09-06T00:00:00Z fin=2025-09-06T08:00:00Z
[2025-09-05T14:28:28.4881576] BFS try #1 pathLen=1 lastVueloId=1
[2025-09-05T14:28:28.4881576]   -> path alcanza destino. Calculando capacidad mínima entre vuelos.
[2025-09-05T14:28:28.4881576]      vueloId=1 avail=100
[2025-09-05T14:28:28.4881576]      originStock (if finite): INFINITO
[2025-09-05T14:28:28.4881576]      remaining=10, minFlightAvail=100, canAllocate=10
[2025-09-05T14:28:28.492158]      -> Allocation creada. envio.vuelos=[1], pedidoId=1, cantidad=10
[2025-09-05T14:28:28.4931599]         vueloId=1 ocupadoAntes=0 ocupadoDespues=10
[2025-09-05T14:28:28.4941578]         pedidoId=1 entregadoAntes=0 entregadoDespues=10
[2025-09-05T14:28:28.4961579]     -> expand: enqueue vuelo idVuelo=2 from almacen=2 to=3 avail=100
[2025-09-05T14:28:28.4981576] BFS finalizado para origen 1 tried=1 remaining=0 allocatedInThisOrigin=true
[2025-09-05T14:28:28.4981576] Pedido idVuelo=1 atendido completamente.
[2025-09-05T14:28:28.4981576] ---- Pedido #2 idVuelo=2 destinoAlmacen=3 ----
[2025-09-05T14:28:28.4981576] Pedido cantidades -> pedidas: 20, entregadasAntes: 0, remainingInicial: 20
[2025-09-05T14:28:28.4981576] Origenes candidatos (infinito) encontrados: 1
[2025-09-05T14:28:28.4981576] Probando origen idVuelo=1 esInfinito=true
[2025-09-05T14:28:28.4981576] Vuelos de salida desde origen: 1
[2025-09-05T14:28:28.4981576]   -> enqueue (poner en cola) vuelo inicio idVuelo=1 avail=90 inicio=2025-09-06T00:00:00Z fin=2025-09-06T08:00:00Z
[2025-09-05T14:28:28.4981576] BFS try #1 pathLen=1 lastVueloId=1
[2025-09-05T14:28:28.4981576]     -> expand: enqueue vuelo idVuelo=2 from almacen=2 to=3 avail=100
[2025-09-05T14:28:28.4981576] BFS try #2 pathLen=2 lastVueloId=2
[2025-09-05T14:28:28.4981576]   -> path alcanza destino. Calculando capacidad mínima entre vuelos.
[2025-09-05T14:28:28.4991568]      vueloId=1 avail=90
[2025-09-05T14:28:28.4991568]      vueloId=2 avail=100
[2025-09-05T14:28:28.4991568]      originStock (if finite): INFINITO
[2025-09-05T14:28:28.4991568]      remaining=20, minFlightAvail=90, canAllocate=20
[2025-09-05T14:28:28.4991568]      -> Allocation creada. envio.vuelos=[1, 2], pedidoId=2, cantidad=20
[2025-09-05T14:28:28.4991568]         vueloId=1 ocupadoAntes=10 ocupadoDespues=30
[2025-09-05T14:28:28.4991568]         vueloId=2 ocupadoAntes=0 ocupadoDespues=20
[2025-09-05T14:28:28.4991568]         pedidoId=2 entregadoAntes=0 entregadoDespues=20
[2025-09-05T14:28:28.4991568]     -> expand: enqueue vuelo idVuelo=3 from almacen=3 to=4 avail=20
[2025-09-05T14:28:28.4991568] BFS finalizado para origen 1 tried=2 remaining=0 allocatedInThisOrigin=true
[2025-09-05T14:28:28.4991568] Pedido idVuelo=2 atendido completamente.
[2025-09-05T14:28:28.4991568] ---- Pedido #3 idVuelo=3 destinoAlmacen=5 ----
[2025-09-05T14:28:28.5001576] Pedido cantidades -> pedidas: 40, entregadasAntes: 0, remainingInicial: 40
[2025-09-05T14:28:28.5001576] Origenes candidatos (infinito) encontrados: 1
[2025-09-05T14:28:28.5001576] Probando origen idVuelo=1 esInfinito=true
[2025-09-05T14:28:28.5001576] Vuelos de salida desde origen: 1
[2025-09-05T14:28:28.5001576]   -> enqueue (poner en cola) vuelo inicio idVuelo=1 avail=70 inicio=2025-09-06T00:00:00Z fin=2025-09-06T08:00:00Z
[2025-09-05T14:28:28.5001576] BFS try #1 pathLen=1 lastVueloId=1
[2025-09-05T14:28:28.5001576]     -> expand: enqueue vuelo idVuelo=2 from almacen=2 to=3 avail=80
[2025-09-05T14:28:28.5001576] BFS try #2 pathLen=2 lastVueloId=2
[2025-09-05T14:28:28.5001576]     -> expand: enqueue vuelo idVuelo=3 from almacen=3 to=4 avail=20
[2025-09-05T14:28:28.5001576] BFS try #3 pathLen=3 lastVueloId=3
[2025-09-05T14:28:28.5001576]     -> expand: enqueue vuelo idVuelo=4 from almacen=4 to=5 avail=20
[2025-09-05T14:28:28.5001576] BFS try #4 pathLen=4 lastVueloId=4
[2025-09-05T14:28:28.5001576]   -> path alcanza destino. Calculando capacidad mínima entre vuelos.
[2025-09-05T14:28:28.5001576]      vueloId=1 avail=70
[2025-09-05T14:28:28.5001576]      vueloId=2 avail=80
[2025-09-05T14:28:28.5001576]      vueloId=3 avail=20
[2025-09-05T14:28:28.5001576]      vueloId=4 avail=20
[2025-09-05T14:28:28.5011569]      originStock (if finite): INFINITO
[2025-09-05T14:28:28.5011569]      remaining=40, minFlightAvail=20, canAllocate=20
[2025-09-05T14:28:28.5011569]      -> Allocation creada. envio.vuelos=[1, 2, 3, 4], pedidoId=3, cantidad=20
[2025-09-05T14:28:28.5011569]         vueloId=1 ocupadoAntes=30 ocupadoDespues=50
[2025-09-05T14:28:28.5011569]         vueloId=2 ocupadoAntes=20 ocupadoDespues=40
[2025-09-05T14:28:28.5011569]         vueloId=3 ocupadoAntes=0 ocupadoDespues=20
[2025-09-05T14:28:28.5011569]         vueloId=4 ocupadoAntes=0 ocupadoDespues=20
[2025-09-05T14:28:28.5011569]         pedidoId=3 entregadoAntes=0 entregadoDespues=20
[2025-09-05T14:28:28.5011569] BFS finalizado para origen 1 tried=4 remaining=20 allocatedInThisOrigin=true
[2025-09-05T14:28:28.5011569] Pedido idVuelo=3 quedó parcialmente/no atendido. remaining=20
