[2025-09-04T00:09:05.6803088] === INICIO planificar() ===
[2025-09-04T00:09:05.6813086] Timestamp: 2025-09-04T00:09:05.6813086
[2025-09-04T00:09:05.6823098] Input sizes - pedidos: 2, vuelos: 2, almacenes: 2
[2025-09-04T00:09:05.6833085] almacenById size: 2
[2025-09-04T00:09:05.6833085] vueloById size: 2
[2025-09-04T00:09:05.6833085] Outgoing map built. keys: 2
[2025-09-04T00:09:05.6833085] Pedidos ordenados por deadline.
[2025-09-04T00:09:05.6853085] ---- Pedido #1 id=1 destinoAlmacen=2 ----
[2025-09-04T00:09:05.6863085] Pedido cantidades -> pedidas: 10, entregadasAntes: 0, remainingInicial: 10
[2025-09-04T00:09:05.6863085] Origenes candidatos (infinito) encontrados: 2
[2025-09-04T00:09:05.6863085] Probando origen id=1 esInfinito=true
[2025-09-04T00:09:05.6873089] Vuelos de salida desde origen: 1
[2025-09-04T00:09:05.6893099]   -> enqueue (poner en cola) vuelo inicio id=1 avail=200 inicio=2025-09-06T00:00:00Z fin=2025-09-06T08:00:00Z
[2025-09-04T00:09:05.6903096] BFS try #1 pathLen=1 lastVueloId=1
[2025-09-04T00:09:05.6913093]   -> path alcanza destino. Calculando capacidad mínima entre vuelos.
[2025-09-04T00:09:05.6913093]      vueloId=1 avail=200
[2025-09-04T00:09:05.6913093]      originStock (if finite): INFINITO
[2025-09-04T00:09:05.6913093]      remaining=10, minFlightAvail=200, canAllocate=10
[2025-09-04T00:09:05.6953091]      -> Allocation creada. envio.vuelos=[1], pedidoId=1, cantidad=10
[2025-09-04T00:09:05.6963085]         vueloId=1 ocupadoAntes=0 ocupadoDespues=10
[2025-09-04T00:09:05.6963085]         pedidoId=1 entregadoAntes=0 entregadoDespues=10
[2025-09-04T00:09:05.6983082]     -> expand: enqueue vuelo id=2 from almacen=2 to=3 avail=200
[2025-09-04T00:09:05.7003083] BFS finalizado para origen 1 tried=1 remaining=0 allocatedInThisOrigin=true
[2025-09-04T00:09:05.7003083] Probando origen id=5 esInfinito=true
[2025-09-04T00:09:05.7003083] Remaining es 0 -> romper origen loop.
[2025-09-04T00:09:05.7003083] Pedido id=1 atendido completamente.
[2025-09-04T00:09:05.7003083] ---- Pedido #2 id=2 destinoAlmacen=3 ----
[2025-09-04T00:09:05.7003083] Pedido cantidades -> pedidas: 20, entregadasAntes: 0, remainingInicial: 20
[2025-09-04T00:09:05.7003083] Origenes candidatos (infinito) encontrados: 2
[2025-09-04T00:09:05.7003083] Probando origen id=1 esInfinito=true
[2025-09-04T00:09:05.7003083] Vuelos de salida desde origen: 1
[2025-09-04T00:09:05.7013099]   -> enqueue (poner en cola) vuelo inicio id=1 avail=190 inicio=2025-09-06T00:00:00Z fin=2025-09-06T08:00:00Z
[2025-09-04T00:09:05.7013099] BFS try #1 pathLen=1 lastVueloId=1
[2025-09-04T00:09:05.7013099]     -> expand: enqueue vuelo id=2 from almacen=2 to=3 avail=200
[2025-09-04T00:09:05.7013099] BFS try #2 pathLen=2 lastVueloId=2
[2025-09-04T00:09:05.7013099]   -> path alcanza destino. Calculando capacidad mínima entre vuelos.
[2025-09-04T00:09:05.7013099]      vueloId=1 avail=190
[2025-09-04T00:09:05.7013099]      vueloId=2 avail=200
[2025-09-04T00:09:05.7013099]      originStock (if finite): INFINITO
[2025-09-04T00:09:05.7013099]      remaining=20, minFlightAvail=190, canAllocate=20
[2025-09-04T00:09:05.7013099]      -> Allocation creada. envio.vuelos=[1, 2], pedidoId=2, cantidad=20
[2025-09-04T00:09:05.7013099]         vueloId=1 ocupadoAntes=10 ocupadoDespues=30
[2025-09-04T00:09:05.7013099]         vueloId=2 ocupadoAntes=0 ocupadoDespues=20
[2025-09-04T00:09:05.7023091]         pedidoId=2 entregadoAntes=0 entregadoDespues=20
[2025-09-04T00:09:05.7023091] BFS finalizado para origen 1 tried=2 remaining=0 allocatedInThisOrigin=true
[2025-09-04T00:09:05.7023091] Probando origen id=5 esInfinito=true
[2025-09-04T00:09:05.7023091] Remaining es 0 -> romper origen loop.
[2025-09-04T00:09:05.7023091] Pedido id=2 atendido completamente.
