[2025-09-07T14:57:48.0151382] === INICIO planificar() ===
[2025-09-07T14:57:48.0161412] Timestamp: 2025-09-07T14:57:48.0161412
[2025-09-07T14:57:48.018138] Input sizes - pedidos: 3, vuelos: 4, almacenes: 5
[2025-09-07T14:57:48.018138] almacenById size: 5
[2025-09-07T14:57:48.0191411] vueloById size: 4
[2025-09-07T14:57:48.0191411] Outgoing map built. keys: 4
[2025-09-07T14:57:48.0191411] Pedidos ordenados por deadline.
[2025-09-07T14:57:48.0211376] ---- Pedido #1 idVuelo=1 destinoAlmacen=2 ----
[2025-09-07T14:57:48.022137] Pedido cantidades -> pedidas: 10, entregadasAntes: 0, remainingInicial: 10
[2025-09-07T14:57:48.022137] Origenes candidatos (infinito) encontrados: 1
[2025-09-07T14:57:48.0231378] Probando origen idVuelo=1 esInfinito=true
[2025-09-07T14:57:48.0231378] Vuelos de salida desde origen: 1
[2025-09-07T14:57:48.0251366]   -> enqueue (poner en cola) vuelo inicio idVuelo=1 avail=100 inicio=2025-09-06T00:00:00Z fin=2025-09-06T08:00:00Z
[2025-09-07T14:57:48.026137] BFS try #1 pathLen=1 lastVueloId=1
[2025-09-07T14:57:48.026137]   -> path alcanza destino. Calculando capacidad mínima entre vuelos.
[2025-09-07T14:57:48.026137]      vueloId=1 avail=100
[2025-09-07T14:57:48.0271371]      originStock (if finite): INFINITO
[2025-09-07T14:57:48.0271371]      remaining=10, minFlightAvail=100, canAllocate=10
[2025-09-07T14:57:48.0301372]      -> Allocation creada. envio.vuelos=[1], pedidoId=1, cantidad=10
[2025-09-07T14:57:48.0311385]         vueloId=1 ocupadoAntes=0 ocupadoDespues=10
[2025-09-07T14:57:48.0321368]         pedidoId=1 entregadoAntes=0 entregadoDespues=10
[2025-09-07T14:57:48.0341379]     -> expand: enqueue vuelo idVuelo=2 from almacen=2 to=3 avail=100
[2025-09-07T14:57:48.0361384] BFS finalizado para origen 1 tried=1 remaining=0 allocatedInThisOrigin=true
[2025-09-07T14:57:48.0361384] Pedido idVuelo=1 atendido completamente.
[2025-09-07T14:57:48.037138] ---- Pedido #2 idVuelo=2 destinoAlmacen=3 ----
[2025-09-07T14:57:48.037138] Pedido cantidades -> pedidas: 20, entregadasAntes: 0, remainingInicial: 20
[2025-09-07T14:57:48.037138] Origenes candidatos (infinito) encontrados: 1
[2025-09-07T14:57:48.037138] Probando origen idVuelo=1 esInfinito=true
[2025-09-07T14:57:48.037138] Vuelos de salida desde origen: 1
[2025-09-07T14:57:48.037138]   -> enqueue (poner en cola) vuelo inicio idVuelo=1 avail=90 inicio=2025-09-06T00:00:00Z fin=2025-09-06T08:00:00Z
[2025-09-07T14:57:48.037138] BFS try #1 pathLen=1 lastVueloId=1
[2025-09-07T14:57:48.037138]     -> expand: enqueue vuelo idVuelo=2 from almacen=2 to=3 avail=100
[2025-09-07T14:57:48.037138] BFS try #2 pathLen=2 lastVueloId=2
[2025-09-07T14:57:48.0381373]   -> path alcanza destino. Calculando capacidad mínima entre vuelos.
[2025-09-07T14:57:48.0381373]      vueloId=1 avail=90
[2025-09-07T14:57:48.0381373]      vueloId=2 avail=100
[2025-09-07T14:57:48.0381373]      originStock (if finite): INFINITO
[2025-09-07T14:57:48.0381373]      remaining=20, minFlightAvail=90, canAllocate=20
[2025-09-07T14:57:48.0381373]      -> Allocation creada. envio.vuelos=[1, 2], pedidoId=2, cantidad=20
[2025-09-07T14:57:48.0381373]         vueloId=1 ocupadoAntes=10 ocupadoDespues=30
[2025-09-07T14:57:48.0381373]         vueloId=2 ocupadoAntes=0 ocupadoDespues=20
[2025-09-07T14:57:48.0381373]         pedidoId=2 entregadoAntes=0 entregadoDespues=20
[2025-09-07T14:57:48.0381373]     -> expand: enqueue vuelo idVuelo=3 from almacen=3 to=4 avail=20
[2025-09-07T14:57:48.0391382] BFS finalizado para origen 1 tried=2 remaining=0 allocatedInThisOrigin=true
[2025-09-07T14:57:48.0391382] Pedido idVuelo=2 atendido completamente.
[2025-09-07T14:57:48.0391382] ---- Pedido #3 idVuelo=3 destinoAlmacen=5 ----
[2025-09-07T14:57:48.0391382] Pedido cantidades -> pedidas: 40, entregadasAntes: 0, remainingInicial: 40
[2025-09-07T14:57:48.0391382] Origenes candidatos (infinito) encontrados: 1
[2025-09-07T14:57:48.0391382] Probando origen idVuelo=1 esInfinito=true
[2025-09-07T14:57:48.0391382] Vuelos de salida desde origen: 1
[2025-09-07T14:57:48.0391382]   -> enqueue (poner en cola) vuelo inicio idVuelo=1 avail=70 inicio=2025-09-06T00:00:00Z fin=2025-09-06T08:00:00Z
[2025-09-07T14:57:48.0401377] BFS try #1 pathLen=1 lastVueloId=1
[2025-09-07T14:57:48.0401377]     -> expand: enqueue vuelo idVuelo=2 from almacen=2 to=3 avail=80
[2025-09-07T14:57:48.0401377] BFS try #2 pathLen=2 lastVueloId=2
[2025-09-07T14:57:48.0401377]     -> expand: enqueue vuelo idVuelo=3 from almacen=3 to=4 avail=20
[2025-09-07T14:57:48.0401377] BFS try #3 pathLen=3 lastVueloId=3
[2025-09-07T14:57:48.0401377]     -> expand: enqueue vuelo idVuelo=4 from almacen=4 to=5 avail=20
[2025-09-07T14:57:48.0401377] BFS try #4 pathLen=4 lastVueloId=4
[2025-09-07T14:57:48.0401377]   -> path alcanza destino. Calculando capacidad mínima entre vuelos.
[2025-09-07T14:57:48.0401377]      vueloId=1 avail=70
[2025-09-07T14:57:48.0401377]      vueloId=2 avail=80
[2025-09-07T14:57:48.0401377]      vueloId=3 avail=20
[2025-09-07T14:57:48.0401377]      vueloId=4 avail=20
[2025-09-07T14:57:48.0401377]      originStock (if finite): INFINITO
[2025-09-07T14:57:48.0401377]      remaining=40, minFlightAvail=20, canAllocate=20
[2025-09-07T14:57:48.0411389]      -> Allocation creada. envio.vuelos=[1, 2, 3, 4], pedidoId=3, cantidad=20
[2025-09-07T14:57:48.0411389]         vueloId=1 ocupadoAntes=30 ocupadoDespues=50
[2025-09-07T14:57:48.0411389]         vueloId=2 ocupadoAntes=20 ocupadoDespues=40
[2025-09-07T14:57:48.0411389]         vueloId=3 ocupadoAntes=0 ocupadoDespues=20
[2025-09-07T14:57:48.0411389]         vueloId=4 ocupadoAntes=0 ocupadoDespues=20
[2025-09-07T14:57:48.0421374]         pedidoId=3 entregadoAntes=0 entregadoDespues=20
[2025-09-07T14:57:48.0421374] BFS finalizado para origen 1 tried=4 remaining=20 allocatedInThisOrigin=true
[2025-09-07T14:57:48.0421374] Pedido idVuelo=3 quedó parcialmente/no atendido. remaining=20
