[2025-09-30T22:53:39.249234]  Contexto: [2025-10-01T03:53:39.240010Z] EstadoGlobalMutableProblemaPlanificacion
AlmacenParaAlgoritmo{id=1, capacidadMaxima=1000000, capacidadOcupada=0, capacidadSinOcupar=1000000, nombrePais=Global, nombreCiudad=Global Hub City, esInfinito=true}
AlmacenParaAlgoritmo{id=2, capacidadMaxima=1000000, capacidadOcupada=0, capacidadSinOcupar=1000000, nombrePais=Universal, nombreCiudad=Mega Global Hub, esInfinito=true}
AlmacenParaAlgoritmo{id=3, capacidadMaxima=1000000, capacidadOcupada=0, capacidadSinOcupar=1000000, nombrePais=Europa, nombreCiudad=Euro Hub, esInfinito=true}
AlmacenParaAlgoritmo{id=4, capacidadMaxima=1000000, capacidadOcupada=0, capacidadSinOcupar=1000000, nombrePais=Asia, nombreCiudad=Asia Hub, esInfinito=true}
AlmacenParaAlgoritmo{id=5, capacidadMaxima=430, capacidadOcupada=0, capacidadSinOcupar=430, nombrePais=Colombia, nombreCiudad=Bogotá, esInfinito=false}
AlmacenParaAlgoritmo{id=6, capacidadMaxima=410, capacidadOcupada=0, capacidadSinOcupar=410, nombrePais=Ecuador, nombreCiudad=Quito, esInfinito=false}
AlmacenParaAlgoritmo{id=7, capacidadMaxima=440, capacidadOcupada=0, capacidadSinOcupar=440, nombrePais=Perú, nombreCiudad=Lima, esInfinito=false}
AlmacenParaAlgoritmo{id=8, capacidadMaxima=400, capacidadOcupada=0, capacidadSinOcupar=400, nombrePais=Venezuela, nombreCiudad=Caracas, esInfinito=false}
AlmacenParaAlgoritmo{id=9, capacidadMaxima=480, capacidadOcupada=0, capacidadSinOcupar=480, nombrePais=Brasil, nombreCiudad=Brasilia, esInfinito=false}
AlmacenParaAlgoritmo{id=10, capacidadMaxima=420, capacidadOcupada=0, capacidadSinOcupar=420, nombrePais=Bolivia, nombreCiudad=La Paz, esInfinito=false}
AlmacenParaAlgoritmo{id=11, capacidadMaxima=460, capacidadOcupada=0, capacidadSinOcupar=460, nombrePais=Chile, nombreCiudad=Santiago, esInfinito=false}
AlmacenParaAlgoritmo{id=12, capacidadMaxima=460, capacidadOcupada=0, capacidadSinOcupar=460, nombrePais=Argentina, nombreCiudad=Buenos Aires, esInfinito=false}
AlmacenParaAlgoritmo{id=13, capacidadMaxima=400, capacidadOcupada=0, capacidadSinOcupar=400, nombrePais=Paraguay, nombreCiudad=Asunción, esInfinito=false}
AlmacenParaAlgoritmo{id=14, capacidadMaxima=400, capacidadOcupada=0, capacidadSinOcupar=400, nombrePais=Uruguay, nombreCiudad=Montevideo, esInfinito=false}
AlmacenParaAlgoritmo{id=15, capacidadMaxima=480, capacidadOcupada=0, capacidadSinOcupar=480, nombrePais=Alemania, nombreCiudad=Berlín, esInfinito=false}
AlmacenParaAlgoritmo{id=16, capacidadMaxima=430, capacidadOcupada=0, capacidadSinOcupar=430, nombrePais=Austria, nombreCiudad=Viena, esInfinito=false}
AlmacenParaAlgoritmo{id=17, capacidadMaxima=440, capacidadOcupada=0, capacidadSinOcupar=440, nombrePais=Bélgica, nombreCiudad=Bruselas, esInfinito=false}
AlmacenParaAlgoritmo{id=18, capacidadMaxima=400, capacidadOcupada=0, capacidadSinOcupar=400, nombrePais=Chequia, nombreCiudad=Praga, esInfinito=false}
AlmacenParaAlgoritmo{id=19, capacidadMaxima=480, capacidadOcupada=0, capacidadSinOcupar=480, nombrePais=Países Bajos, nombreCiudad=Ámsterdam, esInfinito=false}
AlmacenParaAlgoritmo{id=20, capacidadMaxima=480, capacidadOcupada=0, capacidadSinOcupar=480, nombrePais=India, nombreCiudad=Delhi, esInfinito=false}
AlmacenParaAlgoritmo{id=21, capacidadMaxima=420, capacidadOcupada=0, capacidadSinOcupar=420, nombrePais=Emiratos Árabes Unidos, nombreCiudad=Dubái, esInfinito=false}
AlmacenParaAlgoritmo{id=22, capacidadMaxima=410, capacidadOcupada=0, capacidadSinOcupar=410, nombrePais=Pakistán, nombreCiudad=Karachi, esInfinito=false}
AlmacenParaAlgoritmo{id=23, capacidadMaxima=400, capacidadOcupada=0, capacidadSinOcupar=400, nombrePais=Azerbaiyán, nombreCiudad=Bakú, esInfinito=false}
AlmacenParaAlgoritmo{id=24, capacidadMaxima=470, capacidadOcupada=0, capacidadSinOcupar=470, nombrePais=Corea del Sur, nombreCiudad=Seúl, esInfinito=false}
VueloParaAlgoritmo{id=1, inicio=2025-10-04T01:33:41Z, fin=2025-10-04T06:36:53Z, idAlmacenOrigen=1, idAlmacenDestino=7, capacidadMaximaProductos=401, capacidadOcupadaProductos=0, capacidadSinOcupar=401, capacidadSinOcuparCalc=401}
VueloParaAlgoritmo{id=2, inicio=2025-10-02T04:49:16Z, fin=2025-10-03T01:50:53Z, idAlmacenOrigen=1, idAlmacenDestino=5, capacidadMaximaProductos=402, capacidadOcupadaProductos=0, capacidadSinOcupar=402, capacidadSinOcuparCalc=402}
VueloParaAlgoritmo{id=3, inicio=2025-10-02T20:49:56Z, fin=2025-10-03T14:05:09Z, idAlmacenOrigen=1, idAlmacenDestino=6, capacidadMaximaProductos=403, capacidadOcupadaProductos=0, capacidadSinOcupar=403, capacidadSinOcuparCalc=403}
VueloParaAlgoritmo{id=4, inicio=2025-10-02T13:09:39Z, fin=2025-10-02T21:37:27Z, idAlmacenOrigen=1, idAlmacenDestino=8, capacidadMaximaProductos=404, capacidadOcupadaProductos=0, capacidadSinOcupar=404, capacidadSinOcuparCalc=404}
VueloParaAlgoritmo{id=5, inicio=2025-10-04T04:16:32Z, fin=2025-10-05T01:07:54Z, idAlmacenOrigen=1, idAlmacenDestino=9, capacidadMaximaProductos=405, capacidadOcupadaProductos=0, capacidadSinOcupar=405, capacidadSinOcuparCalc=405}
VueloParaAlgoritmo{id=6, inicio=2025-10-02T09:19:50Z, fin=2025-10-04T05:19:44Z, idAlmacenOrigen=1, idAlmacenDestino=10, capacidadMaximaProductos=406, capacidadOcupadaProductos=0, capacidadSinOcupar=406, capacidadSinOcuparCalc=406}
VueloParaAlgoritmo{id=7, inicio=2025-10-03T09:43:24Z, fin=2025-10-03T13:02:15Z, idAlmacenOrigen=1, idAlmacenDestino=11, capacidadMaximaProductos=407, capacidadOcupadaProductos=0, capacidadSinOcupar=407, capacidadSinOcuparCalc=407}
VueloParaAlgoritmo{id=8, inicio=2025-10-02T05:10:11Z, fin=2025-10-02T12:59:32Z, idAlmacenOrigen=1, idAlmacenDestino=12, capacidadMaximaProductos=408, capacidadOcupadaProductos=0, capacidadSinOcupar=408, capacidadSinOcuparCalc=408}
VueloParaAlgoritmo{id=9, inicio=2025-10-02T18:55:14Z, fin=2025-10-03T12:51:44Z, idAlmacenOrigen=1, idAlmacenDestino=13, capacidadMaximaProductos=409, capacidadOcupadaProductos=0, capacidadSinOcupar=409, capacidadSinOcuparCalc=409}
VueloParaAlgoritmo{id=10, inicio=2025-10-03T15:47:55Z, fin=2025-10-04T14:43:02Z, idAlmacenOrigen=1, idAlmacenDestino=14, capacidadMaximaProductos=410, capacidadOcupadaProductos=0, capacidadSinOcupar=410, capacidadSinOcuparCalc=410}
VueloParaAlgoritmo{id=11, inicio=2025-10-02T04:55:56Z, fin=2025-10-03T22:48:03Z, idAlmacenOrigen=1, idAlmacenDestino=15, capacidadMaximaProductos=411, capacidadOcupadaProductos=0, capacidadSinOcupar=411, capacidadSinOcuparCalc=411}
VueloParaAlgoritmo{id=12, inicio=2025-10-02T17:28:44Z, fin=2025-10-04T10:09:37Z, idAlmacenOrigen=1, idAlmacenDestino=16, capacidadMaximaProductos=412, capacidadOcupadaProductos=0, capacidadSinOcupar=412, capacidadSinOcuparCalc=412}
VueloParaAlgoritmo{id=13, inicio=2025-10-02T05:00:00Z, fin=2025-10-02T06:00:00Z, idAlmacenOrigen=1, idAlmacenDestino=17, capacidadMaximaProductos=413, capacidadOcupadaProductos=0, capacidadSinOcupar=413, capacidadSinOcuparCalc=413}
VueloParaAlgoritmo{id=14, inicio=2025-10-02T04:00:00Z, fin=2025-10-02T05:00:00Z, idAlmacenOrigen=1, idAlmacenDestino=17, capacidadMaximaProductos=413, capacidadOcupadaProductos=0, capacidadSinOcupar=413, capacidadSinOcuparCalc=413}
VueloParaAlgoritmo{id=15, inicio=2025-10-02T04:12:00Z, fin=2025-10-02T04:30:00Z, idAlmacenOrigen=1, idAlmacenDestino=17, capacidadMaximaProductos=413, capacidadOcupadaProductos=0, capacidadSinOcupar=413, capacidadSinOcuparCalc=413}
VueloParaAlgoritmo{id=16, inicio=2025-10-03T11:42:37Z, fin=2025-10-04T08:58:03Z, idAlmacenOrigen=1, idAlmacenDestino=18, capacidadMaximaProductos=414, capacidadOcupadaProductos=0, capacidadSinOcupar=414, capacidadSinOcuparCalc=414}
VueloParaAlgoritmo{id=17, inicio=2025-10-02T03:28:23Z, fin=2025-10-02T16:05:56Z, idAlmacenOrigen=1, idAlmacenDestino=19, capacidadMaximaProductos=415, capacidadOcupadaProductos=0, capacidadSinOcupar=415, capacidadSinOcuparCalc=415}
VueloParaAlgoritmo{id=18, inicio=2025-10-04T05:50:13Z, fin=2025-10-04T22:13:25Z, idAlmacenOrigen=1, idAlmacenDestino=20, capacidadMaximaProductos=416, capacidadOcupadaProductos=0, capacidadSinOcupar=416, capacidadSinOcuparCalc=416}
VueloParaAlgoritmo{id=19, inicio=2025-10-02T20:15:04Z, fin=2025-10-04T09:16:45Z, idAlmacenOrigen=1, idAlmacenDestino=21, capacidadMaximaProductos=417, capacidadOcupadaProductos=0, capacidadSinOcupar=417, capacidadSinOcuparCalc=417}
VueloParaAlgoritmo{id=20, inicio=2025-10-03T13:00:21Z, fin=2025-10-04T08:38:13Z, idAlmacenOrigen=1, idAlmacenDestino=22, capacidadMaximaProductos=418, capacidadOcupadaProductos=0, capacidadSinOcupar=418, capacidadSinOcuparCalc=418}
VueloParaAlgoritmo{id=21, inicio=2025-10-02T09:50:02Z, fin=2025-10-03T13:59:09Z, idAlmacenOrigen=1, idAlmacenDestino=23, capacidadMaximaProductos=419, capacidadOcupadaProductos=0, capacidadSinOcupar=419, capacidadSinOcuparCalc=419}
VueloParaAlgoritmo{id=22, inicio=2025-10-03T14:14:36Z, fin=2025-10-04T07:40:15Z, idAlmacenOrigen=1, idAlmacenDestino=24, capacidadMaximaProductos=420, capacidadOcupadaProductos=0, capacidadSinOcupar=420, capacidadSinOcuparCalc=420}
VueloParaAlgoritmo{id=23, inicio=2025-10-02T07:38:29Z, fin=2025-10-02T12:33:28Z, idAlmacenOrigen=2, idAlmacenDestino=7, capacidadMaximaProductos=421, capacidadOcupadaProductos=0, capacidadSinOcupar=421, capacidadSinOcuparCalc=421}
VueloParaAlgoritmo{id=24, inicio=2025-10-04T08:51:20Z, fin=2025-10-04T21:57:06Z, idAlmacenOrigen=2, idAlmacenDestino=5, capacidadMaximaProductos=422, capacidadOcupadaProductos=0, capacidadSinOcupar=422, capacidadSinOcuparCalc=422}
VueloParaAlgoritmo{id=25, inicio=2025-10-03T09:21:53Z, fin=2025-10-04T06:58:11Z, idAlmacenOrigen=2, idAlmacenDestino=6, capacidadMaximaProductos=423, capacidadOcupadaProductos=0, capacidadSinOcupar=423, capacidadSinOcuparCalc=423}
VueloParaAlgoritmo{id=26, inicio=2025-10-02T15:29:33Z, fin=2025-10-03T05:53:27Z, idAlmacenOrigen=2, idAlmacenDestino=8, capacidadMaximaProductos=424, capacidadOcupadaProductos=0, capacidadSinOcupar=424, capacidadSinOcuparCalc=424}
VueloParaAlgoritmo{id=27, inicio=2025-10-03T00:56:13Z, fin=2025-10-03T23:02:25Z, idAlmacenOrigen=2, idAlmacenDestino=9, capacidadMaximaProductos=425, capacidadOcupadaProductos=0, capacidadSinOcupar=425, capacidadSinOcuparCalc=425}
VueloParaAlgoritmo{id=28, inicio=2025-10-02T20:29:05Z, fin=2025-10-03T20:02:20Z, idAlmacenOrigen=2, idAlmacenDestino=10, capacidadMaximaProductos=426, capacidadOcupadaProductos=0, capacidadSinOcupar=426, capacidadSinOcuparCalc=426}
VueloParaAlgoritmo{id=29, inicio=2025-10-04T04:28:39Z, fin=2025-10-05T01:32:37Z, idAlmacenOrigen=2, idAlmacenDestino=11, capacidadMaximaProductos=427, capacidadOcupadaProductos=0, capacidadSinOcupar=427, capacidadSinOcuparCalc=427}
VueloParaAlgoritmo{id=30, inicio=2025-10-02T03:31:17Z, fin=2025-10-02T18:44:56Z, idAlmacenOrigen=2, idAlmacenDestino=12, capacidadMaximaProductos=428, capacidadOcupadaProductos=0, capacidadSinOcupar=428, capacidadSinOcuparCalc=428}
VueloParaAlgoritmo{id=31, inicio=2025-10-02T07:52:16Z, fin=2025-10-02T20:44:37Z, idAlmacenOrigen=2, idAlmacenDestino=13, capacidadMaximaProductos=429, capacidadOcupadaProductos=0, capacidadSinOcupar=429, capacidadSinOcuparCalc=429}
VueloParaAlgoritmo{id=32, inicio=2025-10-03T00:35:29Z, fin=2025-10-03T13:03:01Z, idAlmacenOrigen=2, idAlmacenDestino=14, capacidadMaximaProductos=430, capacidadOcupadaProductos=0, capacidadSinOcupar=430, capacidadSinOcuparCalc=430}
VueloParaAlgoritmo{id=33, inicio=2025-10-02T15:02:58Z, fin=2025-10-03T10:20:24Z, idAlmacenOrigen=2, idAlmacenDestino=15, capacidadMaximaProductos=431, capacidadOcupadaProductos=0, capacidadSinOcupar=431, capacidadSinOcuparCalc=431}
VueloParaAlgoritmo{id=34, inicio=2025-10-03T18:39:32Z, fin=2025-10-04T07:32:09Z, idAlmacenOrigen=2, idAlmacenDestino=16, capacidadMaximaProductos=432, capacidadOcupadaProductos=0, capacidadSinOcupar=432, capacidadSinOcuparCalc=432}
VueloParaAlgoritmo{id=35, inicio=2025-10-04T07:32:05Z, fin=2025-10-06T01:58:01Z, idAlmacenOrigen=2, idAlmacenDestino=17, capacidadMaximaProductos=433, capacidadOcupadaProductos=0, capacidadSinOcupar=433, capacidadSinOcuparCalc=433}
VueloParaAlgoritmo{id=36, inicio=2025-10-03T20:38:11Z, fin=2025-10-04T13:35:57Z, idAlmacenOrigen=2, idAlmacenDestino=18, capacidadMaximaProductos=434, capacidadOcupadaProductos=0, capacidadSinOcupar=434, capacidadSinOcuparCalc=434}
VueloParaAlgoritmo{id=37, inicio=2025-10-03T07:29:51Z, fin=2025-10-03T20:01:59Z, idAlmacenOrigen=2, idAlmacenDestino=19, capacidadMaximaProductos=435, capacidadOcupadaProductos=0, capacidadSinOcupar=435, capacidadSinOcuparCalc=435}
VueloParaAlgoritmo{id=38, inicio=2025-10-02T16:22:02Z, fin=2025-10-03T12:40:22Z, idAlmacenOrigen=2, idAlmacenDestino=20, capacidadMaximaProductos=436, capacidadOcupadaProductos=0, capacidadSinOcupar=436, capacidadSinOcuparCalc=436}
VueloParaAlgoritmo{id=39, inicio=2025-10-03T04:52:12Z, fin=2025-10-03T21:07:33Z, idAlmacenOrigen=2, idAlmacenDestino=21, capacidadMaximaProductos=437, capacidadOcupadaProductos=0, capacidadSinOcupar=437, capacidadSinOcuparCalc=437}
VueloParaAlgoritmo{id=40, inicio=2025-10-04T03:48:02Z, fin=2025-10-04T14:31:15Z, idAlmacenOrigen=2, idAlmacenDestino=22, capacidadMaximaProductos=438, capacidadOcupadaProductos=0, capacidadSinOcupar=438, capacidadSinOcuparCalc=438}
VueloParaAlgoritmo{id=41, inicio=2025-10-04T06:06:17Z, fin=2025-10-04T09:42:15Z, idAlmacenOrigen=2, idAlmacenDestino=23, capacidadMaximaProductos=439, capacidadOcupadaProductos=0, capacidadSinOcupar=439, capacidadSinOcuparCalc=439}
VueloParaAlgoritmo{id=42, inicio=2025-10-03T23:21:20Z, fin=2025-10-04T23:28:27Z, idAlmacenOrigen=2, idAlmacenDestino=24, capacidadMaximaProductos=440, capacidadOcupadaProductos=0, capacidadSinOcupar=440, capacidadSinOcuparCalc=440}
VueloParaAlgoritmo{id=43, inicio=2025-10-02T15:27:42Z, fin=2025-10-04T07:21:23Z, idAlmacenOrigen=3, idAlmacenDestino=7, capacidadMaximaProductos=441, capacidadOcupadaProductos=0, capacidadSinOcupar=441, capacidadSinOcuparCalc=441}
VueloParaAlgoritmo{id=44, inicio=2025-10-04T08:05:36Z, fin=2025-10-04T13:32:59Z, idAlmacenOrigen=3, idAlmacenDestino=5, capacidadMaximaProductos=442, capacidadOcupadaProductos=0, capacidadSinOcupar=442, capacidadSinOcuparCalc=442}
VueloParaAlgoritmo{id=45, inicio=2025-10-02T14:53:54Z, fin=2025-10-04T01:33:32Z, idAlmacenOrigen=3, idAlmacenDestino=6, capacidadMaximaProductos=443, capacidadOcupadaProductos=0, capacidadSinOcupar=443, capacidadSinOcuparCalc=443}
VueloParaAlgoritmo{id=46, inicio=2025-10-03T06:37:51Z, fin=2025-10-04T03:17:16Z, idAlmacenOrigen=3, idAlmacenDestino=8, capacidadMaximaProductos=444, capacidadOcupadaProductos=0, capacidadSinOcupar=444, capacidadSinOcuparCalc=444}
VueloParaAlgoritmo{id=47, inicio=2025-10-04T01:36:12Z, fin=2025-10-04T22:52:52Z, idAlmacenOrigen=3, idAlmacenDestino=9, capacidadMaximaProductos=445, capacidadOcupadaProductos=0, capacidadSinOcupar=445, capacidadSinOcuparCalc=445}
VueloParaAlgoritmo{id=48, inicio=2025-10-02T18:59:30Z, fin=2025-10-03T19:36:18Z, idAlmacenOrigen=3, idAlmacenDestino=10, capacidadMaximaProductos=446, capacidadOcupadaProductos=0, capacidadSinOcupar=446, capacidadSinOcuparCalc=446}
VueloParaAlgoritmo{id=49, inicio=2025-10-02T07:04:23Z, fin=2025-10-03T00:45:06Z, idAlmacenOrigen=3, idAlmacenDestino=11, capacidadMaximaProductos=447, capacidadOcupadaProductos=0, capacidadSinOcupar=447, capacidadSinOcuparCalc=447}
VueloParaAlgoritmo{id=50, inicio=2025-10-02T05:20:14Z, fin=2025-10-03T05:18:28Z, idAlmacenOrigen=3, idAlmacenDestino=12, capacidadMaximaProductos=448, capacidadOcupadaProductos=0, capacidadSinOcupar=448, capacidadSinOcuparCalc=448}
VueloParaAlgoritmo{id=51, inicio=2025-10-03T08:12:42Z, fin=2025-10-04T04:42:28Z, idAlmacenOrigen=3, idAlmacenDestino=13, capacidadMaximaProductos=449, capacidadOcupadaProductos=0, capacidadSinOcupar=449, capacidadSinOcuparCalc=449}
VueloParaAlgoritmo{id=52, inicio=2025-10-02T07:49:10Z, fin=2025-10-03T00:10:57Z, idAlmacenOrigen=3, idAlmacenDestino=14, capacidadMaximaProductos=450, capacidadOcupadaProductos=0, capacidadSinOcupar=450, capacidadSinOcuparCalc=450}
VueloParaAlgoritmo{id=53, inicio=2025-10-03T20:18:02Z, fin=2025-10-04T23:26:20Z, idAlmacenOrigen=3, idAlmacenDestino=15, capacidadMaximaProductos=451, capacidadOcupadaProductos=0, capacidadSinOcupar=451, capacidadSinOcuparCalc=451}
VueloParaAlgoritmo{id=54, inicio=2025-10-04T09:00:00Z, fin=2025-10-04T15:00:00Z, idAlmacenOrigen=3, idAlmacenDestino=16, capacidadMaximaProductos=452, capacidadOcupadaProductos=0, capacidadSinOcupar=452, capacidadSinOcuparCalc=452}
VueloParaAlgoritmo{id=55, inicio=2025-10-04T10:00:00Z, fin=2025-10-04T17:00:00Z, idAlmacenOrigen=3, idAlmacenDestino=17, capacidadMaximaProductos=453, capacidadOcupadaProductos=0, capacidadSinOcupar=453, capacidadSinOcuparCalc=453}
VueloParaAlgoritmo{id=56, inicio=2025-10-04T11:00:00Z, fin=2025-10-04T13:00:00Z, idAlmacenOrigen=3, idAlmacenDestino=18, capacidadMaximaProductos=454, capacidadOcupadaProductos=0, capacidadSinOcupar=454, capacidadSinOcuparCalc=454}
VueloParaAlgoritmo{id=57, inicio=2025-10-04T12:00:00Z, fin=2025-10-04T15:00:00Z, idAlmacenOrigen=3, idAlmacenDestino=19, capacidadMaximaProductos=455, capacidadOcupadaProductos=0, capacidadSinOcupar=455, capacidadSinOcuparCalc=455}
VueloParaAlgoritmo{id=58, inicio=2025-10-04T13:00:00Z, fin=2025-10-04T17:00:00Z, idAlmacenOrigen=3, idAlmacenDestino=20, capacidadMaximaProductos=456, capacidadOcupadaProductos=0, capacidadSinOcupar=456, capacidadSinOcuparCalc=456}
VueloParaAlgoritmo{id=59, inicio=2025-10-04T14:00:00Z, fin=2025-10-04T19:00:00Z, idAlmacenOrigen=3, idAlmacenDestino=21, capacidadMaximaProductos=457, capacidadOcupadaProductos=0, capacidadSinOcupar=457, capacidadSinOcuparCalc=457}
VueloParaAlgoritmo{id=60, inicio=2025-10-04T15:00:00Z, fin=2025-10-04T21:00:00Z, idAlmacenOrigen=3, idAlmacenDestino=22, capacidadMaximaProductos=458, capacidadOcupadaProductos=0, capacidadSinOcupar=458, capacidadSinOcuparCalc=458}
VueloParaAlgoritmo{id=61, inicio=2025-10-04T16:00:00Z, fin=2025-10-04T23:00:00Z, idAlmacenOrigen=3, idAlmacenDestino=23, capacidadMaximaProductos=459, capacidadOcupadaProductos=0, capacidadSinOcupar=459, capacidadSinOcuparCalc=459}
VueloParaAlgoritmo{id=62, inicio=2025-10-04T17:00:00Z, fin=2025-10-04T19:00:00Z, idAlmacenOrigen=3, idAlmacenDestino=24, capacidadMaximaProductos=460, capacidadOcupadaProductos=0, capacidadSinOcupar=460, capacidadSinOcuparCalc=460}
VueloParaAlgoritmo{id=63, inicio=2025-10-04T18:00:00Z, fin=2025-10-04T21:00:00Z, idAlmacenOrigen=4, idAlmacenDestino=7, capacidadMaximaProductos=461, capacidadOcupadaProductos=0, capacidadSinOcupar=461, capacidadSinOcuparCalc=461}
VueloParaAlgoritmo{id=64, inicio=2025-10-04T19:00:00Z, fin=2025-10-04T23:00:00Z, idAlmacenOrigen=4, idAlmacenDestino=5, capacidadMaximaProductos=462, capacidadOcupadaProductos=0, capacidadSinOcupar=462, capacidadSinOcuparCalc=462}
VueloParaAlgoritmo{id=65, inicio=2025-10-04T20:00:00Z, fin=2025-10-05T01:00:00Z, idAlmacenOrigen=4, idAlmacenDestino=6, capacidadMaximaProductos=463, capacidadOcupadaProductos=0, capacidadSinOcupar=463, capacidadSinOcuparCalc=463}
VueloParaAlgoritmo{id=66, inicio=2025-10-04T21:00:00Z, fin=2025-10-05T03:00:00Z, idAlmacenOrigen=4, idAlmacenDestino=8, capacidadMaximaProductos=464, capacidadOcupadaProductos=0, capacidadSinOcupar=464, capacidadSinOcuparCalc=464}
VueloParaAlgoritmo{id=67, inicio=2025-10-04T22:00:00Z, fin=2025-10-05T05:00:00Z, idAlmacenOrigen=4, idAlmacenDestino=9, capacidadMaximaProductos=465, capacidadOcupadaProductos=0, capacidadSinOcupar=465, capacidadSinOcuparCalc=465}
VueloParaAlgoritmo{id=68, inicio=2025-10-04T23:00:00Z, fin=2025-10-05T01:00:00Z, idAlmacenOrigen=4, idAlmacenDestino=10, capacidadMaximaProductos=466, capacidadOcupadaProductos=0, capacidadSinOcupar=466, capacidadSinOcuparCalc=466}
VueloParaAlgoritmo{id=69, inicio=2025-10-05T00:00:00Z, fin=2025-10-05T03:00:00Z, idAlmacenOrigen=4, idAlmacenDestino=11, capacidadMaximaProductos=467, capacidadOcupadaProductos=0, capacidadSinOcupar=467, capacidadSinOcuparCalc=467}
VueloParaAlgoritmo{id=70, inicio=2025-10-05T01:00:00Z, fin=2025-10-05T05:00:00Z, idAlmacenOrigen=4, idAlmacenDestino=12, capacidadMaximaProductos=468, capacidadOcupadaProductos=0, capacidadSinOcupar=468, capacidadSinOcuparCalc=468}
VueloParaAlgoritmo{id=71, inicio=2025-10-05T02:00:00Z, fin=2025-10-05T07:00:00Z, idAlmacenOrigen=4, idAlmacenDestino=13, capacidadMaximaProductos=469, capacidadOcupadaProductos=0, capacidadSinOcupar=469, capacidadSinOcuparCalc=469}
VueloParaAlgoritmo{id=72, inicio=2025-10-05T03:00:00Z, fin=2025-10-05T09:00:00Z, idAlmacenOrigen=4, idAlmacenDestino=14, capacidadMaximaProductos=470, capacidadOcupadaProductos=0, capacidadSinOcupar=470, capacidadSinOcuparCalc=470}
VueloParaAlgoritmo{id=73, inicio=2025-10-05T04:00:00Z, fin=2025-10-05T11:00:00Z, idAlmacenOrigen=4, idAlmacenDestino=15, capacidadMaximaProductos=471, capacidadOcupadaProductos=0, capacidadSinOcupar=471, capacidadSinOcuparCalc=471}
VueloParaAlgoritmo{id=74, inicio=2025-10-05T05:00:00Z, fin=2025-10-05T07:00:00Z, idAlmacenOrigen=4, idAlmacenDestino=16, capacidadMaximaProductos=472, capacidadOcupadaProductos=0, capacidadSinOcupar=472, capacidadSinOcuparCalc=472}
VueloParaAlgoritmo{id=75, inicio=2025-10-05T06:00:00Z, fin=2025-10-05T09:00:00Z, idAlmacenOrigen=4, idAlmacenDestino=17, capacidadMaximaProductos=473, capacidadOcupadaProductos=0, capacidadSinOcupar=473, capacidadSinOcuparCalc=473}
VueloParaAlgoritmo{id=76, inicio=2025-10-05T07:00:00Z, fin=2025-10-05T11:00:00Z, idAlmacenOrigen=4, idAlmacenDestino=18, capacidadMaximaProductos=474, capacidadOcupadaProductos=0, capacidadSinOcupar=474, capacidadSinOcuparCalc=474}
VueloParaAlgoritmo{id=77, inicio=2025-10-05T08:00:00Z, fin=2025-10-05T13:00:00Z, idAlmacenOrigen=4, idAlmacenDestino=19, capacidadMaximaProductos=475, capacidadOcupadaProductos=0, capacidadSinOcupar=475, capacidadSinOcuparCalc=475}
VueloParaAlgoritmo{id=78, inicio=2025-10-05T09:00:00Z, fin=2025-10-05T15:00:00Z, idAlmacenOrigen=4, idAlmacenDestino=20, capacidadMaximaProductos=476, capacidadOcupadaProductos=0, capacidadSinOcupar=476, capacidadSinOcuparCalc=476}
VueloParaAlgoritmo{id=79, inicio=2025-10-05T10:00:00Z, fin=2025-10-05T17:00:00Z, idAlmacenOrigen=4, idAlmacenDestino=21, capacidadMaximaProductos=477, capacidadOcupadaProductos=0, capacidadSinOcupar=477, capacidadSinOcuparCalc=477}
VueloParaAlgoritmo{id=80, inicio=2025-10-05T11:00:00Z, fin=2025-10-05T13:00:00Z, idAlmacenOrigen=4, idAlmacenDestino=22, capacidadMaximaProductos=478, capacidadOcupadaProductos=0, capacidadSinOcupar=478, capacidadSinOcuparCalc=478}
VueloParaAlgoritmo{id=81, inicio=2025-10-05T12:00:00Z, fin=2025-10-05T15:00:00Z, idAlmacenOrigen=4, idAlmacenDestino=23, capacidadMaximaProductos=479, capacidadOcupadaProductos=0, capacidadSinOcupar=479, capacidadSinOcuparCalc=479}
VueloParaAlgoritmo{id=82, inicio=2025-10-05T13:00:00Z, fin=2025-10-05T17:00:00Z, idAlmacenOrigen=4, idAlmacenDestino=24, capacidadMaximaProductos=480, capacidadOcupadaProductos=0, capacidadSinOcupar=480, capacidadSinOcuparCalc=480}
VueloParaAlgoritmo{id=83, inicio=2025-10-03T11:00:00Z, fin=2025-10-03T14:00:00Z, idAlmacenOrigen=7, idAlmacenDestino=5, capacidadMaximaProductos=461, capacidadOcupadaProductos=0, capacidadSinOcupar=461, capacidadSinOcuparCalc=461}
VueloParaAlgoritmo{id=84, inicio=2025-10-03T12:00:00Z, fin=2025-10-03T16:00:00Z, idAlmacenOrigen=5, idAlmacenDestino=6, capacidadMaximaProductos=462, capacidadOcupadaProductos=0, capacidadSinOcupar=462, capacidadSinOcuparCalc=462}
VueloParaAlgoritmo{id=85, inicio=2025-10-03T13:00:00Z, fin=2025-10-03T18:00:00Z, idAlmacenOrigen=6, idAlmacenDestino=8, capacidadMaximaProductos=463, capacidadOcupadaProductos=0, capacidadSinOcupar=463, capacidadSinOcuparCalc=463}
VueloParaAlgoritmo{id=86, inicio=2025-10-03T14:00:00Z, fin=2025-10-03T20:00:00Z, idAlmacenOrigen=8, idAlmacenDestino=9, capacidadMaximaProductos=464, capacidadOcupadaProductos=0, capacidadSinOcupar=464, capacidadSinOcuparCalc=464}
VueloParaAlgoritmo{id=87, inicio=2025-10-03T15:00:00Z, fin=2025-10-03T17:00:00Z, idAlmacenOrigen=9, idAlmacenDestino=10, capacidadMaximaProductos=465, capacidadOcupadaProductos=0, capacidadSinOcupar=465, capacidadSinOcuparCalc=465}
VueloParaAlgoritmo{id=88, inicio=2025-10-03T16:00:00Z, fin=2025-10-03T19:00:00Z, idAlmacenOrigen=10, idAlmacenDestino=11, capacidadMaximaProductos=466, capacidadOcupadaProductos=0, capacidadSinOcupar=466, capacidadSinOcuparCalc=466}
VueloParaAlgoritmo{id=89, inicio=2025-10-03T17:00:00Z, fin=2025-10-03T21:00:00Z, idAlmacenOrigen=11, idAlmacenDestino=12, capacidadMaximaProductos=467, capacidadOcupadaProductos=0, capacidadSinOcupar=467, capacidadSinOcuparCalc=467}
VueloParaAlgoritmo{id=90, inicio=2025-10-03T18:00:00Z, fin=2025-10-03T23:00:00Z, idAlmacenOrigen=12, idAlmacenDestino=13, capacidadMaximaProductos=468, capacidadOcupadaProductos=0, capacidadSinOcupar=468, capacidadSinOcuparCalc=468}
VueloParaAlgoritmo{id=91, inicio=2025-10-03T19:00:00Z, fin=2025-10-04T01:00:00Z, idAlmacenOrigen=13, idAlmacenDestino=14, capacidadMaximaProductos=469, capacidadOcupadaProductos=0, capacidadSinOcupar=469, capacidadSinOcuparCalc=469}
VueloParaAlgoritmo{id=92, inicio=2025-10-03T20:00:00Z, fin=2025-10-03T22:00:00Z, idAlmacenOrigen=14, idAlmacenDestino=7, capacidadMaximaProductos=470, capacidadOcupadaProductos=0, capacidadSinOcupar=470, capacidadSinOcuparCalc=470}
VueloParaAlgoritmo{id=93, inicio=2025-10-03T21:00:00Z, fin=2025-10-04T00:00:00Z, idAlmacenOrigen=15, idAlmacenDestino=16, capacidadMaximaProductos=471, capacidadOcupadaProductos=0, capacidadSinOcupar=471, capacidadSinOcuparCalc=471}
VueloParaAlgoritmo{id=94, inicio=2025-10-03T22:00:00Z, fin=2025-10-04T02:00:00Z, idAlmacenOrigen=16, idAlmacenDestino=18, capacidadMaximaProductos=472, capacidadOcupadaProductos=0, capacidadSinOcupar=472, capacidadSinOcuparCalc=472}
VueloParaAlgoritmo{id=95, inicio=2025-10-03T23:00:00Z, fin=2025-10-04T04:00:00Z, idAlmacenOrigen=18, idAlmacenDestino=19, capacidadMaximaProductos=473, capacidadOcupadaProductos=0, capacidadSinOcupar=473, capacidadSinOcuparCalc=473}
VueloParaAlgoritmo{id=96, inicio=2025-10-04T00:00:00Z, fin=2025-10-04T06:00:00Z, idAlmacenOrigen=19, idAlmacenDestino=17, capacidadMaximaProductos=474, capacidadOcupadaProductos=0, capacidadSinOcupar=474, capacidadSinOcuparCalc=474}
VueloParaAlgoritmo{id=97, inicio=2025-10-04T01:00:00Z, fin=2025-10-04T03:00:00Z, idAlmacenOrigen=17, idAlmacenDestino=15, capacidadMaximaProductos=475, capacidadOcupadaProductos=0, capacidadSinOcupar=475, capacidadSinOcuparCalc=475}
VueloParaAlgoritmo{id=98, inicio=2025-10-04T02:00:00Z, fin=2025-10-04T05:00:00Z, idAlmacenOrigen=20, idAlmacenDestino=21, capacidadMaximaProductos=476, capacidadOcupadaProductos=0, capacidadSinOcupar=476, capacidadSinOcuparCalc=476}
VueloParaAlgoritmo{id=99, inicio=2025-10-04T03:00:00Z, fin=2025-10-04T07:00:00Z, idAlmacenOrigen=21, idAlmacenDestino=22, capacidadMaximaProductos=477, capacidadOcupadaProductos=0, capacidadSinOcupar=477, capacidadSinOcuparCalc=477}
VueloParaAlgoritmo{id=100, inicio=2025-10-04T04:00:00Z, fin=2025-10-04T09:00:00Z, idAlmacenOrigen=22, idAlmacenDestino=23, capacidadMaximaProductos=478, capacidadOcupadaProductos=0, capacidadSinOcupar=478, capacidadSinOcuparCalc=478}
VueloParaAlgoritmo{id=101, inicio=2025-10-04T05:00:00Z, fin=2025-10-04T11:00:00Z, idAlmacenOrigen=23, idAlmacenDestino=24, capacidadMaximaProductos=479, capacidadOcupadaProductos=0, capacidadSinOcupar=479, capacidadSinOcuparCalc=479}
VueloParaAlgoritmo{id=102, inicio=2025-10-02T04:00:00Z, fin=2025-10-02T06:00:00Z, idAlmacenOrigen=24, idAlmacenDestino=20, capacidadMaximaProductos=480, capacidadOcupadaProductos=0, capacidadSinOcupar=480, capacidadSinOcuparCalc=480}
VueloParaAlgoritmo{id=103, inicio=2025-10-02T05:00:00Z, fin=2025-10-02T08:00:00Z, idAlmacenOrigen=7, idAlmacenDestino=5, capacidadMaximaProductos=481, capacidadOcupadaProductos=0, capacidadSinOcupar=481, capacidadSinOcuparCalc=481}
VueloParaAlgoritmo{id=104, inicio=2025-10-02T06:00:00Z, fin=2025-10-02T10:00:00Z, idAlmacenOrigen=5, idAlmacenDestino=6, capacidadMaximaProductos=482, capacidadOcupadaProductos=0, capacidadSinOcupar=482, capacidadSinOcuparCalc=482}
VueloParaAlgoritmo{id=105, inicio=2025-10-02T07:00:00Z, fin=2025-10-02T12:00:00Z, idAlmacenOrigen=6, idAlmacenDestino=8, capacidadMaximaProductos=483, capacidadOcupadaProductos=0, capacidadSinOcupar=483, capacidadSinOcuparCalc=483}
VueloParaAlgoritmo{id=106, inicio=2025-10-02T08:00:00Z, fin=2025-10-02T14:00:00Z, idAlmacenOrigen=8, idAlmacenDestino=9, capacidadMaximaProductos=484, capacidadOcupadaProductos=0, capacidadSinOcupar=484, capacidadSinOcuparCalc=484}
VueloParaAlgoritmo{id=107, inicio=2025-10-02T09:00:00Z, fin=2025-10-02T11:00:00Z, idAlmacenOrigen=9, idAlmacenDestino=10, capacidadMaximaProductos=485, capacidadOcupadaProductos=0, capacidadSinOcupar=485, capacidadSinOcuparCalc=485}
VueloParaAlgoritmo{id=108, inicio=2025-10-02T10:00:00Z, fin=2025-10-02T13:00:00Z, idAlmacenOrigen=10, idAlmacenDestino=11, capacidadMaximaProductos=486, capacidadOcupadaProductos=0, capacidadSinOcupar=486, capacidadSinOcuparCalc=486}
VueloParaAlgoritmo{id=109, inicio=2025-10-02T11:00:00Z, fin=2025-10-02T15:00:00Z, idAlmacenOrigen=11, idAlmacenDestino=12, capacidadMaximaProductos=487, capacidadOcupadaProductos=0, capacidadSinOcupar=487, capacidadSinOcuparCalc=487}
VueloParaAlgoritmo{id=110, inicio=2025-10-02T12:00:00Z, fin=2025-10-02T17:00:00Z, idAlmacenOrigen=12, idAlmacenDestino=13, capacidadMaximaProductos=488, capacidadOcupadaProductos=0, capacidadSinOcupar=488, capacidadSinOcuparCalc=488}
VueloParaAlgoritmo{id=111, inicio=2025-10-02T13:00:00Z, fin=2025-10-02T19:00:00Z, idAlmacenOrigen=13, idAlmacenDestino=14, capacidadMaximaProductos=489, capacidadOcupadaProductos=0, capacidadSinOcupar=489, capacidadSinOcuparCalc=489}
VueloParaAlgoritmo{id=112, inicio=2025-10-02T14:00:00Z, fin=2025-10-02T16:00:00Z, idAlmacenOrigen=14, idAlmacenDestino=7, capacidadMaximaProductos=490, capacidadOcupadaProductos=0, capacidadSinOcupar=490, capacidadSinOcuparCalc=490}
VueloParaAlgoritmo{id=113, inicio=2025-10-02T15:00:00Z, fin=2025-10-02T18:00:00Z, idAlmacenOrigen=15, idAlmacenDestino=16, capacidadMaximaProductos=491, capacidadOcupadaProductos=0, capacidadSinOcupar=491, capacidadSinOcuparCalc=491}
VueloParaAlgoritmo{id=114, inicio=2025-10-02T16:00:00Z, fin=2025-10-02T20:00:00Z, idAlmacenOrigen=16, idAlmacenDestino=18, capacidadMaximaProductos=492, capacidadOcupadaProductos=0, capacidadSinOcupar=492, capacidadSinOcuparCalc=492}
VueloParaAlgoritmo{id=115, inicio=2025-10-02T17:00:00Z, fin=2025-10-02T22:00:00Z, idAlmacenOrigen=18, idAlmacenDestino=19, capacidadMaximaProductos=493, capacidadOcupadaProductos=0, capacidadSinOcupar=493, capacidadSinOcuparCalc=493}
VueloParaAlgoritmo{id=116, inicio=2025-10-02T18:00:00Z, fin=2025-10-03T00:00:00Z, idAlmacenOrigen=19, idAlmacenDestino=17, capacidadMaximaProductos=494, capacidadOcupadaProductos=0, capacidadSinOcupar=494, capacidadSinOcuparCalc=494}
VueloParaAlgoritmo{id=117, inicio=2025-10-02T19:00:00Z, fin=2025-10-02T21:00:00Z, idAlmacenOrigen=17, idAlmacenDestino=15, capacidadMaximaProductos=495, capacidadOcupadaProductos=0, capacidadSinOcupar=495, capacidadSinOcuparCalc=495}
VueloParaAlgoritmo{id=118, inicio=2025-10-02T20:00:00Z, fin=2025-10-02T23:00:00Z, idAlmacenOrigen=20, idAlmacenDestino=21, capacidadMaximaProductos=496, capacidadOcupadaProductos=0, capacidadSinOcupar=496, capacidadSinOcuparCalc=496}
VueloParaAlgoritmo{id=119, inicio=2025-10-02T21:00:00Z, fin=2025-10-03T01:00:00Z, idAlmacenOrigen=21, idAlmacenDestino=22, capacidadMaximaProductos=497, capacidadOcupadaProductos=0, capacidadSinOcupar=497, capacidadSinOcuparCalc=497}
VueloParaAlgoritmo{id=120, inicio=2025-10-02T22:00:00Z, fin=2025-10-03T03:00:00Z, idAlmacenOrigen=22, idAlmacenDestino=23, capacidadMaximaProductos=498, capacidadOcupadaProductos=0, capacidadSinOcupar=498, capacidadSinOcuparCalc=498}
VueloParaAlgoritmo{id=121, inicio=2025-10-02T23:00:00Z, fin=2025-10-03T05:00:00Z, idAlmacenOrigen=23, idAlmacenDestino=24, capacidadMaximaProductos=499, capacidadOcupadaProductos=0, capacidadSinOcupar=499, capacidadSinOcuparCalc=499}
VueloParaAlgoritmo{id=122, inicio=2025-10-03T00:00:00Z, fin=2025-10-03T02:00:00Z, idAlmacenOrigen=24, idAlmacenDestino=20, capacidadMaximaProductos=500, capacidadOcupadaProductos=0, capacidadSinOcupar=500, capacidadSinOcuparCalc=500}
VueloParaAlgoritmo{id=123, inicio=2025-10-03T01:00:00Z, fin=2025-10-03T04:00:00Z, idAlmacenOrigen=7, idAlmacenDestino=5, capacidadMaximaProductos=501, capacidadOcupadaProductos=0, capacidadSinOcupar=501, capacidadSinOcuparCalc=501}
VueloParaAlgoritmo{id=124, inicio=2025-10-03T02:00:00Z, fin=2025-10-03T06:00:00Z, idAlmacenOrigen=5, idAlmacenDestino=6, capacidadMaximaProductos=502, capacidadOcupadaProductos=0, capacidadSinOcupar=502, capacidadSinOcuparCalc=502}
VueloParaAlgoritmo{id=125, inicio=2025-10-03T03:00:00Z, fin=2025-10-03T08:00:00Z, idAlmacenOrigen=6, idAlmacenDestino=8, capacidadMaximaProductos=503, capacidadOcupadaProductos=0, capacidadSinOcupar=503, capacidadSinOcuparCalc=503}
VueloParaAlgoritmo{id=126, inicio=2025-10-03T04:00:00Z, fin=2025-10-03T10:00:00Z, idAlmacenOrigen=8, idAlmacenDestino=9, capacidadMaximaProductos=504, capacidadOcupadaProductos=0, capacidadSinOcupar=504, capacidadSinOcuparCalc=504}
VueloParaAlgoritmo{id=127, inicio=2025-10-03T05:00:00Z, fin=2025-10-03T07:00:00Z, idAlmacenOrigen=9, idAlmacenDestino=10, capacidadMaximaProductos=505, capacidadOcupadaProductos=0, capacidadSinOcupar=505, capacidadSinOcuparCalc=505}
VueloParaAlgoritmo{id=128, inicio=2025-10-03T06:00:00Z, fin=2025-10-03T09:00:00Z, idAlmacenOrigen=10, idAlmacenDestino=11, capacidadMaximaProductos=506, capacidadOcupadaProductos=0, capacidadSinOcupar=506, capacidadSinOcuparCalc=506}
VueloParaAlgoritmo{id=129, inicio=2025-10-03T07:00:00Z, fin=2025-10-03T11:00:00Z, idAlmacenOrigen=11, idAlmacenDestino=12, capacidadMaximaProductos=507, capacidadOcupadaProductos=0, capacidadSinOcupar=507, capacidadSinOcuparCalc=507}
VueloParaAlgoritmo{id=130, inicio=2025-10-03T08:00:00Z, fin=2025-10-03T13:00:00Z, idAlmacenOrigen=12, idAlmacenDestino=13, capacidadMaximaProductos=508, capacidadOcupadaProductos=0, capacidadSinOcupar=508, capacidadSinOcuparCalc=508}
VueloParaAlgoritmo{id=131, inicio=2025-10-03T09:00:00Z, fin=2025-10-03T15:00:00Z, idAlmacenOrigen=13, idAlmacenDestino=14, capacidadMaximaProductos=509, capacidadOcupadaProductos=0, capacidadSinOcupar=509, capacidadSinOcuparCalc=509}
VueloParaAlgoritmo{id=132, inicio=2025-10-03T10:00:00Z, fin=2025-10-03T12:00:00Z, idAlmacenOrigen=14, idAlmacenDestino=7, capacidadMaximaProductos=510, capacidadOcupadaProductos=0, capacidadSinOcupar=510, capacidadSinOcuparCalc=510}
VueloParaAlgoritmo{id=133, inicio=2025-10-03T11:00:00Z, fin=2025-10-03T14:00:00Z, idAlmacenOrigen=15, idAlmacenDestino=16, capacidadMaximaProductos=511, capacidadOcupadaProductos=0, capacidadSinOcupar=511, capacidadSinOcuparCalc=511}
VueloParaAlgoritmo{id=134, inicio=2025-10-03T12:00:00Z, fin=2025-10-03T16:00:00Z, idAlmacenOrigen=16, idAlmacenDestino=18, capacidadMaximaProductos=512, capacidadOcupadaProductos=0, capacidadSinOcupar=512, capacidadSinOcuparCalc=512}
VueloParaAlgoritmo{id=135, inicio=2025-10-03T13:00:00Z, fin=2025-10-03T18:00:00Z, idAlmacenOrigen=18, idAlmacenDestino=19, capacidadMaximaProductos=513, capacidadOcupadaProductos=0, capacidadSinOcupar=513, capacidadSinOcuparCalc=513}
VueloParaAlgoritmo{id=136, inicio=2025-10-03T14:00:00Z, fin=2025-10-03T20:00:00Z, idAlmacenOrigen=19, idAlmacenDestino=17, capacidadMaximaProductos=514, capacidadOcupadaProductos=0, capacidadSinOcupar=514, capacidadSinOcuparCalc=514}
VueloParaAlgoritmo{id=137, inicio=2025-10-03T15:00:00Z, fin=2025-10-03T17:00:00Z, idAlmacenOrigen=17, idAlmacenDestino=15, capacidadMaximaProductos=515, capacidadOcupadaProductos=0, capacidadSinOcupar=515, capacidadSinOcuparCalc=515}
VueloParaAlgoritmo{id=138, inicio=2025-10-03T16:00:00Z, fin=2025-10-03T19:00:00Z, idAlmacenOrigen=20, idAlmacenDestino=21, capacidadMaximaProductos=516, capacidadOcupadaProductos=0, capacidadSinOcupar=516, capacidadSinOcuparCalc=516}
VueloParaAlgoritmo{id=139, inicio=2025-10-03T17:00:00Z, fin=2025-10-03T21:00:00Z, idAlmacenOrigen=21, idAlmacenDestino=22, capacidadMaximaProductos=517, capacidadOcupadaProductos=0, capacidadSinOcupar=517, capacidadSinOcuparCalc=517}
VueloParaAlgoritmo{id=140, inicio=2025-10-03T18:00:00Z, fin=2025-10-03T23:00:00Z, idAlmacenOrigen=22, idAlmacenDestino=23, capacidadMaximaProductos=518, capacidadOcupadaProductos=0, capacidadSinOcupar=518, capacidadSinOcuparCalc=518}
VueloParaAlgoritmo{id=141, inicio=2025-10-03T19:00:00Z, fin=2025-10-04T01:00:00Z, idAlmacenOrigen=23, idAlmacenDestino=24, capacidadMaximaProductos=519, capacidadOcupadaProductos=0, capacidadSinOcupar=519, capacidadSinOcuparCalc=519}
VueloParaAlgoritmo{id=142, inicio=2025-10-03T20:00:00Z, fin=2025-10-03T22:00:00Z, idAlmacenOrigen=24, idAlmacenDestino=20, capacidadMaximaProductos=520, capacidadOcupadaProductos=0, capacidadSinOcupar=520, capacidadSinOcuparCalc=520}
VueloParaAlgoritmo{id=143, inicio=2025-10-03T21:00:00Z, fin=2025-10-04T00:00:00Z, idAlmacenOrigen=7, idAlmacenDestino=5, capacidadMaximaProductos=521, capacidadOcupadaProductos=0, capacidadSinOcupar=521, capacidadSinOcuparCalc=521}
VueloParaAlgoritmo{id=144, inicio=2025-10-03T22:00:00Z, fin=2025-10-04T02:00:00Z, idAlmacenOrigen=5, idAlmacenDestino=6, capacidadMaximaProductos=522, capacidadOcupadaProductos=0, capacidadSinOcupar=522, capacidadSinOcuparCalc=522}
VueloParaAlgoritmo{id=145, inicio=2025-10-03T23:00:00Z, fin=2025-10-04T04:00:00Z, idAlmacenOrigen=6, idAlmacenDestino=8, capacidadMaximaProductos=523, capacidadOcupadaProductos=0, capacidadSinOcupar=523, capacidadSinOcuparCalc=523}
VueloParaAlgoritmo{id=146, inicio=2025-10-04T00:00:00Z, fin=2025-10-04T06:00:00Z, idAlmacenOrigen=8, idAlmacenDestino=9, capacidadMaximaProductos=524, capacidadOcupadaProductos=0, capacidadSinOcupar=524, capacidadSinOcuparCalc=524}
VueloParaAlgoritmo{id=147, inicio=2025-10-04T01:00:00Z, fin=2025-10-04T03:00:00Z, idAlmacenOrigen=9, idAlmacenDestino=10, capacidadMaximaProductos=525, capacidadOcupadaProductos=0, capacidadSinOcupar=525, capacidadSinOcuparCalc=525}
VueloParaAlgoritmo{id=148, inicio=2025-10-04T02:00:00Z, fin=2025-10-04T05:00:00Z, idAlmacenOrigen=10, idAlmacenDestino=11, capacidadMaximaProductos=526, capacidadOcupadaProductos=0, capacidadSinOcupar=526, capacidadSinOcuparCalc=526}
VueloParaAlgoritmo{id=149, inicio=2025-10-04T03:00:00Z, fin=2025-10-04T07:00:00Z, idAlmacenOrigen=11, idAlmacenDestino=12, capacidadMaximaProductos=527, capacidadOcupadaProductos=0, capacidadSinOcupar=527, capacidadSinOcuparCalc=527}
VueloParaAlgoritmo{id=150, inicio=2025-10-04T04:00:00Z, fin=2025-10-04T09:00:00Z, idAlmacenOrigen=12, idAlmacenDestino=13, capacidadMaximaProductos=528, capacidadOcupadaProductos=0, capacidadSinOcupar=528, capacidadSinOcuparCalc=528}
VueloParaAlgoritmo{id=151, inicio=2025-10-04T05:00:00Z, fin=2025-10-04T11:00:00Z, idAlmacenOrigen=13, idAlmacenDestino=14, capacidadMaximaProductos=529, capacidadOcupadaProductos=0, capacidadSinOcupar=529, capacidadSinOcuparCalc=529}
VueloParaAlgoritmo{id=152, inicio=2025-10-02T04:00:00Z, fin=2025-10-02T06:00:00Z, idAlmacenOrigen=14, idAlmacenDestino=7, capacidadMaximaProductos=530, capacidadOcupadaProductos=0, capacidadSinOcupar=530, capacidadSinOcuparCalc=530}
VueloParaAlgoritmo{id=153, inicio=2025-10-02T05:00:00Z, fin=2025-10-02T08:00:00Z, idAlmacenOrigen=15, idAlmacenDestino=16, capacidadMaximaProductos=531, capacidadOcupadaProductos=0, capacidadSinOcupar=531, capacidadSinOcuparCalc=531}
VueloParaAlgoritmo{id=154, inicio=2025-10-02T06:00:00Z, fin=2025-10-02T10:00:00Z, idAlmacenOrigen=16, idAlmacenDestino=18, capacidadMaximaProductos=532, capacidadOcupadaProductos=0, capacidadSinOcupar=532, capacidadSinOcuparCalc=532}
VueloParaAlgoritmo{id=155, inicio=2025-10-02T07:00:00Z, fin=2025-10-02T12:00:00Z, idAlmacenOrigen=18, idAlmacenDestino=19, capacidadMaximaProductos=533, capacidadOcupadaProductos=0, capacidadSinOcupar=533, capacidadSinOcuparCalc=533}
VueloParaAlgoritmo{id=156, inicio=2025-10-02T08:00:00Z, fin=2025-10-03T21:00:00Z, idAlmacenOrigen=19, idAlmacenDestino=17, capacidadMaximaProductos=534, capacidadOcupadaProductos=0, capacidadSinOcupar=534, capacidadSinOcuparCalc=534}
VueloParaAlgoritmo{id=157, inicio=2025-10-02T09:00:00Z, fin=2025-10-02T11:00:00Z, idAlmacenOrigen=17, idAlmacenDestino=15, capacidadMaximaProductos=535, capacidadOcupadaProductos=0, capacidadSinOcupar=535, capacidadSinOcuparCalc=535}
VueloParaAlgoritmo{id=158, inicio=2025-10-02T10:00:00Z, fin=2025-10-02T13:00:00Z, idAlmacenOrigen=20, idAlmacenDestino=21, capacidadMaximaProductos=536, capacidadOcupadaProductos=0, capacidadSinOcupar=536, capacidadSinOcuparCalc=536}
VueloParaAlgoritmo{id=159, inicio=2025-10-02T11:00:00Z, fin=2025-10-02T15:00:00Z, idAlmacenOrigen=21, idAlmacenDestino=22, capacidadMaximaProductos=537, capacidadOcupadaProductos=0, capacidadSinOcupar=537, capacidadSinOcuparCalc=537}
VueloParaAlgoritmo{id=160, inicio=2025-10-02T12:00:00Z, fin=2025-10-02T17:00:00Z, idAlmacenOrigen=22, idAlmacenDestino=23, capacidadMaximaProductos=538, capacidadOcupadaProductos=0, capacidadSinOcupar=538, capacidadSinOcuparCalc=538}
VueloParaAlgoritmo{id=161, inicio=2025-10-02T13:00:00Z, fin=2025-10-02T19:00:00Z, idAlmacenOrigen=23, idAlmacenDestino=24, capacidadMaximaProductos=539, capacidadOcupadaProductos=0, capacidadSinOcupar=539, capacidadSinOcuparCalc=539}
VueloParaAlgoritmo{id=162, inicio=2025-10-02T14:00:00Z, fin=2025-10-02T16:00:00Z, idAlmacenOrigen=24, idAlmacenDestino=20, capacidadMaximaProductos=540, capacidadOcupadaProductos=0, capacidadSinOcupar=540, capacidadSinOcuparCalc=540}
VueloParaAlgoritmo{id=163, inicio=2025-10-02T05:00:00Z, fin=2025-10-02T07:00:00Z, idAlmacenOrigen=1, idAlmacenDestino=7, capacidadMaximaProductos=480, capacidadOcupadaProductos=0, capacidadSinOcupar=480, capacidadSinOcuparCalc=480}
VueloParaAlgoritmo{id=164, inicio=2025-10-02T06:00:00Z, fin=2025-10-02T08:00:00Z, idAlmacenOrigen=1, idAlmacenDestino=5, capacidadMaximaProductos=520, capacidadOcupadaProductos=0, capacidadSinOcupar=520, capacidadSinOcuparCalc=520}
VueloParaAlgoritmo{id=165, inicio=2025-10-02T07:00:00Z, fin=2025-10-02T09:00:00Z, idAlmacenOrigen=1, idAlmacenDestino=6, capacidadMaximaProductos=500, capacidadOcupadaProductos=0, capacidadSinOcupar=500, capacidadSinOcuparCalc=500}
VueloParaAlgoritmo{id=166, inicio=2025-10-02T08:00:00Z, fin=2025-10-02T10:00:00Z, idAlmacenOrigen=1, idAlmacenDestino=8, capacidadMaximaProductos=560, capacidadOcupadaProductos=0, capacidadSinOcupar=560, capacidadSinOcuparCalc=560}
VueloParaAlgoritmo{id=167, inicio=2025-10-02T09:00:00Z, fin=2025-10-02T12:00:00Z, idAlmacenOrigen=1, idAlmacenDestino=9, capacidadMaximaProductos=540, capacidadOcupadaProductos=0, capacidadSinOcupar=540, capacidadSinOcuparCalc=540}
VueloParaAlgoritmo{id=168, inicio=2025-10-02T10:00:00Z, fin=2025-10-02T13:00:00Z, idAlmacenOrigen=1, idAlmacenDestino=11, capacidadMaximaProductos=600, capacidadOcupadaProductos=0, capacidadSinOcupar=600, capacidadSinOcuparCalc=600}
VueloParaAlgoritmo{id=169, inicio=2025-10-02T11:00:00Z, fin=2025-10-02T14:00:00Z, idAlmacenOrigen=1, idAlmacenDestino=12, capacidadMaximaProductos=580, capacidadOcupadaProductos=0, capacidadSinOcupar=580, capacidadSinOcuparCalc=580}
VueloParaAlgoritmo{id=170, inicio=2025-10-02T12:00:00Z, fin=2025-10-02T15:00:00Z, idAlmacenOrigen=1, idAlmacenDestino=13, capacidadMaximaProductos=500, capacidadOcupadaProductos=0, capacidadSinOcupar=500, capacidadSinOcuparCalc=500}
VueloParaAlgoritmo{id=171, inicio=2025-10-02T13:00:00Z, fin=2025-10-02T16:00:00Z, idAlmacenOrigen=1, idAlmacenDestino=14, capacidadMaximaProductos=520, capacidadOcupadaProductos=0, capacidadSinOcupar=520, capacidadSinOcuparCalc=520}
VueloParaAlgoritmo{id=172, inicio=2025-10-02T15:00:00Z, fin=2025-10-02T21:00:00Z, idAlmacenOrigen=1, idAlmacenDestino=15, capacidadMaximaProductos=560, capacidadOcupadaProductos=0, capacidadSinOcupar=560, capacidadSinOcuparCalc=560}
VueloParaAlgoritmo{id=173, inicio=2025-10-02T05:00:00Z, fin=2025-10-02T09:00:00Z, idAlmacenOrigen=2, idAlmacenDestino=7, capacidadMaximaProductos=580, capacidadOcupadaProductos=0, capacidadSinOcupar=580, capacidadSinOcuparCalc=580}
VueloParaAlgoritmo{id=174, inicio=2025-10-02T06:00:00Z, fin=2025-10-02T10:00:00Z, idAlmacenOrigen=2, idAlmacenDestino=5, capacidadMaximaProductos=520, capacidadOcupadaProductos=0, capacidadSinOcupar=520, capacidadSinOcuparCalc=520}
VueloParaAlgoritmo{id=175, inicio=2025-10-02T07:00:00Z, fin=2025-10-02T11:00:00Z, idAlmacenOrigen=2, idAlmacenDestino=6, capacidadMaximaProductos=500, capacidadOcupadaProductos=0, capacidadSinOcupar=500, capacidadSinOcuparCalc=500}
VueloParaAlgoritmo{id=176, inicio=2025-10-02T08:00:00Z, fin=2025-10-02T12:00:00Z, idAlmacenOrigen=2, idAlmacenDestino=8, capacidadMaximaProductos=560, capacidadOcupadaProductos=0, capacidadSinOcupar=560, capacidadSinOcuparCalc=560}
VueloParaAlgoritmo{id=177, inicio=2025-10-02T09:00:00Z, fin=2025-10-02T13:00:00Z, idAlmacenOrigen=2, idAlmacenDestino=9, capacidadMaximaProductos=540, capacidadOcupadaProductos=0, capacidadSinOcupar=540, capacidadSinOcuparCalc=540}
VueloParaAlgoritmo{id=178, inicio=2025-10-02T10:00:00Z, fin=2025-10-02T14:00:00Z, idAlmacenOrigen=2, idAlmacenDestino=11, capacidadMaximaProductos=600, capacidadOcupadaProductos=0, capacidadSinOcupar=600, capacidadSinOcuparCalc=600}
VueloParaAlgoritmo{id=179, inicio=2025-10-02T11:00:00Z, fin=2025-10-02T15:00:00Z, idAlmacenOrigen=2, idAlmacenDestino=12, capacidadMaximaProductos=580, capacidadOcupadaProductos=0, capacidadSinOcupar=580, capacidadSinOcuparCalc=580}
VueloParaAlgoritmo{id=180, inicio=2025-10-02T12:00:00Z, fin=2025-10-02T16:00:00Z, idAlmacenOrigen=2, idAlmacenDestino=13, capacidadMaximaProductos=500, capacidadOcupadaProductos=0, capacidadSinOcupar=500, capacidadSinOcuparCalc=500}
VueloParaAlgoritmo{id=181, inicio=2025-10-02T13:00:00Z, fin=2025-10-02T17:00:00Z, idAlmacenOrigen=2, idAlmacenDestino=14, capacidadMaximaProductos=520, capacidadOcupadaProductos=0, capacidadSinOcupar=520, capacidadSinOcuparCalc=520}
VueloParaAlgoritmo{id=182, inicio=2025-10-02T14:00:00Z, fin=2025-10-03T17:00:00Z, idAlmacenOrigen=2, idAlmacenDestino=17, capacidadMaximaProductos=560, capacidadOcupadaProductos=0, capacidadSinOcupar=560, capacidadSinOcuparCalc=560}
VueloParaAlgoritmo{id=183, inicio=2025-10-02T05:00:00Z, fin=2025-10-02T07:00:00Z, idAlmacenOrigen=3, idAlmacenDestino=15, capacidadMaximaProductos=420, capacidadOcupadaProductos=0, capacidadSinOcupar=420, capacidadSinOcuparCalc=420}
VueloParaAlgoritmo{id=184, inicio=2025-10-02T06:00:00Z, fin=2025-10-02T08:00:00Z, idAlmacenOrigen=3, idAlmacenDestino=16, capacidadMaximaProductos=460, capacidadOcupadaProductos=0, capacidadSinOcupar=460, capacidadSinOcuparCalc=460}
VueloParaAlgoritmo{id=185, inicio=2025-10-02T07:00:00Z, fin=2025-10-03T03:00:00Z, idAlmacenOrigen=3, idAlmacenDestino=17, capacidadMaximaProductos=440, capacidadOcupadaProductos=0, capacidadSinOcupar=440, capacidadSinOcuparCalc=440}
VueloParaAlgoritmo{id=186, inicio=2025-10-02T08:00:00Z, fin=2025-10-02T10:00:00Z, idAlmacenOrigen=3, idAlmacenDestino=18, capacidadMaximaProductos=480, capacidadOcupadaProductos=0, capacidadSinOcupar=480, capacidadSinOcuparCalc=480}
VueloParaAlgoritmo{id=187, inicio=2025-10-02T09:00:00Z, fin=2025-10-02T11:00:00Z, idAlmacenOrigen=3, idAlmacenDestino=19, capacidadMaximaProductos=460, capacidadOcupadaProductos=0, capacidadSinOcupar=460, capacidadSinOcuparCalc=460}
VueloParaAlgoritmo{id=188, inicio=2025-10-02T11:00:00Z, fin=2025-10-02T19:00:00Z, idAlmacenOrigen=3, idAlmacenDestino=7, capacidadMaximaProductos=580, capacidadOcupadaProductos=0, capacidadSinOcupar=580, capacidadSinOcuparCalc=580}
VueloParaAlgoritmo{id=189, inicio=2025-10-02T12:00:00Z, fin=2025-10-02T20:00:00Z, idAlmacenOrigen=3, idAlmacenDestino=5, capacidadMaximaProductos=560, capacidadOcupadaProductos=0, capacidadSinOcupar=560, capacidadSinOcuparCalc=560}
VueloParaAlgoritmo{id=190, inicio=2025-10-02T13:00:00Z, fin=2025-10-02T21:00:00Z, idAlmacenOrigen=3, idAlmacenDestino=11, capacidadMaximaProductos=600, capacidadOcupadaProductos=0, capacidadSinOcupar=600, capacidadSinOcuparCalc=600}
VueloParaAlgoritmo{id=191, inicio=2025-10-02T14:00:00Z, fin=2025-10-02T22:00:00Z, idAlmacenOrigen=3, idAlmacenDestino=12, capacidadMaximaProductos=580, capacidadOcupadaProductos=0, capacidadSinOcupar=580, capacidadSinOcuparCalc=580}
VueloParaAlgoritmo{id=192, inicio=2025-10-02T15:00:00Z, fin=2025-10-02T23:00:00Z, idAlmacenOrigen=3, idAlmacenDestino=20, capacidadMaximaProductos=600, capacidadOcupadaProductos=0, capacidadSinOcupar=600, capacidadSinOcuparCalc=600}
VueloParaAlgoritmo{id=193, inicio=2025-10-02T05:00:00Z, fin=2025-10-02T09:00:00Z, idAlmacenOrigen=4, idAlmacenDestino=20, capacidadMaximaProductos=560, capacidadOcupadaProductos=0, capacidadSinOcupar=560, capacidadSinOcuparCalc=560}
VueloParaAlgoritmo{id=194, inicio=2025-10-02T06:00:00Z, fin=2025-10-02T10:00:00Z, idAlmacenOrigen=4, idAlmacenDestino=21, capacidadMaximaProductos=540, capacidadOcupadaProductos=0, capacidadSinOcupar=540, capacidadSinOcuparCalc=540}
VueloParaAlgoritmo{id=195, inicio=2025-10-02T07:00:00Z, fin=2025-10-02T11:00:00Z, idAlmacenOrigen=4, idAlmacenDestino=22, capacidadMaximaProductos=520, capacidadOcupadaProductos=0, capacidadSinOcupar=520, capacidadSinOcuparCalc=520}
VueloParaAlgoritmo{id=196, inicio=2025-10-02T08:00:00Z, fin=2025-10-02T12:00:00Z, idAlmacenOrigen=4, idAlmacenDestino=23, capacidadMaximaProductos=500, capacidadOcupadaProductos=0, capacidadSinOcupar=500, capacidadSinOcuparCalc=500}
VueloParaAlgoritmo{id=197, inicio=2025-10-02T09:00:00Z, fin=2025-10-02T15:00:00Z, idAlmacenOrigen=4, idAlmacenDestino=24, capacidadMaximaProductos=580, capacidadOcupadaProductos=0, capacidadSinOcupar=580, capacidadSinOcuparCalc=580}
VueloParaAlgoritmo{id=198, inicio=2025-10-02T11:00:00Z, fin=2025-10-02T21:00:00Z, idAlmacenOrigen=4, idAlmacenDestino=7, capacidadMaximaProductos=600, capacidadOcupadaProductos=0, capacidadSinOcupar=600, capacidadSinOcuparCalc=600}
VueloParaAlgoritmo{id=199, inicio=2025-10-02T12:00:00Z, fin=2025-10-02T22:00:00Z, idAlmacenOrigen=4, idAlmacenDestino=5, capacidadMaximaProductos=580, capacidadOcupadaProductos=0, capacidadSinOcupar=580, capacidadSinOcuparCalc=580}
VueloParaAlgoritmo{id=200, inicio=2025-10-02T13:00:00Z, fin=2025-10-02T23:00:00Z, idAlmacenOrigen=4, idAlmacenDestino=11, capacidadMaximaProductos=560, capacidadOcupadaProductos=0, capacidadSinOcupar=560, capacidadSinOcuparCalc=560}
VueloParaAlgoritmo{id=201, inicio=2025-10-02T14:00:00Z, fin=2025-10-03T00:00:00Z, idAlmacenOrigen=4, idAlmacenDestino=12, capacidadMaximaProductos=540, capacidadOcupadaProductos=0, capacidadSinOcupar=540, capacidadSinOcuparCalc=540}
VueloParaAlgoritmo{id=202, inicio=2025-10-02T15:00:00Z, fin=2025-10-03T01:00:00Z, idAlmacenOrigen=4, idAlmacenDestino=15, capacidadMaximaProductos=600, capacidadOcupadaProductos=0, capacidadSinOcupar=600, capacidadSinOcuparCalc=600}
VueloParaAlgoritmo{id=203, inicio=2025-10-02T16:00:00Z, fin=2025-10-03T00:00:00Z, idAlmacenOrigen=1, idAlmacenDestino=20, capacidadMaximaProductos=600, capacidadOcupadaProductos=0, capacidadSinOcupar=600, capacidadSinOcuparCalc=600}
VueloParaAlgoritmo{id=204, inicio=2025-10-02T17:00:00Z, fin=2025-10-03T01:00:00Z, idAlmacenOrigen=1, idAlmacenDestino=21, capacidadMaximaProductos=580, capacidadOcupadaProductos=0, capacidadSinOcupar=580, capacidadSinOcuparCalc=580}
VueloParaAlgoritmo{id=205, inicio=2025-10-02T18:00:00Z, fin=2025-10-03T02:00:00Z, idAlmacenOrigen=1, idAlmacenDestino=22, capacidadMaximaProductos=560, capacidadOcupadaProductos=0, capacidadSinOcupar=560, capacidadSinOcuparCalc=560}
VueloParaAlgoritmo{id=206, inicio=2025-10-02T19:00:00Z, fin=2025-10-03T03:00:00Z, idAlmacenOrigen=1, idAlmacenDestino=23, capacidadMaximaProductos=540, capacidadOcupadaProductos=0, capacidadSinOcupar=540, capacidadSinOcuparCalc=540}
VueloParaAlgoritmo{id=207, inicio=2025-10-02T20:00:00Z, fin=2025-10-03T06:00:00Z, idAlmacenOrigen=1, idAlmacenDestino=24, capacidadMaximaProductos=520, capacidadOcupadaProductos=0, capacidadSinOcupar=520, capacidadSinOcuparCalc=520}
VueloParaAlgoritmo{id=208, inicio=2025-10-02T05:00:00Z, fin=2025-10-02T07:00:00Z, idAlmacenOrigen=7, idAlmacenDestino=5, capacidadMaximaProductos=420, capacidadOcupadaProductos=0, capacidadSinOcupar=420, capacidadSinOcuparCalc=420}
VueloParaAlgoritmo{id=209, inicio=2025-10-02T08:00:00Z, fin=2025-10-02T10:00:00Z, idAlmacenOrigen=5, idAlmacenDestino=7, capacidadMaximaProductos=420, capacidadOcupadaProductos=0, capacidadSinOcupar=420, capacidadSinOcuparCalc=420}
VueloParaAlgoritmo{id=210, inicio=2025-10-02T06:00:00Z, fin=2025-10-02T08:00:00Z, idAlmacenOrigen=5, idAlmacenDestino=6, capacidadMaximaProductos=380, capacidadOcupadaProductos=0, capacidadSinOcupar=380, capacidadSinOcuparCalc=380}
VueloParaAlgoritmo{id=211, inicio=2025-10-02T09:00:00Z, fin=2025-10-02T11:00:00Z, idAlmacenOrigen=6, idAlmacenDestino=5, capacidadMaximaProductos=380, capacidadOcupadaProductos=0, capacidadSinOcupar=380, capacidadSinOcuparCalc=380}
VueloParaAlgoritmo{id=212, inicio=2025-10-02T07:00:00Z, fin=2025-10-02T10:00:00Z, idAlmacenOrigen=6, idAlmacenDestino=8, capacidadMaximaProductos=360, capacidadOcupadaProductos=0, capacidadSinOcupar=360, capacidadSinOcuparCalc=360}
VueloParaAlgoritmo{id=213, inicio=2025-10-02T11:00:00Z, fin=2025-10-02T14:00:00Z, idAlmacenOrigen=8, idAlmacenDestino=6, capacidadMaximaProductos=360, capacidadOcupadaProductos=0, capacidadSinOcupar=360, capacidadSinOcuparCalc=360}
VueloParaAlgoritmo{id=214, inicio=2025-10-02T08:00:00Z, fin=2025-10-02T11:00:00Z, idAlmacenOrigen=8, idAlmacenDestino=9, capacidadMaximaProductos=400, capacidadOcupadaProductos=0, capacidadSinOcupar=400, capacidadSinOcuparCalc=400}
VueloParaAlgoritmo{id=215, inicio=2025-10-02T12:00:00Z, fin=2025-10-02T15:00:00Z, idAlmacenOrigen=9, idAlmacenDestino=8, capacidadMaximaProductos=400, capacidadOcupadaProductos=0, capacidadSinOcupar=400, capacidadSinOcuparCalc=400}
VueloParaAlgoritmo{id=216, inicio=2025-10-02T09:00:00Z, fin=2025-10-02T12:00:00Z, idAlmacenOrigen=9, idAlmacenDestino=10, capacidadMaximaProductos=420, capacidadOcupadaProductos=0, capacidadSinOcupar=420, capacidadSinOcuparCalc=420}
VueloParaAlgoritmo{id=217, inicio=2025-10-02T13:00:00Z, fin=2025-10-02T16:00:00Z, idAlmacenOrigen=10, idAlmacenDestino=9, capacidadMaximaProductos=420, capacidadOcupadaProductos=0, capacidadSinOcupar=420, capacidadSinOcuparCalc=420}
VueloParaAlgoritmo{id=218, inicio=2025-10-02T10:00:00Z, fin=2025-10-02T13:00:00Z, idAlmacenOrigen=10, idAlmacenDestino=11, capacidadMaximaProductos=380, capacidadOcupadaProductos=0, capacidadSinOcupar=380, capacidadSinOcuparCalc=380}
VueloParaAlgoritmo{id=219, inicio=2025-10-02T14:00:00Z, fin=2025-10-02T17:00:00Z, idAlmacenOrigen=11, idAlmacenDestino=10, capacidadMaximaProductos=380, capacidadOcupadaProductos=0, capacidadSinOcupar=380, capacidadSinOcuparCalc=380}
VueloParaAlgoritmo{id=220, inicio=2025-10-02T11:00:00Z, fin=2025-10-02T14:00:00Z, idAlmacenOrigen=11, idAlmacenDestino=12, capacidadMaximaProductos=400, capacidadOcupadaProductos=0, capacidadSinOcupar=400, capacidadSinOcuparCalc=400}
VueloParaAlgoritmo{id=221, inicio=2025-10-02T15:00:00Z, fin=2025-10-02T18:00:00Z, idAlmacenOrigen=12, idAlmacenDestino=11, capacidadMaximaProductos=400, capacidadOcupadaProductos=0, capacidadSinOcupar=400, capacidadSinOcuparCalc=400}
VueloParaAlgoritmo{id=222, inicio=2025-10-02T12:00:00Z, fin=2025-10-02T14:00:00Z, idAlmacenOrigen=12, idAlmacenDestino=13, capacidadMaximaProductos=360, capacidadOcupadaProductos=0, capacidadSinOcupar=360, capacidadSinOcuparCalc=360}
VueloParaAlgoritmo{id=223, inicio=2025-10-02T16:00:00Z, fin=2025-10-02T18:00:00Z, idAlmacenOrigen=13, idAlmacenDestino=12, capacidadMaximaProductos=360, capacidadOcupadaProductos=0, capacidadSinOcupar=360, capacidadSinOcuparCalc=360}
VueloParaAlgoritmo{id=224, inicio=2025-10-02T13:00:00Z, fin=2025-10-02T15:00:00Z, idAlmacenOrigen=13, idAlmacenDestino=14, capacidadMaximaProductos=340, capacidadOcupadaProductos=0, capacidadSinOcupar=340, capacidadSinOcuparCalc=340}
VueloParaAlgoritmo{id=225, inicio=2025-10-02T17:00:00Z, fin=2025-10-02T19:00:00Z, idAlmacenOrigen=14, idAlmacenDestino=13, capacidadMaximaProductos=340, capacidadOcupadaProductos=0, capacidadSinOcupar=340, capacidadSinOcuparCalc=340}
VueloParaAlgoritmo{id=226, inicio=2025-10-02T14:00:00Z, fin=2025-10-02T18:00:00Z, idAlmacenOrigen=14, idAlmacenDestino=7, capacidadMaximaProductos=420, capacidadOcupadaProductos=0, capacidadSinOcupar=420, capacidadSinOcuparCalc=420}
VueloParaAlgoritmo{id=227, inicio=2025-10-02T19:00:00Z, fin=2025-10-02T23:00:00Z, idAlmacenOrigen=7, idAlmacenDestino=14, capacidadMaximaProductos=420, capacidadOcupadaProductos=0, capacidadSinOcupar=420, capacidadSinOcuparCalc=420}
VueloParaAlgoritmo{id=228, inicio=2025-10-02T06:00:00Z, fin=2025-10-02T10:00:00Z, idAlmacenOrigen=7, idAlmacenDestino=11, capacidadMaximaProductos=440, capacidadOcupadaProductos=0, capacidadSinOcupar=440, capacidadSinOcuparCalc=440}
VueloParaAlgoritmo{id=229, inicio=2025-10-02T11:00:00Z, fin=2025-10-02T15:00:00Z, idAlmacenOrigen=11, idAlmacenDestino=7, capacidadMaximaProductos=440, capacidadOcupadaProductos=0, capacidadSinOcupar=440, capacidadSinOcuparCalc=440}
VueloParaAlgoritmo{id=230, inicio=2025-10-02T07:00:00Z, fin=2025-10-02T12:00:00Z, idAlmacenOrigen=11, idAlmacenDestino=5, capacidadMaximaProductos=420, capacidadOcupadaProductos=0, capacidadSinOcupar=420, capacidadSinOcuparCalc=420}
VueloParaAlgoritmo{id=231, inicio=2025-10-02T13:00:00Z, fin=2025-10-02T18:00:00Z, idAlmacenOrigen=5, idAlmacenDestino=11, capacidadMaximaProductos=420, capacidadOcupadaProductos=0, capacidadSinOcupar=420, capacidadSinOcuparCalc=420}
VueloParaAlgoritmo{id=232, inicio=2025-10-02T08:00:00Z, fin=2025-10-02T14:00:00Z, idAlmacenOrigen=5, idAlmacenDestino=12, capacidadMaximaProductos=420, capacidadOcupadaProductos=0, capacidadSinOcupar=420, capacidadSinOcuparCalc=420}
VueloParaAlgoritmo{id=233, inicio=2025-10-02T15:00:00Z, fin=2025-10-02T21:00:00Z, idAlmacenOrigen=12, idAlmacenDestino=5, capacidadMaximaProductos=420, capacidadOcupadaProductos=0, capacidadSinOcupar=420, capacidadSinOcuparCalc=420}
VueloParaAlgoritmo{id=234, inicio=2025-10-02T09:00:00Z, fin=2025-10-02T15:00:00Z, idAlmacenOrigen=12, idAlmacenDestino=6, capacidadMaximaProductos=400, capacidadOcupadaProductos=0, capacidadSinOcupar=400, capacidadSinOcuparCalc=400}
VueloParaAlgoritmo{id=235, inicio=2025-10-02T16:00:00Z, fin=2025-10-02T22:00:00Z, idAlmacenOrigen=6, idAlmacenDestino=12, capacidadMaximaProductos=400, capacidadOcupadaProductos=0, capacidadSinOcupar=400, capacidadSinOcuparCalc=400}
VueloParaAlgoritmo{id=236, inicio=2025-10-02T10:00:00Z, fin=2025-10-02T16:00:00Z, idAlmacenOrigen=6, idAlmacenDestino=13, capacidadMaximaProductos=380, capacidadOcupadaProductos=0, capacidadSinOcupar=380, capacidadSinOcuparCalc=380}
VueloParaAlgoritmo{id=237, inicio=2025-10-02T17:00:00Z, fin=2025-10-02T23:00:00Z, idAlmacenOrigen=13, idAlmacenDestino=6, capacidadMaximaProductos=380, capacidadOcupadaProductos=0, capacidadSinOcupar=380, capacidadSinOcuparCalc=380}
VueloParaAlgoritmo{id=238, inicio=2025-10-02T05:00:00Z, fin=2025-10-02T11:00:00Z, idAlmacenOrigen=13, idAlmacenDestino=8, capacidadMaximaProductos=360, capacidadOcupadaProductos=0, capacidadSinOcupar=360, capacidadSinOcuparCalc=360}
VueloParaAlgoritmo{id=239, inicio=2025-10-02T12:00:00Z, fin=2025-10-02T18:00:00Z, idAlmacenOrigen=8, idAlmacenDestino=13, capacidadMaximaProductos=360, capacidadOcupadaProductos=0, capacidadSinOcupar=360, capacidadSinOcuparCalc=360}
VueloParaAlgoritmo{id=240, inicio=2025-10-02T06:00:00Z, fin=2025-10-02T12:00:00Z, idAlmacenOrigen=8, idAlmacenDestino=14, capacidadMaximaProductos=400, capacidadOcupadaProductos=0, capacidadSinOcupar=400, capacidadSinOcuparCalc=400}
VueloParaAlgoritmo{id=241, inicio=2025-10-02T13:00:00Z, fin=2025-10-02T19:00:00Z, idAlmacenOrigen=14, idAlmacenDestino=8, capacidadMaximaProductos=400, capacidadOcupadaProductos=0, capacidadSinOcupar=400, capacidadSinOcuparCalc=400}
VueloParaAlgoritmo{id=242, inicio=2025-10-02T07:00:00Z, fin=2025-10-02T11:00:00Z, idAlmacenOrigen=14, idAlmacenDestino=9, capacidadMaximaProductos=420, capacidadOcupadaProductos=0, capacidadSinOcupar=420, capacidadSinOcuparCalc=420}
VueloParaAlgoritmo{id=243, inicio=2025-10-02T12:00:00Z, fin=2025-10-02T16:00:00Z, idAlmacenOrigen=9, idAlmacenDestino=14, capacidadMaximaProductos=420, capacidadOcupadaProductos=0, capacidadSinOcupar=420, capacidadSinOcuparCalc=420}
VueloParaAlgoritmo{id=244, inicio=2025-10-02T08:00:00Z, fin=2025-10-02T12:00:00Z, idAlmacenOrigen=9, idAlmacenDestino=5, capacidadMaximaProductos=420, capacidadOcupadaProductos=0, capacidadSinOcupar=420, capacidadSinOcuparCalc=420}
VueloParaAlgoritmo{id=245, inicio=2025-10-02T13:00:00Z, fin=2025-10-02T17:00:00Z, idAlmacenOrigen=5, idAlmacenDestino=9, capacidadMaximaProductos=420, capacidadOcupadaProductos=0, capacidadSinOcupar=420, capacidadSinOcuparCalc=420}
VueloParaAlgoritmo{id=246, inicio=2025-10-02T09:00:00Z, fin=2025-10-02T11:00:00Z, idAlmacenOrigen=5, idAlmacenDestino=7, capacidadMaximaProductos=420, capacidadOcupadaProductos=0, capacidadSinOcupar=420, capacidadSinOcuparCalc=420}
VueloParaAlgoritmo{id=247, inicio=2025-10-02T14:00:00Z, fin=2025-10-02T16:00:00Z, idAlmacenOrigen=7, idAlmacenDestino=5, capacidadMaximaProductos=420, capacidadOcupadaProductos=0, capacidadSinOcupar=420, capacidadSinOcuparCalc=420}
VueloParaAlgoritmo{id=248, inicio=2025-10-02T05:00:00Z, fin=2025-10-02T07:00:00Z, idAlmacenOrigen=15, idAlmacenDestino=16, capacidadMaximaProductos=300, capacidadOcupadaProductos=0, capacidadSinOcupar=300, capacidadSinOcuparCalc=300}
VueloParaAlgoritmo{id=249, inicio=2025-10-02T08:00:00Z, fin=2025-10-02T10:00:00Z, idAlmacenOrigen=16, idAlmacenDestino=18, capacidadMaximaProductos=300, capacidadOcupadaProductos=0, capacidadSinOcupar=300, capacidadSinOcuparCalc=300}
VueloParaAlgoritmo{id=250, inicio=2025-10-02T06:00:00Z, fin=2025-10-02T08:00:00Z, idAlmacenOrigen=18, idAlmacenDestino=19, capacidadMaximaProductos=320, capacidadOcupadaProductos=0, capacidadSinOcupar=320, capacidadSinOcuparCalc=320}
VueloParaAlgoritmo{id=251, inicio=2025-10-02T09:00:00Z, fin=2025-10-02T21:00:00Z, idAlmacenOrigen=19, idAlmacenDestino=17, capacidadMaximaProductos=320, capacidadOcupadaProductos=0, capacidadSinOcupar=320, capacidadSinOcuparCalc=320}
VueloParaAlgoritmo{id=252, inicio=2025-10-02T11:00:00Z, fin=2025-10-02T13:00:00Z, idAlmacenOrigen=17, idAlmacenDestino=15, capacidadMaximaProductos=320, capacidadOcupadaProductos=0, capacidadSinOcupar=320, capacidadSinOcuparCalc=320}
VueloParaAlgoritmo{id=253, inicio=2025-10-02T12:00:00Z, fin=2025-10-02T14:00:00Z, idAlmacenOrigen=15, idAlmacenDestino=19, capacidadMaximaProductos=320, capacidadOcupadaProductos=0, capacidadSinOcupar=320, capacidadSinOcuparCalc=320}
VueloParaAlgoritmo{id=254, inicio=2025-10-02T13:00:00Z, fin=2025-10-02T15:00:00Z, idAlmacenOrigen=19, idAlmacenDestino=16, capacidadMaximaProductos=320, capacidadOcupadaProductos=0, capacidadSinOcupar=320, capacidadSinOcuparCalc=320}
VueloParaAlgoritmo{id=255, inicio=2025-10-02T14:00:00Z, fin=2025-10-02T21:00:00Z, idAlmacenOrigen=16, idAlmacenDestino=17, capacidadMaximaProductos=320, capacidadOcupadaProductos=0, capacidadSinOcupar=320, capacidadSinOcuparCalc=320}
VueloParaAlgoritmo{id=256, inicio=2025-10-02T15:00:00Z, fin=2025-10-02T17:00:00Z, idAlmacenOrigen=17, idAlmacenDestino=18, capacidadMaximaProductos=320, capacidadOcupadaProductos=0, capacidadSinOcupar=320, capacidadSinOcuparCalc=320}
VueloParaAlgoritmo{id=257, inicio=2025-10-02T16:00:00Z, fin=2025-10-02T18:00:00Z, idAlmacenOrigen=18, idAlmacenDestino=15, capacidadMaximaProductos=320, capacidadOcupadaProductos=0, capacidadSinOcupar=320, capacidadSinOcuparCalc=320}
VueloParaAlgoritmo{id=258, inicio=2025-10-02T05:00:00Z, fin=2025-10-02T09:00:00Z, idAlmacenOrigen=20, idAlmacenDestino=21, capacidadMaximaProductos=420, capacidadOcupadaProductos=0, capacidadSinOcupar=420, capacidadSinOcuparCalc=420}
VueloParaAlgoritmo{id=259, inicio=2025-10-02T08:00:00Z, fin=2025-10-02T12:00:00Z, idAlmacenOrigen=21, idAlmacenDestino=22, capacidadMaximaProductos=380, capacidadOcupadaProductos=0, capacidadSinOcupar=380, capacidadSinOcuparCalc=380}
VueloParaAlgoritmo{id=260, inicio=2025-10-02T09:00:00Z, fin=2025-10-02T14:00:00Z, idAlmacenOrigen=22, idAlmacenDestino=23, capacidadMaximaProductos=380, capacidadOcupadaProductos=0, capacidadSinOcupar=380, capacidadSinOcuparCalc=380}
VueloParaAlgoritmo{id=261, inicio=2025-10-02T10:00:00Z, fin=2025-10-02T16:00:00Z, idAlmacenOrigen=23, idAlmacenDestino=24, capacidadMaximaProductos=420, capacidadOcupadaProductos=0, capacidadSinOcupar=420, capacidadSinOcuparCalc=420}
VueloParaAlgoritmo{id=262, inicio=2025-10-02T11:00:00Z, fin=2025-10-02T17:00:00Z, idAlmacenOrigen=24, idAlmacenDestino=20, capacidadMaximaProductos=420, capacidadOcupadaProductos=0, capacidadSinOcupar=420, capacidadSinOcuparCalc=420}
VueloParaAlgoritmo{id=263, inicio=2025-10-02T12:00:00Z, fin=2025-10-02T15:00:00Z, idAlmacenOrigen=20, idAlmacenDestino=22, capacidadMaximaProductos=380, capacidadOcupadaProductos=0, capacidadSinOcupar=380, capacidadSinOcuparCalc=380}
VueloParaAlgoritmo{id=264, inicio=2025-10-02T13:00:00Z, fin=2025-10-02T19:00:00Z, idAlmacenOrigen=22, idAlmacenDestino=24, capacidadMaximaProductos=420, capacidadOcupadaProductos=0, capacidadSinOcupar=420, capacidadSinOcuparCalc=420}
VueloParaAlgoritmo{id=265, inicio=2025-10-02T14:00:00Z, fin=2025-10-02T20:00:00Z, idAlmacenOrigen=24, idAlmacenDestino=21, capacidadMaximaProductos=420, capacidadOcupadaProductos=0, capacidadSinOcupar=420, capacidadSinOcuparCalc=420}
VueloParaAlgoritmo{id=266, inicio=2025-10-02T15:00:00Z, fin=2025-10-02T18:00:00Z, idAlmacenOrigen=21, idAlmacenDestino=23, capacidadMaximaProductos=380, capacidadOcupadaProductos=0, capacidadSinOcupar=380, capacidadSinOcuparCalc=380}
VueloParaAlgoritmo{id=267, inicio=2025-10-02T16:00:00Z, fin=2025-10-02T19:00:00Z, idAlmacenOrigen=23, idAlmacenDestino=20, capacidadMaximaProductos=380, capacidadOcupadaProductos=0, capacidadSinOcupar=380, capacidadSinOcuparCalc=380}
VueloParaAlgoritmo{id=268, inicio=2025-10-02T07:00:00Z, fin=2025-10-02T15:00:00Z, idAlmacenOrigen=15, idAlmacenDestino=7, capacidadMaximaProductos=520, capacidadOcupadaProductos=0, capacidadSinOcupar=520, capacidadSinOcuparCalc=520}
VueloParaAlgoritmo{id=269, inicio=2025-10-02T16:00:00Z, fin=2025-10-03T00:00:00Z, idAlmacenOrigen=7, idAlmacenDestino=15, capacidadMaximaProductos=520, capacidadOcupadaProductos=0, capacidadSinOcupar=520, capacidadSinOcuparCalc=520}
VueloParaAlgoritmo{id=270, inicio=2025-10-02T08:00:00Z, fin=2025-10-02T16:00:00Z, idAlmacenOrigen=16, idAlmacenDestino=5, capacidadMaximaProductos=520, capacidadOcupadaProductos=0, capacidadSinOcupar=520, capacidadSinOcuparCalc=520}
VueloParaAlgoritmo{id=271, inicio=2025-10-02T17:00:00Z, fin=2025-10-03T01:00:00Z, idAlmacenOrigen=5, idAlmacenDestino=16, capacidadMaximaProductos=520, capacidadOcupadaProductos=0, capacidadSinOcupar=520, capacidadSinOcuparCalc=520}
VueloParaAlgoritmo{id=272, inicio=2025-10-02T09:00:00Z, fin=2025-10-02T19:00:00Z, idAlmacenOrigen=17, idAlmacenDestino=11, capacidadMaximaProductos=520, capacidadOcupadaProductos=0, capacidadSinOcupar=520, capacidadSinOcuparCalc=520}
VueloParaAlgoritmo{id=273, inicio=2025-10-02T20:00:00Z, fin=2025-10-03T06:00:00Z, idAlmacenOrigen=11, idAlmacenDestino=17, capacidadMaximaProductos=520, capacidadOcupadaProductos=0, capacidadSinOcupar=520, capacidadSinOcuparCalc=520}
VueloParaAlgoritmo{id=274, inicio=2025-10-02T10:00:00Z, fin=2025-10-02T20:00:00Z, idAlmacenOrigen=18, idAlmacenDestino=12, capacidadMaximaProductos=520, capacidadOcupadaProductos=0, capacidadSinOcupar=520, capacidadSinOcuparCalc=520}
VueloParaAlgoritmo{id=275, inicio=2025-10-02T07:00:00Z, fin=2025-10-02T21:00:00Z, idAlmacenOrigen=12, idAlmacenDestino=18, capacidadMaximaProductos=520, capacidadOcupadaProductos=0, capacidadSinOcupar=520, capacidadSinOcuparCalc=520}
VueloParaAlgoritmo{id=276, inicio=2025-10-02T11:00:00Z, fin=2025-10-02T21:00:00Z, idAlmacenOrigen=19, idAlmacenDestino=9, capacidadMaximaProductos=520, capacidadOcupadaProductos=0, capacidadSinOcupar=520, capacidadSinOcuparCalc=520}
VueloParaAlgoritmo{id=277, inicio=2025-10-02T08:00:00Z, fin=2025-10-02T22:00:00Z, idAlmacenOrigen=9, idAlmacenDestino=19, capacidadMaximaProductos=520, capacidadOcupadaProductos=0, capacidadSinOcupar=520, capacidadSinOcuparCalc=520}
PedidoParaAlgoritmo{id=1, idAlmacenDestino=17, pedidas=800, entregadas=0, programadas=0, restante=800}

[2025-09-30T22:53:39.252818]  Contexto: [2025-10-01T03:53:39.240010Z] Intervalo planificacion minutos: 240
[2025-09-30T22:53:39.254054]  Contexto: [2025-10-01T03:53:33.631429Z] Ahora son las: 2025-10-01T03:53:33.631429Z
[2025-09-30T22:53:39.254234]  Contexto: [2025-10-01T03:53:33.631429Z] EventoLlegadaPedido: Pedido 1 ha llegado: 800 productos hacia almacén 17
[2025-09-30T22:53:39.254309]  Contexto: [2025-10-01T03:53:39.240010Z] Ahora son las: 2025-10-01T03:53:39.240010Z
[2025-09-30T22:53:39.254358]  Contexto: [2025-10-01T03:53:39.240010Z] EventoTriggerPlanificacion: comenzando a planificar!
[2025-09-30T22:53:39.254527]  Contexto: [2025-10-01T03:53:39.240010Z] EventoTriggerPlanificacion: Creé DTO de planif (forma realizar planificación): RealizarPlanificacionDTO(estrategiaFija=PROFUNDA, parametros=null, idSimulacion=1, seed=1, subCarpetaReportes=Simulación_1_20250930-225339092)
[2025-09-30T22:53:39.288937]  Contexto: [2025-10-01T03:53:39.240010Z] EventoTriggerPlanificacion: salida planificación num rutas: 2
[2025-09-30T22:53:39.289067]  Contexto: [2025-10-01T03:53:39.240010Z] EventoTriggerPlanificacion: COLAPSO DETECTADO en 2025-10-01T03:53:39.240010Z
[2025-09-30T22:53:39.289524]  Contexto: [2025-10-01T03:53:39.240010Z] Métrica tiempo_hasta_colapso_minutos: -4.00
[2025-09-30T22:53:39.289616]  Contexto: [2025-10-01T03:53:39.240010Z] Motor: colapso detectado -> detener simulación, razón colapso: 
Morí.
