INFO:  latexindent.pl version 3.24.7, 2025-08-15, a script to indent .tex files
       latexindent.pl lives here: D:/MiKTeX/scripts/latexindent/
       Tue Sep 30 17:09:02 2025
       Filename: e:/data.lmthelex.lm/pr0j3cts.data.lmthelex.lm/pdds/data-generator/docs/design_of_experiment/ch/__latexindent_temp_ch-doe.tex
INFO:  Processing switches:
       -y|--yaml: YAML settings specified via command line
       -c|--cruft: cruft directory
INFO:  Directory for backup files and log file e:\data.lmthelex.lm\pr0j3cts.data.lmthelex.lm\pdds\data-generator\docs\design_of_experiment\indent.log:
       e:\data.lmthelex.lm\pr0j3cts.data.lmthelex.lm\pdds\data-generator\docs\design_of_experiment\
INFO:  Perl modules are being loaded from the following directories:
       D:/Strawberry/perl/lib/FindBin.pm
       D:/Strawberry/perl/vendor/lib/YAML/Tiny.pm
       D:/Strawberry/perl/lib/File/Copy.pm
       D:/Strawberry/perl/lib/File/Basename.pm
       D:/Strawberry/perl/lib/Getopt/Long.pm
       D:/Strawberry/perl/vendor/lib/File/HomeDir.pm
INFO:  LatexIndent perl modules are being loaded from, for example:
       D:/MiKTeX/scripts/latexindent/LatexIndent/Document.pm
INFO:  YAML settings read: defaultSettings.yaml
       Reading defaultSettings.yaml from D:/MiKTeX/scripts/latexindent/defaultSettings.yaml
INFO:  YAML reading settings
       Home directory is C:\Users\lmthelex
       latexindent.pl didn't find indentconfig.yaml or .indentconfig.yaml
       see all possible locations: https://latexindentpl.readthedocs.io/en/latest/sec-appendices.html#indentconfig-options)
INFO:  YAML settings read: -y switch
       YAML setting: defaultIndent:'    '
       single-quoted string found in -y switch: '    ', substitute to     
       Updating mainSettings with defaultIndent:     
INFO:  Phase 1: searching for objects
INFO:  Phase 2: finding surrounding indentation
INFO:  Phase 3: indenting objects
INFO:  Phase 4: final indentation check
INFO:  Output routine:
       Not outputting to file; see -w and -o switches for more options.
       --------------
INFO:  Please direct all communication/issues to:
        https://github.com/cmhughes/latexindent.pl
